Java HotSpot(TM) 64-Bit Server VM (25.241-b07) for bsd-amd64 JRE (1.8.0_241-b07), built on Dec 11 2019 02:29:59 by "java_re" with gcc 4.2.1 (Based on Apple Inc. build 5658) (LLVM build 2336.11.00)
Memory: 4k page, physical 8388608k(111768k free)

/proc/meminfo:

CommandLine flags: -XX:+ExplicitGCInvokesConcurrent -XX:GCLogFileSize=104857600 -XX:InitialHeapSize=1073741824 -XX:InitiatingHeapOccupancyPercent=35 -XX:+ManagementServer -XX:MaxGCPauseMillis=20 -XX:MaxHeapSize=1073741824 -XX:NumberOfGCLogFiles=10 -XX:+PrintGC -XX:+PrintGCDateStamps -XX:+PrintGCDetails -XX:+PrintGCTimeStamps -XX:+UseCompressedClassPointers -XX:+UseCompressedOops -XX:+UseG1GC -XX:+UseGCLogFileRotation 
2020-04-15T01:39:25.106+0800: 1.167: [GC pause (G1 Evacuation Pause) (young), 0.0134538 secs]
   [Parallel Time: 6.9 ms, GC Workers: 4]
      [GC Worker Start (ms): Min: 1167.8, Avg: 1167.8, Max: 1167.8, Diff: 0.0]
      [Ext Root Scanning (ms): Min: 1.2, Avg: 1.6, Max: 2.6, Diff: 1.5, Sum: 6.5]
      [Update RS (ms): Min: 0.0, Avg: 0.0, Max: 0.0, Diff: 0.0, Sum: 0.0]
         [Processed Buffers: Min: 0, Avg: 0.0, Max: 0, Diff: 0, Sum: 0]
      [Scan RS (ms): Min: 0.0, Avg: 0.0, Max: 0.0, Diff: 0.0, Sum: 0.0]
      [Code Root Scanning (ms): Min: 0.0, Avg: 0.2, Max: 0.5, Diff: 0.5, Sum: 0.9]
      [Object Copy (ms): Min: 3.5, Avg: 4.1, Max: 4.6, Diff: 1.1, Sum: 16.4]
      [Termination (ms): Min: 0.0, Avg: 0.0, Max: 0.0, Diff: 0.0, Sum: 0.0]
         [Termination Attempts: Min: 1, Avg: 6.0, Max: 12, Diff: 11, Sum: 24]
      [GC Worker Other (ms): Min: 0.3, Avg: 0.5, Max: 0.6, Diff: 0.3, Sum: 2.0]
      [GC Worker Total (ms): Min: 6.5, Avg: 6.5, Max: 6.5, Diff: 0.0, Sum: 25.9]
      [GC Worker End (ms): Min: 1174.3, Avg: 1174.3, Max: 1174.3, Diff: 0.0]
   [Code Root Fixup: 0.0 ms]
   [Code Root Purge: 0.0 ms]
   [Clear CT: 0.1 ms]
   [Other: 6.4 ms]
      [Choose CSet: 0.0 ms]
      [Ref Proc: 5.2 ms]
      [Ref Enq: 0.0 ms]
      [Redirty Cards: 0.0 ms]
      [Humongous Register: 0.0 ms]
      [Humongous Reclaim: 0.0 ms]
      [Free CSet: 0.1 ms]
   [Eden: 51.0M(51.0M)->0.0B(44.0M) Survivors: 0.0B->7168.0K Heap: 51.0M(1024.0M)->8516.5K(1024.0M)]
 [Times: user=0.03 sys=0.00, real=0.02 secs] 
2020-04-15T01:39:25.730+0800: 1.791: [GC pause (Metadata GC Threshold) (young) (initial-mark), 0.0066842 secs]
   [Parallel Time: 4.4 ms, GC Workers: 4]
      [GC Worker Start (ms): Min: 1791.0, Avg: 1791.0, Max: 1791.0, Diff: 0.1]
      [Ext Root Scanning (ms): Min: 0.8, Avg: 0.9, Max: 1.0, Diff: 0.3, Sum: 3.8]
      [Update RS (ms): Min: 0.0, Avg: 0.2, Max: 0.5, Diff: 0.5, Sum: 0.9]
         [Processed Buffers: Min: 0, Avg: 0.5, Max: 1, Diff: 1, Sum: 2]
      [Scan RS (ms): Min: 0.0, Avg: 0.0, Max: 0.0, Diff: 0.0, Sum: 0.0]
      [Code Root Scanning (ms): Min: 0.0, Avg: 0.2, Max: 0.9, Diff: 0.9, Sum: 0.9]
      [Object Copy (ms): Min: 2.6, Avg: 2.8, Max: 3.1, Diff: 0.5, Sum: 11.3]
      [Termination (ms): Min: 0.0, Avg: 0.0, Max: 0.0, Diff: 0.0, Sum: 0.0]
         [Termination Attempts: Min: 1, Avg: 1.0, Max: 1, Diff: 0, Sum: 4]
      [GC Worker Other (ms): Min: 0.0, Avg: 0.0, Max: 0.0, Diff: 0.0, Sum: 0.0]
      [GC Worker Total (ms): Min: 4.2, Avg: 4.2, Max: 4.3, Diff: 0.1, Sum: 16.9]
      [GC Worker End (ms): Min: 1795.2, Avg: 1795.2, Max: 1795.2, Diff: 0.0]
   [Code Root Fixup: 0.0 ms]
   [Code Root Purge: 0.0 ms]
   [Clear CT: 0.1 ms]
   [Other: 2.2 ms]
      [Choose CSet: 0.0 ms]
      [Ref Proc: 2.0 ms]
      [Ref Enq: 0.0 ms]
      [Redirty Cards: 0.0 ms]
      [Humongous Register: 0.0 ms]
      [Humongous Reclaim: 0.0 ms]
      [Free CSet: 0.1 ms]
   [Eden: 32.0M(44.0M)->0.0B(44.0M) Survivors: 7168.0K->7168.0K Heap: 167.5M(1024.0M)->138.4M(1024.0M)]
 [Times: user=0.02 sys=0.00, real=0.00 secs] 
2020-04-15T01:39:25.737+0800: 1.798: [GC concurrent-root-region-scan-start]
2020-04-15T01:39:25.742+0800: 1.802: [GC concurrent-root-region-scan-end, 0.0045741 secs]
2020-04-15T01:39:25.742+0800: 1.802: [GC concurrent-mark-start]
2020-04-15T01:39:25.742+0800: 1.803: [GC concurrent-mark-end, 0.0006235 secs]
2020-04-15T01:39:25.743+0800: 1.803: [GC remark 2020-04-15T01:39:25.743+0800: 1.803: [Finalize Marking, 0.0006705 secs] 2020-04-15T01:39:25.743+0800: 1.804: [GC ref-proc, 0.0000432 secs] 2020-04-15T01:39:25.743+0800: 1.804: [Unloading, 0.0027070 secs], 0.0045461 secs]
 [Times: user=0.02 sys=0.00, real=0.00 secs] 
2020-04-15T01:39:25.747+0800: 1.808: [GC cleanup 139M->138M(1024M), 0.0005870 secs]
 [Times: user=0.00 sys=0.00, real=0.00 secs] 
2020-04-15T01:39:25.748+0800: 1.808: [GC concurrent-cleanup-start]
2020-04-15T01:39:25.748+0800: 1.808: [GC concurrent-cleanup-end, 0.0000083 secs]
2020-04-15T01:39:26.222+0800: 2.282: [GC pause (G1 Evacuation Pause) (young), 0.0091400 secs]
   [Parallel Time: 7.0 ms, GC Workers: 4]
      [GC Worker Start (ms): Min: 2282.3, Avg: 2282.3, Max: 2282.3, Diff: 0.1]
      [Ext Root Scanning (ms): Min: 0.7, Avg: 1.1, Max: 1.8, Diff: 1.0, Sum: 4.4]
      [Update RS (ms): Min: 0.0, Avg: 0.1, Max: 0.3, Diff: 0.3, Sum: 0.5]
         [Processed Buffers: Min: 0, Avg: 1.0, Max: 3, Diff: 3, Sum: 4]
      [Scan RS (ms): Min: 0.0, Avg: 0.0, Max: 0.0, Diff: 0.0, Sum: 0.0]
      [Code Root Scanning (ms): Min: 0.0, Avg: 0.5, Max: 1.0, Diff: 1.0, Sum: 1.9]
      [Object Copy (ms): Min: 4.9, Avg: 5.2, Max: 5.7, Diff: 0.9, Sum: 20.8]
      [Termination (ms): Min: 0.0, Avg: 0.0, Max: 0.0, Diff: 0.0, Sum: 0.0]
         [Termination Attempts: Min: 1, Avg: 6.8, Max: 10, Diff: 9, Sum: 27]
      [GC Worker Other (ms): Min: 0.0, Avg: 0.0, Max: 0.0, Diff: 0.0, Sum: 0.0]
      [GC Worker Total (ms): Min: 6.9, Avg: 6.9, Max: 6.9, Diff: 0.1, Sum: 27.6]
      [GC Worker End (ms): Min: 2289.2, Avg: 2289.2, Max: 2289.2, Diff: 0.0]
   [Code Root Fixup: 0.1 ms]
   [Code Root Purge: 0.0 ms]
   [Clear CT: 0.1 ms]
   [Other: 2.0 ms]
      [Choose CSet: 0.0 ms]
      [Ref Proc: 1.6 ms]
      [Ref Enq: 0.0 ms]
      [Redirty Cards: 0.1 ms]
      [Humongous Register: 0.0 ms]
      [Humongous Reclaim: 0.0 ms]
      [Free CSet: 0.1 ms]
   [Eden: 44.0M(44.0M)->0.0B(44.0M) Survivors: 7168.0K->7168.0K Heap: 181.4M(1024.0M)->143.7M(1024.0M)]
 [Times: user=0.03 sys=0.00, real=0.01 secs] 
2020-04-15T01:50:35.045+0800: 671.096: [GC pause (G1 Evacuation Pause) (young), 0.0131254 secs]
   [Parallel Time: 10.2 ms, GC Workers: 4]
      [GC Worker Start (ms): Min: 671096.6, Avg: 671096.9, Max: 671097.2, Diff: 0.6]
      [Ext Root Scanning (ms): Min: 0.9, Avg: 1.3, Max: 2.3, Diff: 1.5, Sum: 5.3]
      [Update RS (ms): Min: 0.2, Avg: 1.0, Max: 2.4, Diff: 2.1, Sum: 4.2]
         [Processed Buffers: Min: 1, Avg: 6.0, Max: 10, Diff: 9, Sum: 24]
      [Scan RS (ms): Min: 0.0, Avg: 0.3, Max: 0.6, Diff: 0.6, Sum: 1.1]
      [Code Root Scanning (ms): Min: 0.0, Avg: 0.4, Max: 0.6, Diff: 0.6, Sum: 1.6]
      [Object Copy (ms): Min: 6.2, Avg: 6.7, Max: 7.0, Diff: 0.8, Sum: 26.7]
      [Termination (ms): Min: 0.0, Avg: 0.0, Max: 0.0, Diff: 0.0, Sum: 0.0]
         [Termination Attempts: Min: 1, Avg: 1.0, Max: 1, Diff: 0, Sum: 4]
      [GC Worker Other (ms): Min: 0.0, Avg: 0.0, Max: 0.0, Diff: 0.0, Sum: 0.1]
      [GC Worker Total (ms): Min: 9.5, Avg: 9.8, Max: 10.1, Diff: 0.6, Sum: 39.1]
      [GC Worker End (ms): Min: 671106.7, Avg: 671106.7, Max: 671106.7, Diff: 0.0]
   [Code Root Fixup: 0.0 ms]
   [Code Root Purge: 0.0 ms]
   [Clear CT: 0.1 ms]
   [Other: 2.8 ms]
      [Choose CSet: 0.0 ms]
      [Ref Proc: 2.5 ms]
      [Ref Enq: 0.0 ms]
      [Redirty Cards: 0.0 ms]
      [Humongous Register: 0.0 ms]
      [Humongous Reclaim: 0.0 ms]
      [Free CSet: 0.1 ms]
   [Eden: 44.0M(44.0M)->0.0B(44.0M) Survivors: 7168.0K->7168.0K Heap: 187.7M(1024.0M)->145.5M(1024.0M)]
 [Times: user=0.03 sys=0.00, real=0.03 secs] 
2020-04-15T01:54:50.782+0800: 926.829: [GC pause (G1 Evacuation Pause) (young), 0.0086276 secs]
   [Parallel Time: 8.0 ms, GC Workers: 4]
      [GC Worker Start (ms): Min: 926829.2, Avg: 926829.2, Max: 926829.3, Diff: 0.0]
      [Ext Root Scanning (ms): Min: 0.5, Avg: 0.8, Max: 1.4, Diff: 0.9, Sum: 3.1]
      [Update RS (ms): Min: 0.0, Avg: 0.4, Max: 0.5, Diff: 0.5, Sum: 1.5]
         [Processed Buffers: Min: 0, Avg: 4.5, Max: 11, Diff: 11, Sum: 18]
      [Scan RS (ms): Min: 0.0, Avg: 0.1, Max: 0.2, Diff: 0.2, Sum: 0.3]
      [Code Root Scanning (ms): Min: 0.0, Avg: 0.4, Max: 0.8, Diff: 0.8, Sum: 1.6]
      [Object Copy (ms): Min: 6.0, Avg: 6.3, Max: 6.7, Diff: 0.7, Sum: 25.3]
      [Termination (ms): Min: 0.0, Avg: 0.0, Max: 0.0, Diff: 0.0, Sum: 0.0]
         [Termination Attempts: Min: 1, Avg: 1.0, Max: 1, Diff: 0, Sum: 4]
      [GC Worker Other (ms): Min: 0.0, Avg: 0.0, Max: 0.0, Diff: 0.0, Sum: 0.1]
      [GC Worker Total (ms): Min: 7.9, Avg: 8.0, Max: 8.0, Diff: 0.0, Sum: 31.8]
      [GC Worker End (ms): Min: 926837.2, Avg: 926837.2, Max: 926837.2, Diff: 0.0]
   [Code Root Fixup: 0.0 ms]
   [Code Root Purge: 0.0 ms]
   [Clear CT: 0.1 ms]
   [Other: 0.5 ms]
      [Choose CSet: 0.0 ms]
      [Ref Proc: 0.2 ms]
      [Ref Enq: 0.0 ms]
      [Redirty Cards: 0.1 ms]
      [Humongous Register: 0.0 ms]
      [Humongous Reclaim: 0.0 ms]
      [Free CSet: 0.1 ms]
   [Eden: 44.0M(44.0M)->0.0B(48.0M) Survivors: 7168.0K->3072.0K Heap: 189.5M(1024.0M)->145.9M(1024.0M)]
 [Times: user=0.03 sys=0.00, real=0.01 secs] 
2020-04-15T02:00:03.711+0800: 1239.754: [GC pause (G1 Evacuation Pause) (young), 0.0075429 secs]
   [Parallel Time: 6.9 ms, GC Workers: 4]
      [GC Worker Start (ms): Min: 1239754.2, Avg: 1239754.2, Max: 1239754.2, Diff: 0.0]
      [Ext Root Scanning (ms): Min: 0.4, Avg: 0.5, Max: 0.6, Diff: 0.2, Sum: 2.0]
      [Update RS (ms): Min: 1.5, Avg: 1.6, Max: 1.9, Diff: 0.4, Sum: 6.5]
         [Processed Buffers: Min: 4, Avg: 13.0, Max: 30, Diff: 26, Sum: 52]
      [Scan RS (ms): Min: 0.0, Avg: 0.2, Max: 0.4, Diff: 0.3, Sum: 1.0]
      [Code Root Scanning (ms): Min: 0.0, Avg: 0.3, Max: 0.6, Diff: 0.6, Sum: 1.1]
      [Object Copy (ms): Min: 4.0, Avg: 4.2, Max: 4.5, Diff: 0.6, Sum: 16.9]
      [Termination (ms): Min: 0.0, Avg: 0.0, Max: 0.0, Diff: 0.0, Sum: 0.0]
         [Termination Attempts: Min: 1, Avg: 1.8, Max: 2, Diff: 1, Sum: 7]
      [GC Worker Other (ms): Min: 0.0, Avg: 0.0, Max: 0.0, Diff: 0.0, Sum: 0.1]
      [GC Worker Total (ms): Min: 6.9, Avg: 6.9, Max: 6.9, Diff: 0.0, Sum: 27.5]
      [GC Worker End (ms): Min: 1239761.0, Avg: 1239761.0, Max: 1239761.1, Diff: 0.0]
   [Code Root Fixup: 0.0 ms]
   [Code Root Purge: 0.0 ms]
   [Clear CT: 0.1 ms]
   [Other: 0.5 ms]
      [Choose CSet: 0.0 ms]
      [Ref Proc: 0.2 ms]
      [Ref Enq: 0.0 ms]
      [Redirty Cards: 0.0 ms]
      [Humongous Register: 0.0 ms]
      [Humongous Reclaim: 0.0 ms]
      [Free CSet: 0.0 ms]
   [Eden: 48.0M(48.0M)->0.0B(46.0M) Survivors: 3072.0K->5120.0K Heap: 193.9M(1024.0M)->147.9M(1024.0M)]
 [Times: user=0.02 sys=0.00, real=0.01 secs] 
2020-04-15T02:05:11.080+0800: 1547.119: [GC pause (G1 Evacuation Pause) (young), 0.0070571 secs]
   [Parallel Time: 6.3 ms, GC Workers: 4]
      [GC Worker Start (ms): Min: 1547119.1, Avg: 1547119.1, Max: 1547119.2, Diff: 0.1]
      [Ext Root Scanning (ms): Min: 0.6, Avg: 0.7, Max: 0.9, Diff: 0.3, Sum: 2.9]
      [Update RS (ms): Min: 0.4, Avg: 0.6, Max: 0.8, Diff: 0.5, Sum: 2.3]
         [Processed Buffers: Min: 1, Avg: 5.5, Max: 17, Diff: 16, Sum: 22]
      [Scan RS (ms): Min: 0.0, Avg: 0.0, Max: 0.0, Diff: 0.0, Sum: 0.0]
      [Code Root Scanning (ms): Min: 0.0, Avg: 0.3, Max: 0.7, Diff: 0.7, Sum: 1.3]
      [Object Copy (ms): Min: 4.3, Avg: 4.5, Max: 4.6, Diff: 0.3, Sum: 18.0]
      [Termination (ms): Min: 0.0, Avg: 0.0, Max: 0.1, Diff: 0.1, Sum: 0.2]
         [Termination Attempts: Min: 1, Avg: 1.8, Max: 2, Diff: 1, Sum: 7]
      [GC Worker Other (ms): Min: 0.0, Avg: 0.0, Max: 0.0, Diff: 0.0, Sum: 0.1]
      [GC Worker Total (ms): Min: 6.2, Avg: 6.2, Max: 6.2, Diff: 0.1, Sum: 24.8]
      [GC Worker End (ms): Min: 1547125.3, Avg: 1547125.3, Max: 1547125.3, Diff: 0.0]
   [Code Root Fixup: 0.0 ms]
   [Code Root Purge: 0.0 ms]
   [Clear CT: 0.1 ms]
   [Other: 0.6 ms]
      [Choose CSet: 0.0 ms]
      [Ref Proc: 0.1 ms]
      [Ref Enq: 0.0 ms]
      [Redirty Cards: 0.1 ms]
      [Humongous Register: 0.2 ms]
      [Humongous Reclaim: 0.0 ms]
      [Free CSet: 0.0 ms]
   [Eden: 46.0M(46.0M)->0.0B(46.0M) Survivors: 5120.0K->5120.0K Heap: 193.9M(1024.0M)->147.9M(1024.0M)]
 [Times: user=0.03 sys=0.00, real=0.01 secs] 
2020-04-15T02:08:38.363+0800: 1754.398: [GC pause (G1 Evacuation Pause) (young), 0.0122492 secs]
   [Parallel Time: 11.7 ms, GC Workers: 4]
      [GC Worker Start (ms): Min: 1754398.3, Avg: 1754398.4, Max: 1754398.5, Diff: 0.1]
      [Ext Root Scanning (ms): Min: 0.4, Avg: 0.5, Max: 0.7, Diff: 0.3, Sum: 2.2]
      [Update RS (ms): Min: 0.7, Avg: 1.1, Max: 2.3, Diff: 1.6, Sum: 4.6]
         [Processed Buffers: Min: 1, Avg: 6.2, Max: 15, Diff: 14, Sum: 25]
      [Scan RS (ms): Min: 0.0, Avg: 0.0, Max: 0.0, Diff: 0.0, Sum: 0.0]
      [Code Root Scanning (ms): Min: 0.0, Avg: 0.3, Max: 0.5, Diff: 0.5, Sum: 1.0]
      [Object Copy (ms): Min: 7.7, Avg: 8.9, Max: 10.0, Diff: 2.3, Sum: 35.7]
      [Termination (ms): Min: 0.0, Avg: 0.6, Max: 1.1, Diff: 1.1, Sum: 2.5]
         [Termination Attempts: Min: 1, Avg: 1.0, Max: 1, Diff: 0, Sum: 4]
      [GC Worker Other (ms): Min: 0.0, Avg: 0.0, Max: 0.0, Diff: 0.0, Sum: 0.1]
      [GC Worker Total (ms): Min: 11.4, Avg: 11.5, Max: 11.6, Diff: 0.1, Sum: 46.0]
      [GC Worker End (ms): Min: 1754409.8, Avg: 1754409.9, Max: 1754410.0, Diff: 0.2]
   [Code Root Fixup: 0.0 ms]
   [Code Root Purge: 0.0 ms]
   [Clear CT: 0.0 ms]
   [Other: 0.5 ms]
      [Choose CSet: 0.0 ms]
      [Ref Proc: 0.2 ms]
      [Ref Enq: 0.0 ms]
      [Redirty Cards: 0.1 ms]
      [Humongous Register: 0.0 ms]
      [Humongous Reclaim: 0.0 ms]
      [Free CSet: 0.0 ms]
   [Eden: 46.0M(46.0M)->0.0B(46.0M) Survivors: 5120.0K->5120.0K Heap: 193.9M(1024.0M)->148.4M(1024.0M)]
 [Times: user=0.03 sys=0.00, real=0.01 secs] 
2020-04-15T02:11:24.178+0800: 1920.211: [GC pause (G1 Evacuation Pause) (young), 0.0054966 secs]
   [Parallel Time: 4.8 ms, GC Workers: 4]
      [GC Worker Start (ms): Min: 1920211.0, Avg: 1920211.3, Max: 1920211.9, Diff: 0.9]
      [Ext Root Scanning (ms): Min: 0.0, Avg: 0.5, Max: 0.8, Diff: 0.8, Sum: 2.1]
      [Update RS (ms): Min: 0.4, Avg: 0.6, Max: 0.9, Diff: 0.4, Sum: 2.4]
         [Processed Buffers: Min: 1, Avg: 6.2, Max: 20, Diff: 19, Sum: 25]
      [Scan RS (ms): Min: 0.0, Avg: 0.0, Max: 0.0, Diff: 0.0, Sum: 0.0]
      [Code Root Scanning (ms): Min: 0.0, Avg: 0.4, Max: 0.9, Diff: 0.9, Sum: 1.8]
      [Object Copy (ms): Min: 2.6, Avg: 2.9, Max: 3.3, Diff: 0.7, Sum: 11.6]
      [Termination (ms): Min: 0.0, Avg: 0.0, Max: 0.0, Diff: 0.0, Sum: 0.0]
         [Termination Attempts: Min: 1, Avg: 1.0, Max: 1, Diff: 0, Sum: 4]
      [GC Worker Other (ms): Min: 0.0, Avg: 0.0, Max: 0.0, Diff: 0.0, Sum: 0.1]
      [GC Worker Total (ms): Min: 3.9, Avg: 4.5, Max: 4.8, Diff: 0.9, Sum: 17.9]
      [GC Worker End (ms): Min: 1920215.8, Avg: 1920215.8, Max: 1920215.8, Diff: 0.0]
   [Code Root Fixup: 0.0 ms]
   [Code Root Purge: 0.0 ms]
   [Clear CT: 0.1 ms]
   [Other: 0.5 ms]
      [Choose CSet: 0.0 ms]
      [Ref Proc: 0.1 ms]
      [Ref Enq: 0.0 ms]
      [Redirty Cards: 0.1 ms]
      [Humongous Register: 0.0 ms]
      [Humongous Reclaim: 0.0 ms]
      [Free CSet: 0.0 ms]
   [Eden: 46.0M(46.0M)->0.0B(58.0M) Survivors: 5120.0K->4096.0K Heap: 194.4M(1024.0M)->146.8M(1024.0M)]
 [Times: user=0.02 sys=0.00, real=0.01 secs] 
2020-04-15T02:14:59.214+0800: 2135.244: [GC pause (G1 Evacuation Pause) (young), 0.0063906 secs]
   [Parallel Time: 4.5 ms, GC Workers: 4]
      [GC Worker Start (ms): Min: 2135244.2, Avg: 2135244.3, Max: 2135244.3, Diff: 0.1]
      [Ext Root Scanning (ms): Min: 0.4, Avg: 0.6, Max: 0.8, Diff: 0.5, Sum: 2.3]
      [Update RS (ms): Min: 0.1, Avg: 0.3, Max: 0.5, Diff: 0.4, Sum: 1.4]
         [Processed Buffers: Min: 1, Avg: 6.0, Max: 16, Diff: 15, Sum: 24]
      [Scan RS (ms): Min: 0.0, Avg: 0.0, Max: 0.0, Diff: 0.0, Sum: 0.0]
      [Code Root Scanning (ms): Min: 0.0, Avg: 0.2, Max: 0.5, Diff: 0.5, Sum: 0.8]
      [Object Copy (ms): Min: 3.0, Avg: 3.4, Max: 3.6, Diff: 0.6, Sum: 13.4]
      [Termination (ms): Min: 0.0, Avg: 0.0, Max: 0.0, Diff: 0.0, Sum: 0.0]
         [Termination Attempts: Min: 1, Avg: 1.0, Max: 1, Diff: 0, Sum: 4]
      [GC Worker Other (ms): Min: 0.0, Avg: 0.0, Max: 0.0, Diff: 0.0, Sum: 0.0]
      [GC Worker Total (ms): Min: 4.4, Avg: 4.5, Max: 4.5, Diff: 0.1, Sum: 17.9]
      [GC Worker End (ms): Min: 2135248.7, Avg: 2135248.8, Max: 2135248.8, Diff: 0.0]
   [Code Root Fixup: 0.0 ms]
   [Code Root Purge: 0.0 ms]
   [Clear CT: 0.1 ms]
   [Other: 1.7 ms]
      [Choose CSet: 0.0 ms]
      [Ref Proc: 1.4 ms]
      [Ref Enq: 0.0 ms]
      [Redirty Cards: 0.0 ms]
      [Humongous Register: 0.0 ms]
      [Humongous Reclaim: 0.0 ms]
      [Free CSet: 0.1 ms]
   [Eden: 58.0M(58.0M)->0.0B(123.0M) Survivors: 4096.0K->4096.0K Heap: 204.8M(1024.0M)->147.3M(1024.0M)]
 [Times: user=0.01 sys=0.00, real=0.01 secs] 
2020-04-15T02:23:08.427+0800: 2624.450: [GC pause (G1 Evacuation Pause) (young), 0.0097537 secs]
   [Parallel Time: 8.7 ms, GC Workers: 4]
      [GC Worker Start (ms): Min: 2624450.4, Avg: 2624450.5, Max: 2624450.7, Diff: 0.3]
      [Ext Root Scanning (ms): Min: 0.4, Avg: 0.5, Max: 0.8, Diff: 0.4, Sum: 2.2]
      [Update RS (ms): Min: 0.4, Avg: 0.6, Max: 0.9, Diff: 0.5, Sum: 2.5]
         [Processed Buffers: Min: 1, Avg: 6.0, Max: 20, Diff: 19, Sum: 24]
      [Scan RS (ms): Min: 0.0, Avg: 0.0, Max: 0.1, Diff: 0.0, Sum: 0.1]
      [Code Root Scanning (ms): Min: 0.0, Avg: 0.6, Max: 1.2, Diff: 1.2, Sum: 2.4]
      [Object Copy (ms): Min: 5.5, Avg: 6.0, Max: 6.5, Diff: 1.0, Sum: 24.2]
      [Termination (ms): Min: 0.0, Avg: 0.6, Max: 0.8, Diff: 0.8, Sum: 2.3]
         [Termination Attempts: Min: 1, Avg: 1.0, Max: 1, Diff: 0, Sum: 4]
      [GC Worker Other (ms): Min: 0.0, Avg: 0.0, Max: 0.0, Diff: 0.0, Sum: 0.0]
      [GC Worker Total (ms): Min: 8.2, Avg: 8.4, Max: 8.6, Diff: 0.3, Sum: 33.7]
      [GC Worker End (ms): Min: 2624458.9, Avg: 2624459.0, Max: 2624459.0, Diff: 0.1]
   [Code Root Fixup: 0.0 ms]
   [Code Root Purge: 0.0 ms]
   [Clear CT: 0.1 ms]
   [Other: 1.0 ms]
      [Choose CSet: 0.0 ms]
      [Ref Proc: 0.2 ms]
      [Ref Enq: 0.0 ms]
      [Redirty Cards: 0.1 ms]
      [Humongous Register: 0.0 ms]
      [Humongous Reclaim: 0.0 ms]
      [Free CSet: 0.3 ms]
   [Eden: 123.0M(123.0M)->0.0B(496.0M) Survivors: 4096.0K->4096.0K Heap: 270.3M(1024.0M)->147.4M(1024.0M)]
 [Times: user=0.03 sys=0.00, real=0.02 secs] 
2020-04-15T03:31:49.893+0800: 4522.055: [GC pause (G1 Evacuation Pause) (young), 0.0154003 secs]
   [Parallel Time: 11.9 ms, GC Workers: 4]
      [GC Worker Start (ms): Min: 4522056.2, Avg: 4522056.3, Max: 4522056.4, Diff: 0.2]
      [Ext Root Scanning (ms): Min: 1.2, Avg: 1.7, Max: 3.2, Diff: 2.0, Sum: 6.9]
      [Update RS (ms): Min: 0.2, Avg: 1.6, Max: 2.4, Diff: 2.2, Sum: 6.6]
         [Processed Buffers: Min: 1, Avg: 9.0, Max: 22, Diff: 21, Sum: 36]
      [Scan RS (ms): Min: 0.0, Avg: 0.1, Max: 0.2, Diff: 0.2, Sum: 0.3]
      [Code Root Scanning (ms): Min: 0.0, Avg: 0.3, Max: 0.9, Diff: 0.9, Sum: 1.4]
      [Object Copy (ms): Min: 7.5, Avg: 7.9, Max: 8.2, Diff: 0.8, Sum: 31.6]
      [Termination (ms): Min: 0.0, Avg: 0.0, Max: 0.0, Diff: 0.0, Sum: 0.0]
         [Termination Attempts: Min: 1, Avg: 1.0, Max: 1, Diff: 0, Sum: 4]
      [GC Worker Other (ms): Min: 0.0, Avg: 0.0, Max: 0.1, Diff: 0.0, Sum: 0.2]
      [GC Worker Total (ms): Min: 11.7, Avg: 11.7, Max: 11.8, Diff: 0.2, Sum: 46.9]
      [GC Worker End (ms): Min: 4522068.1, Avg: 4522068.1, Max: 4522068.1, Diff: 0.0]
   [Code Root Fixup: 0.1 ms]
   [Code Root Purge: 0.0 ms]
   [Clear CT: 0.3 ms]
   [Other: 3.0 ms]
      [Choose CSet: 0.0 ms]
      [Ref Proc: 0.6 ms]
      [Ref Enq: 0.0 ms]
      [Redirty Cards: 0.1 ms]
      [Humongous Register: 1.2 ms]
      [Humongous Reclaim: 0.0 ms]
      [Free CSet: 0.7 ms]
   [Eden: 496.0M(496.0M)->0.0B(274.0M) Survivors: 4096.0K->5120.0K Heap: 643.4M(1024.0M)->147.9M(1024.0M)]
 [Times: user=0.03 sys=0.03, real=0.02 secs] 
2020-04-15T06:49:03.336+0800: 5492.364: [GC pause (G1 Evacuation Pause) (young), 0.0088967 secs]
   [Parallel Time: 7.5 ms, GC Workers: 4]
      [GC Worker Start (ms): Min: 5492364.2, Avg: 5492364.6, Max: 5492365.7, Diff: 1.4]
      [Ext Root Scanning (ms): Min: 0.0, Avg: 0.5, Max: 0.7, Diff: 0.7, Sum: 1.8]
      [Update RS (ms): Min: 0.0, Avg: 0.4, Max: 0.6, Diff: 0.6, Sum: 1.7]
         [Processed Buffers: Min: 0, Avg: 6.5, Max: 16, Diff: 16, Sum: 26]
      [Scan RS (ms): Min: 0.0, Avg: 0.0, Max: 0.1, Diff: 0.0, Sum: 0.1]
      [Code Root Scanning (ms): Min: 0.0, Avg: 0.5, Max: 1.5, Diff: 1.5, Sum: 2.2]
      [Object Copy (ms): Min: 4.6, Avg: 5.5, Max: 6.0, Diff: 1.5, Sum: 21.9]
      [Termination (ms): Min: 0.0, Avg: 0.0, Max: 0.0, Diff: 0.0, Sum: 0.0]
         [Termination Attempts: Min: 1, Avg: 1.8, Max: 2, Diff: 1, Sum: 7]
      [GC Worker Other (ms): Min: 0.0, Avg: 0.1, Max: 0.1, Diff: 0.1, Sum: 0.3]
      [GC Worker Total (ms): Min: 5.9, Avg: 7.0, Max: 7.4, Diff: 1.5, Sum: 28.1]
      [GC Worker End (ms): Min: 5492371.6, Avg: 5492371.6, Max: 5492371.7, Diff: 0.1]
   [Code Root Fixup: 0.0 ms]
   [Code Root Purge: 0.0 ms]
   [Clear CT: 0.1 ms]
   [Other: 1.3 ms]
      [Choose CSet: 0.0 ms]
      [Ref Proc: 1.0 ms]
      [Ref Enq: 0.0 ms]
      [Redirty Cards: 0.0 ms]
      [Humongous Register: 0.0 ms]
      [Humongous Reclaim: 0.0 ms]
      [Free CSet: 0.1 ms]
   [Eden: 274.0M(274.0M)->0.0B(546.0M) Survivors: 5120.0K->5120.0K Heap: 421.9M(1024.0M)->147.9M(1024.0M)]
 [Times: user=0.02 sys=0.00, real=0.02 secs] 
2020-04-15T11:02:43.610+0800: 7467.390: [GC pause (G1 Evacuation Pause) (young), 0.0159465 secs]
   [Parallel Time: 11.8 ms, GC Workers: 4]
      [GC Worker Start (ms): Min: 7467392.0, Avg: 7467392.1, Max: 7467392.2, Diff: 0.2]
      [Ext Root Scanning (ms): Min: 1.9, Avg: 2.7, Max: 5.1, Diff: 3.2, Sum: 10.8]
      [Update RS (ms): Min: 0.0, Avg: 2.1, Max: 2.9, Diff: 2.9, Sum: 8.4]
         [Processed Buffers: Min: 0, Avg: 6.5, Max: 23, Diff: 23, Sum: 26]
      [Scan RS (ms): Min: 0.0, Avg: 0.1, Max: 0.1, Diff: 0.1, Sum: 0.4]
      [Code Root Scanning (ms): Min: 0.0, Avg: 0.5, Max: 0.9, Diff: 0.9, Sum: 1.8]
      [Object Copy (ms): Min: 5.2, Avg: 5.8, Max: 6.1, Diff: 0.9, Sum: 23.0]
      [Termination (ms): Min: 0.0, Avg: 0.5, Max: 0.6, Diff: 0.6, Sum: 1.9]
         [Termination Attempts: Min: 1, Avg: 1.5, Max: 3, Diff: 2, Sum: 6]
      [GC Worker Other (ms): Min: 0.0, Avg: 0.0, Max: 0.1, Diff: 0.0, Sum: 0.2]
      [GC Worker Total (ms): Min: 11.5, Avg: 11.6, Max: 11.7, Diff: 0.2, Sum: 46.5]
      [GC Worker End (ms): Min: 7467403.7, Avg: 7467403.7, Max: 7467403.8, Diff: 0.0]
   [Code Root Fixup: 0.0 ms]
   [Code Root Purge: 0.0 ms]
   [Clear CT: 0.2 ms]
   [Other: 3.9 ms]
      [Choose CSet: 0.0 ms]
      [Ref Proc: 1.2 ms]
      [Ref Enq: 0.0 ms]
      [Redirty Cards: 0.1 ms]
      [Humongous Register: 1.1 ms]
      [Humongous Reclaim: 0.0 ms]
      [Free CSet: 0.8 ms]
   [Eden: 546.0M(546.0M)->0.0B(610.0M) Survivors: 5120.0K->4096.0K Heap: 693.9M(1024.0M)->147.4M(1024.0M)]
 [Times: user=0.02 sys=0.02, real=0.01 secs] 
2020-04-15T11:43:29.685+0800: 9787.368: [GC pause (G1 Evacuation Pause) (young), 0.0201799 secs]
   [Parallel Time: 16.6 ms, GC Workers: 4]
      [GC Worker Start (ms): Min: 9787369.0, Avg: 9787369.1, Max: 9787369.1, Diff: 0.1]
      [Ext Root Scanning (ms): Min: 2.0, Avg: 2.6, Max: 4.4, Diff: 2.4, Sum: 10.5]
      [Update RS (ms): Min: 0.3, Avg: 2.1, Max: 3.3, Diff: 3.0, Sum: 8.5]
         [Processed Buffers: Min: 1, Avg: 6.5, Max: 17, Diff: 16, Sum: 26]
      [Scan RS (ms): Min: 0.0, Avg: 0.1, Max: 0.2, Diff: 0.2, Sum: 0.5]
      [Code Root Scanning (ms): Min: 0.0, Avg: 0.8, Max: 1.7, Diff: 1.7, Sum: 3.3]
      [Object Copy (ms): Min: 10.2, Avg: 10.5, Max: 11.1, Diff: 0.9, Sum: 42.0]
      [Termination (ms): Min: 0.0, Avg: 0.3, Max: 0.6, Diff: 0.6, Sum: 1.1]
         [Termination Attempts: Min: 1, Avg: 1.2, Max: 2, Diff: 1, Sum: 5]
      [GC Worker Other (ms): Min: 0.0, Avg: 0.0, Max: 0.1, Diff: 0.0, Sum: 0.2]
      [GC Worker Total (ms): Min: 16.4, Avg: 16.5, Max: 16.6, Diff: 0.1, Sum: 66.0]
      [GC Worker End (ms): Min: 9787385.5, Avg: 9787385.5, Max: 9787385.6, Diff: 0.0]
   [Code Root Fixup: 0.0 ms]
   [Code Root Purge: 0.0 ms]
   [Clear CT: 0.3 ms]
   [Other: 3.2 ms]
      [Choose CSet: 0.0 ms]
      [Ref Proc: 1.2 ms]
      [Ref Enq: 0.0 ms]
      [Redirty Cards: 0.0 ms]
      [Humongous Register: 0.8 ms]
      [Humongous Reclaim: 0.0 ms]
      [Free CSet: 0.7 ms]
   [Eden: 610.0M(610.0M)->0.0B(521.0M) Survivors: 4096.0K->5120.0K Heap: 757.4M(1024.0M)->147.9M(1024.0M)]
 [Times: user=0.03 sys=0.03, real=0.03 secs] 
2020-04-15T12:16:08.534+0800: 11746.190: [GC pause (G1 Evacuation Pause) (young), 0.0202439 secs]
   [Parallel Time: 17.0 ms, GC Workers: 4]
      [GC Worker Start (ms): Min: 11746191.7, Avg: 11746191.9, Max: 11746192.2, Diff: 0.5]
      [Ext Root Scanning (ms): Min: 2.4, Avg: 3.5, Max: 6.6, Diff: 4.2, Sum: 14.1]
      [Update RS (ms): Min: 0.0, Avg: 2.2, Max: 3.5, Diff: 3.5, Sum: 8.9]
         [Processed Buffers: Min: 0, Avg: 5.8, Max: 19, Diff: 19, Sum: 23]
      [Scan RS (ms): Min: 0.1, Avg: 0.1, Max: 0.1, Diff: 0.1, Sum: 0.4]
      [Code Root Scanning (ms): Min: 0.0, Avg: 1.1, Max: 2.3, Diff: 2.2, Sum: 4.4]
      [Object Copy (ms): Min: 8.9, Avg: 9.6, Max: 10.3, Diff: 1.5, Sum: 38.3]
      [Termination (ms): Min: 0.0, Avg: 0.0, Max: 0.0, Diff: 0.0, Sum: 0.0]
         [Termination Attempts: Min: 1, Avg: 1.8, Max: 2, Diff: 1, Sum: 7]
      [GC Worker Other (ms): Min: 0.0, Avg: 0.1, Max: 0.1, Diff: 0.1, Sum: 0.2]
      [GC Worker Total (ms): Min: 16.3, Avg: 16.6, Max: 16.9, Diff: 0.5, Sum: 66.4]
      [GC Worker End (ms): Min: 11746208.5, Avg: 11746208.5, Max: 11746208.5, Diff: 0.0]
   [Code Root Fixup: 0.0 ms]
   [Code Root Purge: 0.0 ms]
   [Clear CT: 0.2 ms]
   [Other: 3.0 ms]
      [Choose CSet: 0.0 ms]
      [Ref Proc: 0.4 ms]
      [Ref Enq: 0.0 ms]
      [Redirty Cards: 0.0 ms]
      [Humongous Register: 1.2 ms]
      [Humongous Reclaim: 0.0 ms]
      [Free CSet: 0.7 ms]
   [Eden: 521.0M(521.0M)->0.0B(375.0M) Survivors: 5120.0K->6144.0K Heap: 668.9M(1024.0M)->148.9M(1024.0M)]
 [Times: user=0.03 sys=0.04, real=0.03 secs] 
2020-04-15T12:42:45.914+0800: 13132.219: [GC pause (G1 Evacuation Pause) (young), 0.0140354 secs]
   [Parallel Time: 11.4 ms, GC Workers: 4]
      [GC Worker Start (ms): Min: 13132219.3, Avg: 13132219.4, Max: 13132219.4, Diff: 0.1]
      [Ext Root Scanning (ms): Min: 0.7, Avg: 1.1, Max: 2.3, Diff: 1.6, Sum: 4.3]
      [Update RS (ms): Min: 0.0, Avg: 0.7, Max: 1.0, Diff: 1.0, Sum: 2.9]
         [Processed Buffers: Min: 0, Avg: 5.5, Max: 19, Diff: 19, Sum: 22]
      [Scan RS (ms): Min: 0.0, Avg: 0.1, Max: 0.2, Diff: 0.2, Sum: 0.3]
      [Code Root Scanning (ms): Min: 0.0, Avg: 0.6, Max: 1.2, Diff: 1.2, Sum: 2.4]
      [Object Copy (ms): Min: 8.2, Avg: 8.7, Max: 9.4, Diff: 1.2, Sum: 34.7]
      [Termination (ms): Min: 0.0, Avg: 0.1, Max: 0.2, Diff: 0.1, Sum: 0.4]
         [Termination Attempts: Min: 1, Avg: 2.5, Max: 3, Diff: 2, Sum: 10]
      [GC Worker Other (ms): Min: 0.0, Avg: 0.0, Max: 0.0, Diff: 0.0, Sum: 0.1]
      [GC Worker Total (ms): Min: 11.2, Avg: 11.3, Max: 11.3, Diff: 0.1, Sum: 45.1]
      [GC Worker End (ms): Min: 13132230.6, Avg: 13132230.7, Max: 13132230.7, Diff: 0.1]
   [Code Root Fixup: 0.0 ms]
   [Code Root Purge: 0.0 ms]
   [Clear CT: 0.1 ms]
   [Other: 2.5 ms]
      [Choose CSet: 0.0 ms]
      [Ref Proc: 1.6 ms]
      [Ref Enq: 0.0 ms]
      [Redirty Cards: 0.0 ms]
      [Humongous Register: 0.4 ms]
      [Humongous Reclaim: 0.0 ms]
      [Free CSet: 0.2 ms]
   [Eden: 375.0M(375.0M)->0.0B(607.0M) Survivors: 6144.0K->5120.0K Heap: 523.9M(1024.0M)->147.9M(1024.0M)]
 [Times: user=0.03 sys=0.01, real=0.02 secs] 
2020-04-15T13:36:14.631+0800: 16340.890: [GC pause (G1 Evacuation Pause) (young), 0.0178157 secs]
   [Parallel Time: 14.0 ms, GC Workers: 4]
      [GC Worker Start (ms): Min: 16340891.6, Avg: 16340891.7, Max: 16340891.8, Diff: 0.2]
      [Ext Root Scanning (ms): Min: 2.5, Avg: 3.5, Max: 6.3, Diff: 3.8, Sum: 14.0]
      [Update RS (ms): Min: 0.0, Avg: 2.1, Max: 3.2, Diff: 3.2, Sum: 8.6]
         [Processed Buffers: Min: 0, Avg: 5.8, Max: 19, Diff: 19, Sum: 23]
      [Scan RS (ms): Min: 0.0, Avg: 0.1, Max: 0.2, Diff: 0.1, Sum: 0.4]
      [Code Root Scanning (ms): Min: 0.0, Avg: 0.6, Max: 1.2, Diff: 1.2, Sum: 2.3]
      [Object Copy (ms): Min: 7.2, Avg: 7.4, Max: 7.7, Diff: 0.6, Sum: 29.6]
      [Termination (ms): Min: 0.0, Avg: 0.0, Max: 0.0, Diff: 0.0, Sum: 0.0]
         [Termination Attempts: Min: 1, Avg: 1.0, Max: 1, Diff: 0, Sum: 4]
      [GC Worker Other (ms): Min: 0.0, Avg: 0.1, Max: 0.1, Diff: 0.0, Sum: 0.2]
      [GC Worker Total (ms): Min: 13.7, Avg: 13.8, Max: 13.9, Diff: 0.1, Sum: 55.2]
      [GC Worker End (ms): Min: 16340905.5, Avg: 16340905.5, Max: 16340905.5, Diff: 0.0]
   [Code Root Fixup: 0.0 ms]
   [Code Root Purge: 0.0 ms]
   [Clear CT: 0.2 ms]
   [Other: 3.6 ms]
      [Choose CSet: 0.0 ms]
      [Ref Proc: 0.6 ms]
      [Ref Enq: 0.0 ms]
      [Redirty Cards: 0.1 ms]
      [Humongous Register: 0.9 ms]
      [Humongous Reclaim: 0.0 ms]
      [Free CSet: 1.4 ms]
   [Eden: 607.0M(607.0M)->0.0B(609.0M) Survivors: 5120.0K->5120.0K Heap: 754.9M(1024.0M)->147.9M(1024.0M)]
 [Times: user=0.03 sys=0.03, real=0.02 secs] 
2020-04-15T14:43:41.168+0800: 20387.369: [GC pause (G1 Evacuation Pause) (young), 0.0213467 secs]
   [Parallel Time: 17.9 ms, GC Workers: 4]
      [GC Worker Start (ms): Min: 20387370.9, Avg: 20387371.0, Max: 20387371.1, Diff: 0.2]
      [Ext Root Scanning (ms): Min: 2.4, Avg: 3.4, Max: 6.3, Diff: 3.9, Sum: 13.5]
      [Update RS (ms): Min: 0.0, Avg: 2.2, Max: 3.8, Diff: 3.8, Sum: 9.0]
         [Processed Buffers: Min: 0, Avg: 6.5, Max: 17, Diff: 17, Sum: 26]
      [Scan RS (ms): Min: 0.0, Avg: 0.1, Max: 0.2, Diff: 0.1, Sum: 0.4]
      [Code Root Scanning (ms): Min: 0.0, Avg: 1.1, Max: 2.3, Diff: 2.3, Sum: 4.6]
      [Object Copy (ms): Min: 10.1, Avg: 10.7, Max: 11.3, Diff: 1.2, Sum: 42.8]
      [Termination (ms): Min: 0.0, Avg: 0.0, Max: 0.0, Diff: 0.0, Sum: 0.0]
         [Termination Attempts: Min: 1, Avg: 1.5, Max: 2, Diff: 1, Sum: 6]
      [GC Worker Other (ms): Min: 0.0, Avg: 0.1, Max: 0.1, Diff: 0.0, Sum: 0.2]
      [GC Worker Total (ms): Min: 17.5, Avg: 17.6, Max: 17.8, Diff: 0.2, Sum: 70.6]
      [GC Worker End (ms): Min: 20387388.6, Avg: 20387388.6, Max: 20387388.6, Diff: 0.0]
   [Code Root Fixup: 0.0 ms]
   [Code Root Purge: 0.1 ms]
   [Clear CT: 0.4 ms]
   [Other: 3.0 ms]
      [Choose CSet: 0.0 ms]
      [Ref Proc: 0.7 ms]
      [Ref Enq: 0.0 ms]
      [Redirty Cards: 0.0 ms]
      [Humongous Register: 1.0 ms]
      [Humongous Reclaim: 0.0 ms]
      [Free CSet: 0.8 ms]
   [Eden: 609.0M(609.0M)->0.0B(383.0M) Survivors: 5120.0K->4096.0K Heap: 756.9M(1024.0M)->147.9M(1024.0M)]
 [Times: user=0.03 sys=0.04, real=0.03 secs] 
2020-04-15T15:14:43.312+0800: 22249.487: [GC pause (G1 Evacuation Pause) (young), 0.0104928 secs]
   [Parallel Time: 8.8 ms, GC Workers: 4]
      [GC Worker Start (ms): Min: 22249486.9, Avg: 22249488.0, Max: 22249489.5, Diff: 2.7]
      [Ext Root Scanning (ms): Min: 0.0, Avg: 0.4, Max: 0.8, Diff: 0.8, Sum: 1.6]
      [Update RS (ms): Min: 0.0, Avg: 0.9, Max: 1.5, Diff: 1.5, Sum: 3.5]
         [Processed Buffers: Min: 0, Avg: 7.2, Max: 20, Diff: 20, Sum: 29]
      [Scan RS (ms): Min: 0.0, Avg: 0.1, Max: 0.3, Diff: 0.3, Sum: 0.5]
      [Code Root Scanning (ms): Min: 0.0, Avg: 0.2, Max: 0.3, Diff: 0.3, Sum: 0.7]
      [Object Copy (ms): Min: 5.7, Avg: 5.9, Max: 6.1, Diff: 0.5, Sum: 23.4]
      [Termination (ms): Min: 0.0, Avg: 0.0, Max: 0.1, Diff: 0.0, Sum: 0.1]
         [Termination Attempts: Min: 2, Avg: 4.0, Max: 5, Diff: 3, Sum: 16]
      [GC Worker Other (ms): Min: 0.0, Avg: 0.0, Max: 0.1, Diff: 0.0, Sum: 0.1]
      [GC Worker Total (ms): Min: 5.9, Avg: 7.5, Max: 8.6, Diff: 2.7, Sum: 30.0]
      [GC Worker End (ms): Min: 22249495.5, Avg: 22249495.5, Max: 22249495.5, Diff: 0.0]
   [Code Root Fixup: 0.0 ms]
   [Code Root Purge: 0.0 ms]
   [Clear CT: 0.1 ms]
   [Other: 1.6 ms]
      [Choose CSet: 0.0 ms]
      [Ref Proc: 1.2 ms]
      [Ref Enq: 0.0 ms]
      [Redirty Cards: 0.0 ms]
      [Humongous Register: 0.1 ms]
      [Humongous Reclaim: 0.0 ms]
      [Free CSet: 0.1 ms]
   [Eden: 282.0M(282.0M)->0.0B(609.0M) Survivors: 4096.0K->5120.0K Heap: 429.9M(1024.0M)->148.6M(1024.0M)]
 [Times: user=0.02 sys=0.01, real=0.01 secs] 
2020-04-15T15:55:00.007+0800: 24666.148: [GC pause (G1 Evacuation Pause) (young), 0.0268847 secs]
   [Parallel Time: 20.7 ms, GC Workers: 4]
      [GC Worker Start (ms): Min: 24666149.3, Avg: 24666149.4, Max: 24666149.5, Diff: 0.2]
      [Ext Root Scanning (ms): Min: 2.6, Avg: 4.0, Max: 7.9, Diff: 5.3, Sum: 15.8]
      [Update RS (ms): Min: 0.0, Avg: 3.0, Max: 4.4, Diff: 4.4, Sum: 11.8]
         [Processed Buffers: Min: 0, Avg: 8.8, Max: 32, Diff: 32, Sum: 35]
      [Scan RS (ms): Min: 0.0, Avg: 0.1, Max: 0.3, Diff: 0.3, Sum: 0.6]
      [Code Root Scanning (ms): Min: 0.0, Avg: 0.4, Max: 1.5, Diff: 1.5, Sum: 1.5]
      [Object Copy (ms): Min: 11.7, Avg: 12.0, Max: 12.3, Diff: 0.7, Sum: 48.1]
      [Termination (ms): Min: 0.0, Avg: 0.7, Max: 1.1, Diff: 1.1, Sum: 2.6]
         [Termination Attempts: Min: 1, Avg: 1.0, Max: 1, Diff: 0, Sum: 4]
      [GC Worker Other (ms): Min: 0.0, Avg: 0.0, Max: 0.1, Diff: 0.0, Sum: 0.2]
      [GC Worker Total (ms): Min: 20.0, Avg: 20.2, Max: 20.3, Diff: 0.3, Sum: 80.6]
      [GC Worker End (ms): Min: 24666169.3, Avg: 24666169.6, Max: 24666169.7, Diff: 0.4]
   [Code Root Fixup: 0.1 ms]
   [Code Root Purge: 0.0 ms]
   [Clear CT: 0.4 ms]
   [Other: 5.8 ms]
      [Choose CSet: 0.0 ms]
      [Ref Proc: 2.6 ms]
      [Ref Enq: 0.0 ms]
      [Redirty Cards: 0.0 ms]
      [Humongous Register: 0.9 ms]
      [Humongous Reclaim: 0.0 ms]
      [Free CSet: 1.4 ms]
   [Eden: 609.0M(609.0M)->0.0B(313.0M) Survivors: 5120.0K->5120.0K Heap: 757.6M(1024.0M)->149.1M(1024.0M)]
 [Times: user=0.03 sys=0.04, real=0.04 secs] 
2020-04-15T16:08:29.497+0800: 25471.463: [GC pause (G1 Evacuation Pause) (young), 0.0202243 secs]
   [Parallel Time: 16.6 ms, GC Workers: 4]
      [GC Worker Start (ms): Min: 25471465.8, Avg: 25471465.9, Max: 25471466.0, Diff: 0.3]
      [Ext Root Scanning (ms): Min: 2.0, Avg: 3.0, Max: 5.7, Diff: 3.7, Sum: 11.9]
      [Update RS (ms): Min: 0.0, Avg: 1.4, Max: 2.2, Diff: 2.2, Sum: 5.8]
         [Processed Buffers: Min: 0, Avg: 9.2, Max: 22, Diff: 22, Sum: 37]
      [Scan RS (ms): Min: 0.0, Avg: 0.1, Max: 0.1, Diff: 0.1, Sum: 0.2]
      [Code Root Scanning (ms): Min: 0.0, Avg: 0.2, Max: 0.6, Diff: 0.6, Sum: 0.9]
      [Object Copy (ms): Min: 10.2, Avg: 11.2, Max: 12.0, Diff: 1.8, Sum: 44.8]
      [Termination (ms): Min: 0.0, Avg: 0.4, Max: 0.5, Diff: 0.5, Sum: 1.6]
         [Termination Attempts: Min: 1, Avg: 1.0, Max: 1, Diff: 0, Sum: 4]
      [GC Worker Other (ms): Min: 0.0, Avg: 0.1, Max: 0.1, Diff: 0.0, Sum: 0.2]
      [GC Worker Total (ms): Min: 16.2, Avg: 16.4, Max: 16.5, Diff: 0.3, Sum: 65.4]
      [GC Worker End (ms): Min: 25471482.2, Avg: 25471482.2, Max: 25471482.3, Diff: 0.0]
   [Code Root Fixup: 0.0 ms]
   [Code Root Purge: 0.0 ms]
   [Clear CT: 0.1 ms]
   [Other: 3.5 ms]
      [Choose CSet: 0.0 ms]
      [Ref Proc: 0.3 ms]
      [Ref Enq: 0.0 ms]
      [Redirty Cards: 0.1 ms]
      [Humongous Register: 2.0 ms]
      [Humongous Reclaim: 0.0 ms]
      [Free CSet: 0.6 ms]
   [Eden: 313.0M(313.0M)->0.0B(256.0M) Survivors: 5120.0K->5120.0K Heap: 462.1M(1024.0M)->148.7M(1024.0M)]
 [Times: user=0.02 sys=0.02, real=0.03 secs] 
2020-04-15T16:19:42.834+0800: 26144.791: [GC pause (G1 Evacuation Pause) (young), 0.0065076 secs]
   [Parallel Time: 5.8 ms, GC Workers: 4]
      [GC Worker Start (ms): Min: 26144790.9, Avg: 26144791.0, Max: 26144791.5, Diff: 0.7]
      [Ext Root Scanning (ms): Min: 0.1, Avg: 0.6, Max: 0.8, Diff: 0.6, Sum: 2.3]
      [Update RS (ms): Min: 0.5, Avg: 0.6, Max: 0.7, Diff: 0.2, Sum: 2.2]
         [Processed Buffers: Min: 1, Avg: 8.2, Max: 20, Diff: 19, Sum: 33]
      [Scan RS (ms): Min: 0.0, Avg: 0.0, Max: 0.1, Diff: 0.1, Sum: 0.2]
      [Code Root Scanning (ms): Min: 0.0, Avg: 0.2, Max: 0.4, Diff: 0.4, Sum: 0.7]
      [Object Copy (ms): Min: 4.0, Avg: 4.1, Max: 4.3, Diff: 0.3, Sum: 16.5]
      [Termination (ms): Min: 0.0, Avg: 0.0, Max: 0.0, Diff: 0.0, Sum: 0.0]
         [Termination Attempts: Min: 1, Avg: 1.0, Max: 1, Diff: 0, Sum: 4]
      [GC Worker Other (ms): Min: 0.0, Avg: 0.0, Max: 0.0, Diff: 0.0, Sum: 0.1]
      [GC Worker Total (ms): Min: 5.0, Avg: 5.5, Max: 5.7, Diff: 0.7, Sum: 22.1]
      [GC Worker End (ms): Min: 26144796.5, Avg: 26144796.5, Max: 26144796.5, Diff: 0.0]
   [Code Root Fixup: 0.0 ms]
   [Code Root Purge: 0.0 ms]
   [Clear CT: 0.1 ms]
   [Other: 0.6 ms]
      [Choose CSet: 0.0 ms]
      [Ref Proc: 0.2 ms]
      [Ref Enq: 0.0 ms]
      [Redirty Cards: 0.0 ms]
      [Humongous Register: 0.0 ms]
      [Humongous Reclaim: 0.0 ms]
      [Free CSet: 0.1 ms]
   [Eden: 256.0M(256.0M)->0.0B(609.0M) Survivors: 5120.0K->5120.0K Heap: 404.7M(1024.0M)->148.8M(1024.0M)]
 [Times: user=0.02 sys=0.00, real=0.01 secs] 
2020-04-15T16:50:44.590+0800: 28006.520: [GC pause (G1 Evacuation Pause) (young), 0.0240049 secs]
   [Parallel Time: 20.8 ms, GC Workers: 4]
      [GC Worker Start (ms): Min: 28006521.2, Avg: 28006521.3, Max: 28006521.3, Diff: 0.1]
      [Ext Root Scanning (ms): Min: 2.2, Avg: 3.0, Max: 5.3, Diff: 3.2, Sum: 11.9]
      [Update RS (ms): Min: 0.0, Avg: 1.4, Max: 2.0, Diff: 2.0, Sum: 5.8]
         [Processed Buffers: Min: 0, Avg: 9.5, Max: 19, Diff: 19, Sum: 38]
      [Scan RS (ms): Min: 0.0, Avg: 0.1, Max: 0.2, Diff: 0.1, Sum: 0.4]
      [Code Root Scanning (ms): Min: 0.0, Avg: 0.7, Max: 1.5, Diff: 1.5, Sum: 2.6]
      [Object Copy (ms): Min: 14.4, Avg: 15.1, Max: 16.3, Diff: 1.9, Sum: 60.2]
      [Termination (ms): Min: 0.0, Avg: 0.4, Max: 0.5, Diff: 0.5, Sum: 1.6]
         [Termination Attempts: Min: 1, Avg: 1.2, Max: 2, Diff: 1, Sum: 5]
      [GC Worker Other (ms): Min: 0.0, Avg: 0.0, Max: 0.0, Diff: 0.0, Sum: 0.1]
      [GC Worker Total (ms): Min: 20.6, Avg: 20.7, Max: 20.7, Diff: 0.1, Sum: 82.7]
      [GC Worker End (ms): Min: 28006541.9, Avg: 28006541.9, Max: 28006541.9, Diff: 0.0]
   [Code Root Fixup: 0.0 ms]
   [Code Root Purge: 0.0 ms]
   [Clear CT: 0.3 ms]
   [Other: 2.9 ms]
      [Choose CSet: 0.0 ms]
      [Ref Proc: 0.3 ms]
      [Ref Enq: 0.0 ms]
      [Redirty Cards: 0.0 ms]
      [Humongous Register: 1.0 ms]
      [Humongous Reclaim: 0.0 ms]
      [Free CSet: 0.9 ms]
   [Eden: 609.0M(609.0M)->0.0B(608.0M) Survivors: 5120.0K->6144.0K Heap: 757.8M(1024.0M)->149.7M(1024.0M)]
 [Times: user=0.03 sys=0.03, real=0.02 secs] 
2020-04-15T17:15:54.820+0800: 29516.729: [GC pause (G1 Evacuation Pause) (young), 0.0208129 secs]
   [Parallel Time: 14.5 ms, GC Workers: 4]
      [GC Worker Start (ms): Min: 29516730.8, Avg: 29516731.0, Max: 29516731.3, Diff: 0.5]
      [Ext Root Scanning (ms): Min: 3.2, Avg: 4.3, Max: 7.4, Diff: 4.2, Sum: 17.3]
      [Update RS (ms): Min: 0.0, Avg: 2.5, Max: 3.8, Diff: 3.8, Sum: 10.0]
         [Processed Buffers: Min: 0, Avg: 8.8, Max: 18, Diff: 18, Sum: 35]
      [Scan RS (ms): Min: 0.1, Avg: 0.1, Max: 0.2, Diff: 0.1, Sum: 0.4]
      [Code Root Scanning (ms): Min: 0.0, Avg: 0.5, Max: 1.0, Diff: 1.0, Sum: 2.0]
      [Object Copy (ms): Min: 5.8, Avg: 6.2, Max: 6.3, Diff: 0.5, Sum: 24.6]
      [Termination (ms): Min: 0.0, Avg: 0.4, Max: 0.7, Diff: 0.7, Sum: 1.8]
         [Termination Attempts: Min: 1, Avg: 1.0, Max: 1, Diff: 0, Sum: 4]
      [GC Worker Other (ms): Min: 0.0, Avg: 0.1, Max: 0.2, Diff: 0.1, Sum: 0.3]
      [GC Worker Total (ms): Min: 13.7, Avg: 14.1, Max: 14.3, Diff: 0.6, Sum: 56.4]
      [GC Worker End (ms): Min: 29516745.0, Avg: 29516745.1, Max: 29516745.3, Diff: 0.3]
   [Code Root Fixup: 0.0 ms]
   [Code Root Purge: 0.0 ms]
   [Clear CT: 0.2 ms]
   [Other: 6.1 ms]
      [Choose CSet: 0.0 ms]
      [Ref Proc: 2.3 ms]
      [Ref Enq: 0.0 ms]
      [Redirty Cards: 0.2 ms]
      [Humongous Register: 1.5 ms]
      [Humongous Reclaim: 0.0 ms]
      [Free CSet: 1.2 ms]
   [Eden: 608.0M(608.0M)->0.0B(450.0M) Survivors: 6144.0K->4096.0K Heap: 757.7M(1024.0M)->148.3M(1024.0M)]
 [Times: user=0.02 sys=0.02, real=0.02 secs] 
2020-04-15T17:32:01.713+0800: 30483.608: [GC pause (G1 Evacuation Pause) (young), 0.0116553 secs]
   [Parallel Time: 10.2 ms, GC Workers: 4]
      [GC Worker Start (ms): Min: 30483608.5, Avg: 30483608.5, Max: 30483608.5, Diff: 0.0]
      [Ext Root Scanning (ms): Min: 0.9, Avg: 1.0, Max: 1.0, Diff: 0.1, Sum: 3.8]
      [Update RS (ms): Min: 0.5, Avg: 0.6, Max: 0.7, Diff: 0.2, Sum: 2.5]
         [Processed Buffers: Min: 1, Avg: 8.5, Max: 24, Diff: 23, Sum: 34]
      [Scan RS (ms): Min: 0.0, Avg: 0.1, Max: 0.1, Diff: 0.1, Sum: 0.3]
      [Code Root Scanning (ms): Min: 0.0, Avg: 0.2, Max: 0.4, Diff: 0.4, Sum: 1.0]
      [Object Copy (ms): Min: 8.1, Avg: 8.2, Max: 8.4, Diff: 0.3, Sum: 33.0]
      [Termination (ms): Min: 0.0, Avg: 0.0, Max: 0.0, Diff: 0.0, Sum: 0.0]
         [Termination Attempts: Min: 1, Avg: 1.0, Max: 1, Diff: 0, Sum: 4]
      [GC Worker Other (ms): Min: 0.0, Avg: 0.0, Max: 0.0, Diff: 0.0, Sum: 0.1]
      [GC Worker Total (ms): Min: 10.2, Avg: 10.2, Max: 10.2, Diff: 0.0, Sum: 40.7]
      [GC Worker End (ms): Min: 30483618.7, Avg: 30483618.7, Max: 30483618.7, Diff: 0.0]
   [Code Root Fixup: 0.0 ms]
   [Code Root Purge: 0.0 ms]
   [Clear CT: 0.1 ms]
   [Other: 1.3 ms]
      [Choose CSet: 0.0 ms]
      [Ref Proc: 0.6 ms]
      [Ref Enq: 0.0 ms]
      [Redirty Cards: 0.0 ms]
      [Humongous Register: 0.3 ms]
      [Humongous Reclaim: 0.0 ms]
      [Free CSet: 0.2 ms]
   [Eden: 450.0M(450.0M)->0.0B(609.0M) Survivors: 4096.0K->5120.0K Heap: 598.3M(1024.0M)->148.8M(1024.0M)]
 [Times: user=0.03 sys=0.01, real=0.02 secs] 
2020-04-15T17:52:44.701+0800: 31725.728: [GC pause (G1 Evacuation Pause) (young), 0.0576593 secs]
   [Parallel Time: 48.7 ms, GC Workers: 4]
      [GC Worker Start (ms): Min: 31725732.0, Avg: 31725732.3, Max: 31725732.6, Diff: 0.6]
      [Ext Root Scanning (ms): Min: 4.1, Avg: 6.2, Max: 12.2, Diff: 8.1, Sum: 25.0]
      [Update RS (ms): Min: 0.0, Avg: 5.1, Max: 8.0, Diff: 8.0, Sum: 20.5]
         [Processed Buffers: Min: 0, Avg: 9.5, Max: 34, Diff: 34, Sum: 38]
      [Scan RS (ms): Min: 0.0, Avg: 0.1, Max: 0.3, Diff: 0.2, Sum: 0.5]
      [Code Root Scanning (ms): Min: 0.0, Avg: 0.7, Max: 1.9, Diff: 1.9, Sum: 2.7]
      [Object Copy (ms): Min: 34.5, Avg: 35.3, Max: 36.3, Diff: 1.8, Sum: 141.2]
      [Termination (ms): Min: 0.0, Avg: 0.1, Max: 0.3, Diff: 0.3, Sum: 0.5]
         [Termination Attempts: Min: 1, Avg: 1.2, Max: 2, Diff: 1, Sum: 5]
      [GC Worker Other (ms): Min: 0.1, Avg: 0.2, Max: 0.3, Diff: 0.2, Sum: 0.7]
      [GC Worker Total (ms): Min: 47.5, Avg: 47.8, Max: 48.1, Diff: 0.6, Sum: 191.1]
      [GC Worker End (ms): Min: 31725780.0, Avg: 31725780.1, Max: 31725780.1, Diff: 0.1]
   [Code Root Fixup: 0.0 ms]
   [Code Root Purge: 0.1 ms]
   [Clear CT: 0.7 ms]
   [Other: 8.2 ms]
      [Choose CSet: 0.0 ms]
      [Ref Proc: 1.4 ms]
      [Ref Enq: 0.0 ms]
      [Redirty Cards: 0.5 ms]
      [Humongous Register: 2.1 ms]
      [Humongous Reclaim: 0.1 ms]
      [Free CSet: 2.8 ms]
   [Eden: 609.0M(609.0M)->0.0B(47.0M) Survivors: 5120.0K->4096.0K Heap: 757.8M(1024.0M)->148.4M(1024.0M)]
 [Times: user=0.05 sys=0.09, real=0.06 secs] 
2020-04-15T17:54:17.730+0800: 31818.756: [GC pause (G1 Evacuation Pause) (young), 0.0236502 secs]
   [Parallel Time: 21.9 ms, GC Workers: 4]
      [GC Worker Start (ms): Min: 31818755.9, Avg: 31818755.9, Max: 31818756.0, Diff: 0.1]
      [Ext Root Scanning (ms): Min: 0.7, Avg: 0.8, Max: 0.9, Diff: 0.1, Sum: 3.3]
      [Update RS (ms): Min: 0.8, Avg: 2.5, Max: 7.4, Diff: 6.6, Sum: 10.1]
         [Processed Buffers: Min: 1, Avg: 8.2, Max: 30, Diff: 29, Sum: 33]
      [Scan RS (ms): Min: 0.0, Avg: 0.0, Max: 0.0, Diff: 0.0, Sum: 0.1]
      [Code Root Scanning (ms): Min: 0.0, Avg: 0.1, Max: 0.3, Diff: 0.3, Sum: 0.6]
      [Object Copy (ms): Min: 13.3, Avg: 17.8, Max: 19.5, Diff: 6.2, Sum: 71.4]
      [Termination (ms): Min: 0.0, Avg: 0.3, Max: 0.5, Diff: 0.5, Sum: 1.3]
         [Termination Attempts: Min: 1, Avg: 1.0, Max: 1, Diff: 0, Sum: 4]
      [GC Worker Other (ms): Min: 0.0, Avg: 0.0, Max: 0.1, Diff: 0.1, Sum: 0.2]
      [GC Worker Total (ms): Min: 21.7, Avg: 21.7, Max: 21.8, Diff: 0.1, Sum: 86.9]
      [GC Worker End (ms): Min: 31818777.5, Avg: 31818777.6, Max: 31818777.7, Diff: 0.2]
   [Code Root Fixup: 0.0 ms]
   [Code Root Purge: 0.0 ms]
   [Clear CT: 0.2 ms]
   [Other: 1.5 ms]
      [Choose CSet: 0.0 ms]
      [Ref Proc: 0.4 ms]
      [Ref Enq: 0.0 ms]
      [Redirty Cards: 0.1 ms]
      [Humongous Register: 0.0 ms]
      [Humongous Reclaim: 0.1 ms]
      [Free CSet: 0.2 ms]
   [Eden: 47.0M(47.0M)->0.0B(46.0M) Survivors: 4096.0K->5120.0K Heap: 195.4M(1024.0M)->149.0M(1024.0M)]
 [Times: user=0.05 sys=0.02, real=0.02 secs] 
2020-04-15T17:55:48.912+0800: 31909.936: [GC pause (G1 Evacuation Pause) (young), 0.0191633 secs]
   [Parallel Time: 16.4 ms, GC Workers: 4]
      [GC Worker Start (ms): Min: 31909936.2, Avg: 31909936.5, Max: 31909936.8, Diff: 0.6]
      [Ext Root Scanning (ms): Min: 0.4, Avg: 0.8, Max: 1.1, Diff: 0.6, Sum: 3.1]
      [Update RS (ms): Min: 0.7, Avg: 0.8, Max: 0.9, Diff: 0.3, Sum: 3.2]
         [Processed Buffers: Min: 1, Avg: 7.8, Max: 27, Diff: 26, Sum: 31]
      [Scan RS (ms): Min: 0.0, Avg: 0.0, Max: 0.0, Diff: 0.0, Sum: 0.1]
      [Code Root Scanning (ms): Min: 0.0, Avg: 0.1, Max: 0.2, Diff: 0.2, Sum: 0.3]
      [Object Copy (ms): Min: 12.8, Avg: 13.2, Max: 14.0, Diff: 1.3, Sum: 52.9]
      [Termination (ms): Min: 0.0, Avg: 0.8, Max: 1.2, Diff: 1.2, Sum: 3.3]
         [Termination Attempts: Min: 1, Avg: 1.0, Max: 1, Diff: 0, Sum: 4]
      [GC Worker Other (ms): Min: 0.0, Avg: 0.0, Max: 0.0, Diff: 0.0, Sum: 0.1]
      [GC Worker Total (ms): Min: 15.4, Avg: 15.8, Max: 16.2, Diff: 0.9, Sum: 63.0]
      [GC Worker End (ms): Min: 31909952.2, Avg: 31909952.3, Max: 31909952.5, Diff: 0.3]
   [Code Root Fixup: 0.0 ms]
   [Code Root Purge: 0.0 ms]
   [Clear CT: 0.1 ms]
   [Other: 2.6 ms]
      [Choose CSet: 0.0 ms]
      [Ref Proc: 2.2 ms]
      [Ref Enq: 0.0 ms]
      [Redirty Cards: 0.1 ms]
      [Humongous Register: 0.0 ms]
      [Humongous Reclaim: 0.0 ms]
      [Free CSet: 0.1 ms]
   [Eden: 46.0M(46.0M)->0.0B(47.0M) Survivors: 5120.0K->4096.0K Heap: 195.0M(1024.0M)->148.5M(1024.0M)]
 [Times: user=0.04 sys=0.01, real=0.02 secs] 
2020-04-15T17:57:23.165+0800: 32004.188: [GC pause (G1 Evacuation Pause) (young), 0.0080060 secs]
   [Parallel Time: 7.5 ms, GC Workers: 4]
      [GC Worker Start (ms): Min: 32004188.4, Avg: 32004188.4, Max: 32004188.4, Diff: 0.0]
      [Ext Root Scanning (ms): Min: 0.6, Avg: 0.6, Max: 0.6, Diff: 0.1, Sum: 2.4]
      [Update RS (ms): Min: 0.5, Avg: 0.6, Max: 0.6, Diff: 0.1, Sum: 2.2]
         [Processed Buffers: Min: 1, Avg: 8.0, Max: 26, Diff: 25, Sum: 32]
      [Scan RS (ms): Min: 0.0, Avg: 0.0, Max: 0.0, Diff: 0.0, Sum: 0.0]
      [Code Root Scanning (ms): Min: 0.0, Avg: 0.1, Max: 0.1, Diff: 0.1, Sum: 0.2]
      [Object Copy (ms): Min: 6.1, Avg: 6.1, Max: 6.2, Diff: 0.1, Sum: 24.6]
      [Termination (ms): Min: 0.0, Avg: 0.0, Max: 0.0, Diff: 0.0, Sum: 0.0]
         [Termination Attempts: Min: 1, Avg: 1.0, Max: 1, Diff: 0, Sum: 4]
      [GC Worker Other (ms): Min: 0.0, Avg: 0.0, Max: 0.0, Diff: 0.0, Sum: 0.1]
      [GC Worker Total (ms): Min: 7.4, Avg: 7.4, Max: 7.4, Diff: 0.0, Sum: 29.5]
      [GC Worker End (ms): Min: 32004195.8, Avg: 32004195.8, Max: 32004195.8, Diff: 0.0]
   [Code Root Fixup: 0.0 ms]
   [Code Root Purge: 0.0 ms]
   [Clear CT: 0.1 ms]
   [Other: 0.5 ms]
      [Choose CSet: 0.0 ms]
      [Ref Proc: 0.1 ms]
      [Ref Enq: 0.0 ms]
      [Redirty Cards: 0.1 ms]
      [Humongous Register: 0.0 ms]
      [Humongous Reclaim: 0.0 ms]
      [Free CSet: 0.0 ms]
   [Eden: 47.0M(47.0M)->0.0B(46.0M) Survivors: 4096.0K->5120.0K Heap: 195.5M(1024.0M)->149.0M(1024.0M)]
 [Times: user=0.03 sys=0.00, real=0.01 secs] 
2020-04-15T17:58:54.824+0800: 32095.846: [GC pause (G1 Evacuation Pause) (young), 0.0088418 secs]
   [Parallel Time: 7.4 ms, GC Workers: 4]
      [GC Worker Start (ms): Min: 32095846.3, Avg: 32095848.2, Max: 32095853.0, Diff: 6.7]
      [Ext Root Scanning (ms): Min: 0.0, Avg: 0.6, Max: 1.1, Diff: 1.1, Sum: 2.4]
      [Update RS (ms): Min: 0.0, Avg: 0.5, Max: 0.6, Diff: 0.6, Sum: 1.9]
         [Processed Buffers: Min: 0, Avg: 8.0, Max: 29, Diff: 29, Sum: 32]
      [Scan RS (ms): Min: 0.0, Avg: 0.0, Max: 0.0, Diff: 0.0, Sum: 0.0]
      [Code Root Scanning (ms): Min: 0.0, Avg: 0.0, Max: 0.1, Diff: 0.1, Sum: 0.2]
      [Object Copy (ms): Min: 0.2, Avg: 3.9, Max: 5.2, Diff: 5.0, Sum: 15.6]
      [Termination (ms): Min: 0.0, Avg: 0.0, Max: 0.0, Diff: 0.0, Sum: 0.0]
         [Termination Attempts: Min: 1, Avg: 1.0, Max: 1, Diff: 0, Sum: 4]
      [GC Worker Other (ms): Min: 0.0, Avg: 0.0, Max: 0.1, Diff: 0.0, Sum: 0.1]
      [GC Worker Total (ms): Min: 0.2, Avg: 5.0, Max: 7.0, Diff: 6.7, Sum: 20.1]
      [GC Worker End (ms): Min: 32095853.2, Avg: 32095853.3, Max: 32095853.3, Diff: 0.0]
   [Code Root Fixup: 0.0 ms]
   [Code Root Purge: 0.0 ms]
   [Clear CT: 0.1 ms]
   [Other: 1.3 ms]
      [Choose CSet: 0.0 ms]
      [Ref Proc: 0.7 ms]
      [Ref Enq: 0.0 ms]
      [Redirty Cards: 0.0 ms]
      [Humongous Register: 0.2 ms]
      [Humongous Reclaim: 0.0 ms]
      [Free CSet: 0.0 ms]
   [Eden: 46.0M(46.0M)->0.0B(104.0M) Survivors: 5120.0K->4096.0K Heap: 195.0M(1024.0M)->148.5M(1024.0M)]
 [Times: user=0.02 sys=0.00, real=0.01 secs] 
2020-04-15T18:02:21.745+0800: 32302.764: [GC pause (G1 Evacuation Pause) (young), 0.0102447 secs]
   [Parallel Time: 9.6 ms, GC Workers: 4]
      [GC Worker Start (ms): Min: 32302764.0, Avg: 32302764.4, Max: 32302765.4, Diff: 1.4]
      [Ext Root Scanning (ms): Min: 0.0, Avg: 0.5, Max: 0.7, Diff: 0.7, Sum: 1.9]
      [Update RS (ms): Min: 0.0, Avg: 0.5, Max: 0.8, Diff: 0.8, Sum: 1.9]
         [Processed Buffers: Min: 0, Avg: 7.5, Max: 25, Diff: 25, Sum: 30]
      [Scan RS (ms): Min: 0.0, Avg: 0.0, Max: 0.0, Diff: 0.0, Sum: 0.1]
      [Code Root Scanning (ms): Min: 0.0, Avg: 0.1, Max: 0.1, Diff: 0.1, Sum: 0.2]
      [Object Copy (ms): Min: 8.1, Avg: 8.2, Max: 8.2, Diff: 0.1, Sum: 32.7]
      [Termination (ms): Min: 0.0, Avg: 0.0, Max: 0.0, Diff: 0.0, Sum: 0.0]
         [Termination Attempts: Min: 1, Avg: 1.5, Max: 2, Diff: 1, Sum: 6]
      [GC Worker Other (ms): Min: 0.0, Avg: 0.0, Max: 0.0, Diff: 0.0, Sum: 0.1]
      [GC Worker Total (ms): Min: 8.2, Avg: 9.2, Max: 9.6, Diff: 1.4, Sum: 36.8]
      [GC Worker End (ms): Min: 32302773.6, Avg: 32302773.6, Max: 32302773.6, Diff: 0.0]
   [Code Root Fixup: 0.0 ms]
   [Code Root Purge: 0.0 ms]
   [Clear CT: 0.1 ms]
   [Other: 0.5 ms]
      [Choose CSet: 0.0 ms]
      [Ref Proc: 0.2 ms]
      [Ref Enq: 0.0 ms]
      [Redirty Cards: 0.0 ms]
      [Humongous Register: 0.0 ms]
      [Humongous Reclaim: 0.0 ms]
      [Free CSet: 0.1 ms]
   [Eden: 104.0M(104.0M)->0.0B(230.0M) Survivors: 4096.0K->5120.0K Heap: 252.5M(1024.0M)->149.0M(1024.0M)]
 [Times: user=0.03 sys=0.01, real=0.01 secs] 
2020-04-15T18:09:54.374+0800: 32755.386: [GC pause (G1 Evacuation Pause) (young), 0.0108447 secs]
   [Parallel Time: 10.2 ms, GC Workers: 4]
      [GC Worker Start (ms): Min: 32755386.5, Avg: 32755386.5, Max: 32755386.5, Diff: 0.0]
      [Ext Root Scanning (ms): Min: 0.5, Avg: 0.5, Max: 0.6, Diff: 0.1, Sum: 2.2]
      [Update RS (ms): Min: 0.5, Avg: 0.5, Max: 0.6, Diff: 0.1, Sum: 2.2]
         [Processed Buffers: Min: 1, Avg: 8.2, Max: 30, Diff: 29, Sum: 33]
      [Scan RS (ms): Min: 0.0, Avg: 0.0, Max: 0.1, Diff: 0.0, Sum: 0.2]
      [Code Root Scanning (ms): Min: 0.0, Avg: 0.0, Max: 0.2, Diff: 0.2, Sum: 0.2]
      [Object Copy (ms): Min: 8.9, Avg: 8.9, Max: 9.0, Diff: 0.1, Sum: 35.8]
      [Termination (ms): Min: 0.0, Avg: 0.0, Max: 0.0, Diff: 0.0, Sum: 0.0]
         [Termination Attempts: Min: 1, Avg: 1.0, Max: 1, Diff: 0, Sum: 4]
      [GC Worker Other (ms): Min: 0.0, Avg: 0.0, Max: 0.0, Diff: 0.0, Sum: 0.1]
      [GC Worker Total (ms): Min: 10.1, Avg: 10.2, Max: 10.2, Diff: 0.0, Sum: 40.6]
      [GC Worker End (ms): Min: 32755396.7, Avg: 32755396.7, Max: 32755396.7, Diff: 0.0]
   [Code Root Fixup: 0.0 ms]
   [Code Root Purge: 0.0 ms]
   [Clear CT: 0.1 ms]
   [Other: 0.5 ms]
      [Choose CSet: 0.0 ms]
      [Ref Proc: 0.2 ms]
      [Ref Enq: 0.0 ms]
      [Redirty Cards: 0.1 ms]
      [Humongous Register: 0.0 ms]
      [Humongous Reclaim: 0.0 ms]
      [Free CSet: 0.1 ms]
   [Eden: 230.0M(230.0M)->0.0B(333.0M) Survivors: 5120.0K->5120.0K Heap: 379.0M(1024.0M)->149.0M(1024.0M)]
 [Times: user=0.02 sys=0.01, real=0.02 secs] 
2020-04-15T18:21:41.365+0800: 33462.368: [GC pause (G1 Evacuation Pause) (young), 0.0151711 secs]
   [Parallel Time: 14.1 ms, GC Workers: 4]
      [GC Worker Start (ms): Min: 33462368.2, Avg: 33462368.5, Max: 33462369.2, Diff: 1.1]
      [Ext Root Scanning (ms): Min: 1.7, Avg: 3.4, Max: 6.3, Diff: 4.6, Sum: 13.5]
      [Update RS (ms): Min: 0.0, Avg: 1.2, Max: 2.5, Diff: 2.5, Sum: 4.7]
         [Processed Buffers: Min: 0, Avg: 8.2, Max: 28, Diff: 28, Sum: 33]
      [Scan RS (ms): Min: 0.0, Avg: 0.1, Max: 0.1, Diff: 0.1, Sum: 0.2]
      [Code Root Scanning (ms): Min: 0.0, Avg: 0.0, Max: 0.1, Diff: 0.1, Sum: 0.2]
      [Object Copy (ms): Min: 7.8, Avg: 9.0, Max: 10.1, Diff: 2.3, Sum: 36.1]
      [Termination (ms): Min: 0.0, Avg: 0.0, Max: 0.0, Diff: 0.0, Sum: 0.0]
         [Termination Attempts: Min: 1, Avg: 1.0, Max: 1, Diff: 0, Sum: 4]
      [GC Worker Other (ms): Min: 0.0, Avg: 0.0, Max: 0.0, Diff: 0.0, Sum: 0.1]
      [GC Worker Total (ms): Min: 13.0, Avg: 13.7, Max: 14.1, Diff: 1.1, Sum: 54.8]
      [GC Worker End (ms): Min: 33462382.2, Avg: 33462382.2, Max: 33462382.2, Diff: 0.0]
   [Code Root Fixup: 0.0 ms]
   [Code Root Purge: 0.0 ms]
   [Clear CT: 0.1 ms]
   [Other: 0.9 ms]
      [Choose CSet: 0.0 ms]
      [Ref Proc: 0.3 ms]
      [Ref Enq: 0.0 ms]
      [Redirty Cards: 0.1 ms]
      [Humongous Register: 0.1 ms]
      [Humongous Reclaim: 0.0 ms]
      [Free CSet: 0.1 ms]
   [Eden: 333.0M(333.0M)->0.0B(468.0M) Survivors: 5120.0K->5120.0K Heap: 482.0M(1024.0M)->149.1M(1024.0M)]
 [Times: user=0.02 sys=0.01, real=0.02 secs] 
2020-04-15T18:37:55.129+0800: 34436.117: [GC pause (G1 Evacuation Pause) (young), 0.0138366 secs]
   [Parallel Time: 12.9 ms, GC Workers: 4]
      [GC Worker Start (ms): Min: 34436117.2, Avg: 34436117.6, Max: 34436118.3, Diff: 1.2]
      [Ext Root Scanning (ms): Min: 0.0, Avg: 0.5, Max: 0.8, Diff: 0.8, Sum: 2.1]
      [Update RS (ms): Min: 0.3, Avg: 0.6, Max: 0.9, Diff: 0.6, Sum: 2.3]
         [Processed Buffers: Min: 1, Avg: 8.2, Max: 25, Diff: 24, Sum: 33]
      [Scan RS (ms): Min: 0.0, Avg: 0.1, Max: 0.1, Diff: 0.1, Sum: 0.3]
      [Code Root Scanning (ms): Min: 0.0, Avg: 0.0, Max: 0.1, Diff: 0.1, Sum: 0.1]
      [Object Copy (ms): Min: 11.2, Avg: 11.3, Max: 11.4, Diff: 0.2, Sum: 45.3]
      [Termination (ms): Min: 0.0, Avg: 0.0, Max: 0.0, Diff: 0.0, Sum: 0.0]
         [Termination Attempts: Min: 1, Avg: 1.0, Max: 1, Diff: 0, Sum: 4]
      [GC Worker Other (ms): Min: 0.0, Avg: 0.0, Max: 0.0, Diff: 0.0, Sum: 0.1]
      [GC Worker Total (ms): Min: 11.7, Avg: 12.5, Max: 12.9, Diff: 1.1, Sum: 50.2]
      [GC Worker End (ms): Min: 34436130.1, Avg: 34436130.1, Max: 34436130.1, Diff: 0.0]
   [Code Root Fixup: 0.0 ms]
   [Code Root Purge: 0.0 ms]
   [Clear CT: 0.1 ms]
   [Other: 0.8 ms]
      [Choose CSet: 0.0 ms]
      [Ref Proc: 0.3 ms]
      [Ref Enq: 0.0 ms]
      [Redirty Cards: 0.0 ms]
      [Humongous Register: 0.1 ms]
      [Humongous Reclaim: 0.0 ms]
      [Free CSet: 0.2 ms]
   [Eden: 468.0M(468.0M)->0.0B(608.0M) Survivors: 5120.0K->6144.0K Heap: 617.1M(1024.0M)->150.1M(1024.0M)]
 [Times: user=0.02 sys=0.01, real=0.03 secs] 
2020-04-15T19:02:07.628+0800: 35874.613: [GC pause (G1 Evacuation Pause) (young), 0.0522163 secs]
   [Parallel Time: 49.6 ms, GC Workers: 4]
      [GC Worker Start (ms): Min: 35874614.6, Avg: 35874614.7, Max: 35874614.8, Diff: 0.2]
      [Ext Root Scanning (ms): Min: 1.3, Avg: 2.3, Max: 4.2, Diff: 2.8, Sum: 9.3]
      [Update RS (ms): Min: 0.2, Avg: 2.1, Max: 3.7, Diff: 3.5, Sum: 8.4]
         [Processed Buffers: Min: 1, Avg: 10.2, Max: 30, Diff: 29, Sum: 41]
      [Scan RS (ms): Min: 0.1, Avg: 0.1, Max: 0.1, Diff: 0.0, Sum: 0.5]
      [Code Root Scanning (ms): Min: 0.0, Avg: 0.1, Max: 0.1, Diff: 0.1, Sum: 0.2]
      [Object Copy (ms): Min: 43.3, Avg: 44.2, Max: 44.8, Diff: 1.5, Sum: 177.0]
      [Termination (ms): Min: 0.0, Avg: 0.4, Max: 0.5, Diff: 0.5, Sum: 1.4]
         [Termination Attempts: Min: 1, Avg: 1.0, Max: 1, Diff: 0, Sum: 4]
      [GC Worker Other (ms): Min: 0.0, Avg: 0.2, Max: 0.7, Diff: 0.7, Sum: 0.8]
      [GC Worker Total (ms): Min: 49.4, Avg: 49.4, Max: 49.4, Diff: 0.1, Sum: 197.6]
      [GC Worker End (ms): Min: 35874664.0, Avg: 35874664.1, Max: 35874664.1, Diff: 0.1]
   [Code Root Fixup: 0.0 ms]
   [Code Root Purge: 0.0 ms]
   [Clear CT: 0.3 ms]
   [Other: 2.3 ms]
      [Choose CSet: 0.0 ms]
      [Ref Proc: 0.3 ms]
      [Ref Enq: 0.0 ms]
      [Redirty Cards: 0.0 ms]
      [Humongous Register: 0.7 ms]
      [Humongous Reclaim: 0.0 ms]
      [Free CSet: 0.7 ms]
   [Eden: 608.0M(608.0M)->0.0B(46.0M) Survivors: 6144.0K->5120.0K Heap: 758.1M(1024.0M)->149.2M(1024.0M)]
 [Times: user=0.03 sys=0.07, real=0.06 secs] 
2020-04-15T19:03:51.119+0800: 35978.103: [GC pause (G1 Evacuation Pause) (young), 0.0107507 secs]
   [Parallel Time: 10.2 ms, GC Workers: 4]
      [GC Worker Start (ms): Min: 35978102.7, Avg: 35978102.7, Max: 35978102.8, Diff: 0.1]
      [Ext Root Scanning (ms): Min: 0.5, Avg: 0.6, Max: 0.7, Diff: 0.2, Sum: 2.3]
      [Update RS (ms): Min: 0.4, Avg: 1.9, Max: 6.0, Diff: 5.7, Sum: 7.5]
         [Processed Buffers: Min: 1, Avg: 8.5, Max: 27, Diff: 26, Sum: 34]
      [Scan RS (ms): Min: 0.0, Avg: 0.0, Max: 0.0, Diff: 0.0, Sum: 0.0]
      [Code Root Scanning (ms): Min: 0.0, Avg: 0.0, Max: 0.1, Diff: 0.1, Sum: 0.1]
      [Object Copy (ms): Min: 3.5, Avg: 7.7, Max: 9.2, Diff: 5.7, Sum: 30.6]
      [Termination (ms): Min: 0.0, Avg: 0.0, Max: 0.0, Diff: 0.0, Sum: 0.0]
         [Termination Attempts: Min: 1, Avg: 1.0, Max: 1, Diff: 0, Sum: 4]
      [GC Worker Other (ms): Min: 0.0, Avg: 0.0, Max: 0.0, Diff: 0.0, Sum: 0.1]
      [GC Worker Total (ms): Min: 10.1, Avg: 10.2, Max: 10.2, Diff: 0.0, Sum: 40.6]
      [GC Worker End (ms): Min: 35978112.9, Avg: 35978112.9, Max: 35978112.9, Diff: 0.0]
   [Code Root Fixup: 0.0 ms]
   [Code Root Purge: 0.0 ms]
   [Clear CT: 0.1 ms]
   [Other: 0.4 ms]
      [Choose CSet: 0.0 ms]
      [Ref Proc: 0.1 ms]
      [Ref Enq: 0.0 ms]
      [Redirty Cards: 0.0 ms]
      [Humongous Register: 0.1 ms]
      [Humongous Reclaim: 0.0 ms]
      [Free CSet: 0.1 ms]
   [Eden: 46.0M(46.0M)->0.0B(46.0M) Survivors: 5120.0K->5120.0K Heap: 195.2M(1024.0M)->149.2M(1024.0M)]
 [Times: user=0.03 sys=0.01, real=0.02 secs] 
2020-04-15T19:05:17.429+0800: 36064.412: [GC pause (G1 Evacuation Pause) (young), 0.0111526 secs]
   [Parallel Time: 10.6 ms, GC Workers: 4]
      [GC Worker Start (ms): Min: 36064412.4, Avg: 36064413.5, Max: 36064415.1, Diff: 2.8]
      [Ext Root Scanning (ms): Min: 0.0, Avg: 0.7, Max: 1.3, Diff: 1.3, Sum: 2.7]
      [Update RS (ms): Min: 0.0, Avg: 0.6, Max: 0.9, Diff: 0.9, Sum: 2.4]
         [Processed Buffers: Min: 0, Avg: 8.2, Max: 27, Diff: 27, Sum: 33]
      [Scan RS (ms): Min: 0.0, Avg: 0.0, Max: 0.0, Diff: 0.0, Sum: 0.1]
      [Code Root Scanning (ms): Min: 0.0, Avg: 0.0, Max: 0.1, Diff: 0.1, Sum: 0.1]
      [Object Copy (ms): Min: 7.2, Avg: 7.5, Max: 7.8, Diff: 0.6, Sum: 30.1]
      [Termination (ms): Min: 0.0, Avg: 0.0, Max: 0.0, Diff: 0.0, Sum: 0.1]
         [Termination Attempts: Min: 1, Avg: 1.0, Max: 1, Diff: 0, Sum: 4]
      [GC Worker Other (ms): Min: 0.0, Avg: 0.0, Max: 0.0, Diff: 0.0, Sum: 0.1]
      [GC Worker Total (ms): Min: 7.2, Avg: 8.9, Max: 10.0, Diff: 2.8, Sum: 35.5]
      [GC Worker End (ms): Min: 36064422.4, Avg: 36064422.4, Max: 36064422.4, Diff: 0.0]
   [Code Root Fixup: 0.0 ms]
   [Code Root Purge: 0.0 ms]
   [Clear CT: 0.0 ms]
   [Other: 0.5 ms]
      [Choose CSet: 0.0 ms]
      [Ref Proc: 0.1 ms]
      [Ref Enq: 0.0 ms]
      [Redirty Cards: 0.0 ms]
      [Humongous Register: 0.0 ms]
      [Humongous Reclaim: 0.0 ms]
      [Free CSet: 0.0 ms]
   [Eden: 46.0M(46.0M)->0.0B(65.0M) Survivors: 5120.0K->5120.0K Heap: 195.2M(1024.0M)->149.2M(1024.0M)]
 [Times: user=0.02 sys=0.01, real=0.02 secs] 
2020-04-15T19:07:26.894+0800: 36193.874: [GC pause (G1 Evacuation Pause) (young), 0.0099150 secs]
   [Parallel Time: 9.2 ms, GC Workers: 4]
      [GC Worker Start (ms): Min: 36193874.4, Avg: 36193875.0, Max: 36193876.4, Diff: 2.0]
      [Ext Root Scanning (ms): Min: 0.0, Avg: 0.8, Max: 1.8, Diff: 1.8, Sum: 3.2]
      [Update RS (ms): Min: 0.0, Avg: 0.4, Max: 0.9, Diff: 0.9, Sum: 1.8]
         [Processed Buffers: Min: 0, Avg: 8.0, Max: 22, Diff: 22, Sum: 32]
      [Scan RS (ms): Min: 0.0, Avg: 0.0, Max: 0.0, Diff: 0.0, Sum: 0.0]
      [Code Root Scanning (ms): Min: 0.0, Avg: 0.0, Max: 0.1, Diff: 0.1, Sum: 0.1]
      [Object Copy (ms): Min: 7.2, Avg: 7.3, Max: 7.3, Diff: 0.1, Sum: 29.2]
      [Termination (ms): Min: 0.0, Avg: 0.0, Max: 0.0, Diff: 0.0, Sum: 0.1]
         [Termination Attempts: Min: 1, Avg: 1.0, Max: 1, Diff: 0, Sum: 4]
      [GC Worker Other (ms): Min: 0.0, Avg: 0.0, Max: 0.0, Diff: 0.0, Sum: 0.0]
      [GC Worker Total (ms): Min: 7.2, Avg: 8.6, Max: 9.2, Diff: 2.0, Sum: 34.4]
      [GC Worker End (ms): Min: 36193883.6, Avg: 36193883.6, Max: 36193883.6, Diff: 0.0]
   [Code Root Fixup: 0.0 ms]
   [Code Root Purge: 0.0 ms]
   [Clear CT: 0.1 ms]
   [Other: 0.6 ms]
      [Choose CSet: 0.0 ms]
      [Ref Proc: 0.3 ms]
      [Ref Enq: 0.0 ms]
      [Redirty Cards: 0.1 ms]
      [Humongous Register: 0.0 ms]
      [Humongous Reclaim: 0.0 ms]
      [Free CSet: 0.0 ms]
   [Eden: 65.0M(65.0M)->0.0B(202.0M) Survivors: 5120.0K->5120.0K Heap: 214.2M(1024.0M)->149.2M(1024.0M)]
 [Times: user=0.02 sys=0.00, real=0.01 secs] 
2020-04-15T19:10:24.789+0800: 36371.767: [GC pause (G1 Evacuation Pause) (young), 0.0170607 secs]
   [Parallel Time: 10.5 ms, GC Workers: 4]
      [GC Worker Start (ms): Min: 36371773.0, Avg: 36371773.0, Max: 36371773.1, Diff: 0.1]
      [Ext Root Scanning (ms): Min: 0.6, Avg: 0.7, Max: 0.8, Diff: 0.2, Sum: 2.7]
      [Update RS (ms): Min: 0.6, Avg: 0.7, Max: 0.7, Diff: 0.1, Sum: 2.8]
         [Processed Buffers: Min: 7, Avg: 14.0, Max: 25, Diff: 18, Sum: 56]
      [Scan RS (ms): Min: 0.4, Avg: 0.4, Max: 0.6, Diff: 0.2, Sum: 1.8]
      [Code Root Scanning (ms): Min: 0.0, Avg: 0.0, Max: 0.1, Diff: 0.1, Sum: 0.1]
      [Object Copy (ms): Min: 8.5, Avg: 8.6, Max: 8.7, Diff: 0.3, Sum: 34.4]
      [Termination (ms): Min: 0.0, Avg: 0.0, Max: 0.0, Diff: 0.0, Sum: 0.0]
         [Termination Attempts: Min: 1, Avg: 2.0, Max: 3, Diff: 2, Sum: 8]
      [GC Worker Other (ms): Min: 0.0, Avg: 0.0, Max: 0.0, Diff: 0.0, Sum: 0.1]
      [GC Worker Total (ms): Min: 10.4, Avg: 10.4, Max: 10.5, Diff: 0.1, Sum: 41.8]
      [GC Worker End (ms): Min: 36371783.5, Avg: 36371783.5, Max: 36371783.5, Diff: 0.0]
   [Code Root Fixup: 0.0 ms]
   [Code Root Purge: 0.0 ms]
   [Clear CT: 0.1 ms]
   [Other: 6.4 ms]
      [Choose CSet: 0.0 ms]
      [Ref Proc: 0.2 ms]
      [Ref Enq: 0.0 ms]
      [Redirty Cards: 0.0 ms]
      [Humongous Register: 0.0 ms]
      [Humongous Reclaim: 0.0 ms]
      [Free CSet: 0.1 ms]
   [Eden: 84.0M(46.0M)->0.0B(46.0M) Survivors: 5120.0K->5120.0K Heap: 236.7M(1024.0M)->149.3M(1024.0M)]
 [Times: user=0.03 sys=0.01, real=0.02 secs] 
2020-04-15T19:11:56.577+0800: 36463.554: [GC pause (G1 Evacuation Pause) (young), 0.0064487 secs]
   [Parallel Time: 5.6 ms, GC Workers: 4]
      [GC Worker Start (ms): Min: 36463553.8, Avg: 36463553.8, Max: 36463553.8, Diff: 0.1]
      [Ext Root Scanning (ms): Min: 0.5, Avg: 0.5, Max: 0.6, Diff: 0.1, Sum: 2.2]
      [Update RS (ms): Min: 0.9, Avg: 0.9, Max: 1.0, Diff: 0.1, Sum: 3.7]
         [Processed Buffers: Min: 9, Avg: 16.2, Max: 29, Diff: 20, Sum: 65]
      [Scan RS (ms): Min: 0.3, Avg: 0.3, Max: 0.4, Diff: 0.1, Sum: 1.4]
      [Code Root Scanning (ms): Min: 0.0, Avg: 0.0, Max: 0.0, Diff: 0.0, Sum: 0.0]
      [Object Copy (ms): Min: 3.7, Avg: 3.7, Max: 3.7, Diff: 0.0, Sum: 14.7]
      [Termination (ms): Min: 0.0, Avg: 0.0, Max: 0.0, Diff: 0.0, Sum: 0.0]
         [Termination Attempts: Min: 1, Avg: 1.2, Max: 2, Diff: 1, Sum: 5]
      [GC Worker Other (ms): Min: 0.0, Avg: 0.0, Max: 0.0, Diff: 0.0, Sum: 0.1]
      [GC Worker Total (ms): Min: 5.5, Avg: 5.5, Max: 5.5, Diff: 0.1, Sum: 22.0]
      [GC Worker End (ms): Min: 36463559.3, Avg: 36463559.3, Max: 36463559.3, Diff: 0.0]
   [Code Root Fixup: 0.0 ms]
   [Code Root Purge: 0.0 ms]
   [Clear CT: 0.1 ms]
   [Other: 0.7 ms]
      [Choose CSet: 0.0 ms]
      [Ref Proc: 0.2 ms]
      [Ref Enq: 0.0 ms]
      [Redirty Cards: 0.1 ms]
      [Humongous Register: 0.0 ms]
      [Humongous Reclaim: 0.0 ms]
      [Free CSet: 0.1 ms]
   [Eden: 46.0M(46.0M)->0.0B(46.0M) Survivors: 5120.0K->5120.0K Heap: 202.3M(1024.0M)->149.3M(1024.0M)]
 [Times: user=0.02 sys=0.00, real=0.01 secs] 
2020-04-15T19:13:29.136+0800: 36556.111: [GC pause (G1 Evacuation Pause) (young), 0.0073274 secs]
   [Parallel Time: 6.5 ms, GC Workers: 4]
      [GC Worker Start (ms): Min: 36556111.4, Avg: 36556111.5, Max: 36556111.5, Diff: 0.1]
      [Ext Root Scanning (ms): Min: 0.5, Avg: 0.6, Max: 0.6, Diff: 0.1, Sum: 2.3]
      [Update RS (ms): Min: 0.7, Avg: 0.8, Max: 0.9, Diff: 0.2, Sum: 3.1]
         [Processed Buffers: Min: 6, Avg: 15.0, Max: 23, Diff: 17, Sum: 60]
      [Scan RS (ms): Min: 0.3, Avg: 0.3, Max: 0.4, Diff: 0.1, Sum: 1.3]
      [Code Root Scanning (ms): Min: 0.0, Avg: 0.0, Max: 0.0, Diff: 0.0, Sum: 0.0]
      [Object Copy (ms): Min: 4.6, Avg: 4.7, Max: 4.7, Diff: 0.2, Sum: 18.7]
      [Termination (ms): Min: 0.0, Avg: 0.0, Max: 0.0, Diff: 0.0, Sum: 0.0]
         [Termination Attempts: Min: 1, Avg: 1.0, Max: 1, Diff: 0, Sum: 4]
      [GC Worker Other (ms): Min: 0.0, Avg: 0.0, Max: 0.0, Diff: 0.0, Sum: 0.1]
      [GC Worker Total (ms): Min: 6.3, Avg: 6.4, Max: 6.4, Diff: 0.1, Sum: 25.5]
      [GC Worker End (ms): Min: 36556117.9, Avg: 36556117.9, Max: 36556117.9, Diff: 0.0]
   [Code Root Fixup: 0.0 ms]
   [Code Root Purge: 0.0 ms]
   [Clear CT: 0.1 ms]
   [Other: 0.7 ms]
      [Choose CSet: 0.0 ms]
      [Ref Proc: 0.2 ms]
      [Ref Enq: 0.0 ms]
      [Redirty Cards: 0.1 ms]
      [Humongous Register: 0.0 ms]
      [Humongous Reclaim: 0.0 ms]
      [Free CSet: 0.1 ms]
   [Eden: 46.0M(46.0M)->0.0B(90.0M) Survivors: 5120.0K->5120.0K Heap: 202.3M(1024.0M)->149.3M(1024.0M)]
 [Times: user=0.02 sys=0.00, real=0.01 secs] 
2020-04-15T19:16:31.935+0800: 36738.907: [GC pause (G1 Evacuation Pause) (young), 0.0106283 secs]
   [Parallel Time: 9.9 ms, GC Workers: 4]
      [GC Worker Start (ms): Min: 36738907.6, Avg: 36738907.6, Max: 36738907.7, Diff: 0.1]
      [Ext Root Scanning (ms): Min: 0.5, Avg: 0.5, Max: 0.6, Diff: 0.1, Sum: 2.2]
      [Update RS (ms): Min: 0.8, Avg: 0.9, Max: 0.9, Diff: 0.1, Sum: 3.5]
         [Processed Buffers: Min: 9, Avg: 14.8, Max: 20, Diff: 11, Sum: 59]
      [Scan RS (ms): Min: 0.1, Avg: 0.4, Max: 0.6, Diff: 0.5, Sum: 1.5]
      [Code Root Scanning (ms): Min: 0.0, Avg: 0.0, Max: 0.0, Diff: 0.0, Sum: 0.0]
      [Object Copy (ms): Min: 7.8, Avg: 8.0, Max: 8.2, Diff: 0.5, Sum: 32.1]
      [Termination (ms): Min: 0.0, Avg: 0.0, Max: 0.1, Diff: 0.1, Sum: 0.2]
         [Termination Attempts: Min: 1, Avg: 1.2, Max: 2, Diff: 1, Sum: 5]
      [GC Worker Other (ms): Min: 0.0, Avg: 0.0, Max: 0.0, Diff: 0.0, Sum: 0.1]
      [GC Worker Total (ms): Min: 9.8, Avg: 9.9, Max: 9.9, Diff: 0.1, Sum: 39.4]
      [GC Worker End (ms): Min: 36738917.5, Avg: 36738917.5, Max: 36738917.5, Diff: 0.0]
   [Code Root Fixup: 0.0 ms]
   [Code Root Purge: 0.0 ms]
   [Clear CT: 0.0 ms]
   [Other: 0.6 ms]
      [Choose CSet: 0.0 ms]
      [Ref Proc: 0.2 ms]
      [Ref Enq: 0.0 ms]
      [Redirty Cards: 0.0 ms]
      [Humongous Register: 0.0 ms]
      [Humongous Reclaim: 0.1 ms]
      [Free CSet: 0.1 ms]
   [Eden: 90.0M(90.0M)->0.0B(318.0M) Survivors: 5120.0K->5120.0K Heap: 253.3M(1024.0M)->149.4M(1024.0M)]
 [Times: user=0.02 sys=0.02, real=0.01 secs] 
2020-04-15T19:27:07.283+0800: 37374.247: [GC pause (G1 Evacuation Pause) (young), 0.0117614 secs]
   [Parallel Time: 11.0 ms, GC Workers: 4]
      [GC Worker Start (ms): Min: 37374247.2, Avg: 37374247.2, Max: 37374247.2, Diff: 0.1]
      [Ext Root Scanning (ms): Min: 0.7, Avg: 0.8, Max: 0.9, Diff: 0.1, Sum: 3.1]
      [Update RS (ms): Min: 1.2, Avg: 1.2, Max: 1.4, Diff: 0.2, Sum: 4.9]
         [Processed Buffers: Min: 11, Avg: 15.0, Max: 22, Diff: 11, Sum: 60]
      [Scan RS (ms): Min: 0.0, Avg: 0.1, Max: 0.1, Diff: 0.1, Sum: 0.3]
      [Code Root Scanning (ms): Min: 0.0, Avg: 0.0, Max: 0.0, Diff: 0.0, Sum: 0.1]
      [Object Copy (ms): Min: 8.7, Avg: 8.7, Max: 8.8, Diff: 0.1, Sum: 34.9]
      [Termination (ms): Min: 0.0, Avg: 0.0, Max: 0.0, Diff: 0.0, Sum: 0.0]
         [Termination Attempts: Min: 1, Avg: 1.0, Max: 1, Diff: 0, Sum: 4]
      [GC Worker Other (ms): Min: 0.0, Avg: 0.0, Max: 0.0, Diff: 0.0, Sum: 0.1]
      [GC Worker Total (ms): Min: 10.8, Avg: 10.8, Max: 10.9, Diff: 0.1, Sum: 43.4]
      [GC Worker End (ms): Min: 37374258.0, Avg: 37374258.0, Max: 37374258.0, Diff: 0.0]
   [Code Root Fixup: 0.0 ms]
   [Code Root Purge: 0.0 ms]
   [Clear CT: 0.1 ms]
   [Other: 0.7 ms]
      [Choose CSet: 0.0 ms]
      [Ref Proc: 0.2 ms]
      [Ref Enq: 0.0 ms]
      [Redirty Cards: 0.0 ms]
      [Humongous Register: 0.0 ms]
      [Humongous Reclaim: 0.1 ms]
      [Free CSet: 0.1 ms]
   [Eden: 318.0M(318.0M)->0.0B(609.0M) Survivors: 5120.0K->5120.0K Heap: 498.0M(1024.0M)->149.9M(1024.0M)]
 [Times: user=0.03 sys=0.01, real=0.02 secs] 
2020-04-15T19:50:57.018+0800: 38803.962: [GC pause (G1 Evacuation Pause) (young), 0.0084501 secs]
   [Parallel Time: 7.6 ms, GC Workers: 4]
      [GC Worker Start (ms): Min: 38803961.9, Avg: 38803961.9, Max: 38803961.9, Diff: 0.1]
      [Ext Root Scanning (ms): Min: 0.6, Avg: 0.6, Max: 0.6, Diff: 0.1, Sum: 2.4]
      [Update RS (ms): Min: 1.2, Avg: 1.2, Max: 1.3, Diff: 0.2, Sum: 5.0]
         [Processed Buffers: Min: 8, Avg: 15.2, Max: 18, Diff: 10, Sum: 61]
      [Scan RS (ms): Min: 0.1, Avg: 0.1, Max: 0.2, Diff: 0.1, Sum: 0.5]
      [Code Root Scanning (ms): Min: 0.0, Avg: 0.0, Max: 0.0, Diff: 0.0, Sum: 0.1]
      [Object Copy (ms): Min: 5.4, Avg: 5.4, Max: 5.4, Diff: 0.0, Sum: 21.7]
      [Termination (ms): Min: 0.0, Avg: 0.0, Max: 0.0, Diff: 0.0, Sum: 0.0]
         [Termination Attempts: Min: 1, Avg: 1.0, Max: 1, Diff: 0, Sum: 4]
      [GC Worker Other (ms): Min: 0.0, Avg: 0.1, Max: 0.1, Diff: 0.0, Sum: 0.2]
      [GC Worker Total (ms): Min: 7.5, Avg: 7.5, Max: 7.5, Diff: 0.0, Sum: 29.9]
      [GC Worker End (ms): Min: 38803969.4, Avg: 38803969.4, Max: 38803969.4, Diff: 0.0]
   [Code Root Fixup: 0.0 ms]
   [Code Root Purge: 0.0 ms]
   [Clear CT: 0.1 ms]
   [Other: 0.7 ms]
      [Choose CSet: 0.0 ms]
      [Ref Proc: 0.3 ms]
      [Ref Enq: 0.0 ms]
      [Redirty Cards: 0.0 ms]
      [Humongous Register: 0.0 ms]
      [Humongous Reclaim: 0.0 ms]
      [Free CSet: 0.2 ms]
   [Eden: 609.0M(609.0M)->0.0B(609.0M) Survivors: 5120.0K->5120.0K Heap: 765.9M(1024.0M)->149.4M(1024.0M)]
 [Times: user=0.03 sys=0.00, real=0.02 secs] 
2020-04-15T20:18:38.006+0800: 40208.557: [GC pause (G1 Evacuation Pause) (young), 0.0169114 secs]
   [Parallel Time: 13.7 ms, GC Workers: 4]
      [GC Worker Start (ms): Min: 40208558.5, Avg: 40208558.6, Max: 40208558.6, Diff: 0.1]
      [Ext Root Scanning (ms): Min: 2.2, Avg: 2.8, Max: 4.3, Diff: 2.1, Sum: 11.1]
      [Update RS (ms): Min: 0.0, Avg: 1.0, Max: 1.4, Diff: 1.4, Sum: 3.9]
         [Processed Buffers: Min: 0, Avg: 15.0, Max: 23, Diff: 23, Sum: 60]
      [Scan RS (ms): Min: 0.0, Avg: 0.1, Max: 0.2, Diff: 0.2, Sum: 0.4]
      [Code Root Scanning (ms): Min: 0.0, Avg: 0.0, Max: 0.0, Diff: 0.0, Sum: 0.1]
      [Object Copy (ms): Min: 8.6, Avg: 9.1, Max: 9.7, Diff: 1.1, Sum: 36.5]
      [Termination (ms): Min: 0.0, Avg: 0.5, Max: 0.6, Diff: 0.6, Sum: 1.8]
         [Termination Attempts: Min: 1, Avg: 1.0, Max: 1, Diff: 0, Sum: 4]
      [GC Worker Other (ms): Min: 0.0, Avg: 0.0, Max: 0.0, Diff: 0.0, Sum: 0.1]
      [GC Worker Total (ms): Min: 13.4, Avg: 13.5, Max: 13.6, Diff: 0.1, Sum: 54.0]
      [GC Worker End (ms): Min: 40208572.1, Avg: 40208572.1, Max: 40208572.1, Diff: 0.0]
   [Code Root Fixup: 0.0 ms]
   [Code Root Purge: 0.0 ms]
   [Clear CT: 0.1 ms]
   [Other: 3.1 ms]
      [Choose CSet: 0.0 ms]
      [Ref Proc: 0.4 ms]
      [Ref Enq: 0.0 ms]
      [Redirty Cards: 0.1 ms]
      [Humongous Register: 0.9 ms]
      [Humongous Reclaim: 0.0 ms]
      [Free CSet: 1.3 ms]
   [Eden: 609.0M(609.0M)->0.0B(150.0M) Survivors: 5120.0K->5120.0K Heap: 761.9M(1024.0M)->149.9M(1024.0M)]
 [Times: user=0.03 sys=0.02, real=0.02 secs] 
2020-04-15T20:23:57.593+0800: 40515.879: [GC pause (G1 Evacuation Pause) (young), 0.0059244 secs]
   [Parallel Time: 5.4 ms, GC Workers: 4]
      [GC Worker Start (ms): Min: 40515879.0, Avg: 40515879.0, Max: 40515879.0, Diff: 0.1]
      [Ext Root Scanning (ms): Min: 0.5, Avg: 0.5, Max: 0.6, Diff: 0.1, Sum: 2.1]
      [Update RS (ms): Min: 0.4, Avg: 0.4, Max: 0.4, Diff: 0.1, Sum: 1.6]
         [Processed Buffers: Min: 1, Avg: 10.0, Max: 26, Diff: 25, Sum: 40]
      [Scan RS (ms): Min: 0.0, Avg: 0.0, Max: 0.0, Diff: 0.0, Sum: 0.1]
      [Code Root Scanning (ms): Min: 0.0, Avg: 0.0, Max: 0.0, Diff: 0.0, Sum: 0.0]
      [Object Copy (ms): Min: 4.2, Avg: 4.2, Max: 4.3, Diff: 0.1, Sum: 17.0]
      [Termination (ms): Min: 0.0, Avg: 0.0, Max: 0.0, Diff: 0.0, Sum: 0.0]
         [Termination Attempts: Min: 1, Avg: 1.0, Max: 1, Diff: 0, Sum: 4]
      [GC Worker Other (ms): Min: 0.0, Avg: 0.0, Max: 0.0, Diff: 0.0, Sum: 0.1]
      [GC Worker Total (ms): Min: 5.2, Avg: 5.2, Max: 5.3, Diff: 0.1, Sum: 20.9]
      [GC Worker End (ms): Min: 40515884.3, Avg: 40515884.3, Max: 40515884.3, Diff: 0.0]
   [Code Root Fixup: 0.0 ms]
   [Code Root Purge: 0.0 ms]
   [Clear CT: 0.1 ms]
   [Other: 0.5 ms]
      [Choose CSet: 0.0 ms]
      [Ref Proc: 0.1 ms]
      [Ref Enq: 0.0 ms]
      [Redirty Cards: 0.0 ms]
      [Humongous Register: 0.0 ms]
      [Humongous Reclaim: 0.0 ms]
      [Free CSet: 0.1 ms]
   [Eden: 150.0M(150.0M)->0.0B(424.0M) Survivors: 5120.0K->5120.0K Heap: 299.9M(1024.0M)->149.4M(1024.0M)]
 [Times: user=0.02 sys=0.00, real=0.01 secs] 
2020-04-15T20:43:17.870+0800: 41353.398: [GC pause (G1 Evacuation Pause) (young), 0.0768289 secs]
   [Parallel Time: 64.9 ms, GC Workers: 4]
      [GC Worker Start (ms): Min: 41353398.4, Avg: 41353400.7, Max: 41353404.6, Diff: 6.2]
      [Ext Root Scanning (ms): Min: 0.0, Avg: 1.9, Max: 3.6, Diff: 3.5, Sum: 7.5]
      [Update RS (ms): Min: 0.0, Avg: 2.0, Max: 3.1, Diff: 3.1, Sum: 7.8]
         [Processed Buffers: Min: 0, Avg: 9.8, Max: 23, Diff: 23, Sum: 39]
      [Scan RS (ms): Min: 0.1, Avg: 0.3, Max: 0.5, Diff: 0.4, Sum: 1.4]
      [Code Root Scanning (ms): Min: 0.0, Avg: 0.1, Max: 0.2, Diff: 0.2, Sum: 0.5]
      [Object Copy (ms): Min: 42.0, Avg: 46.1, Max: 51.7, Diff: 9.7, Sum: 184.3]
      [Termination (ms): Min: 0.0, Avg: 8.7, Max: 15.8, Diff: 15.8, Sum: 34.7]
         [Termination Attempts: Min: 1, Avg: 1.0, Max: 1, Diff: 0, Sum: 4]
      [GC Worker Other (ms): Min: 0.1, Avg: 0.1, Max: 0.2, Diff: 0.1, Sum: 0.4]
      [GC Worker Total (ms): Min: 57.8, Avg: 59.1, Max: 61.6, Diff: 3.8, Sum: 236.5]
      [GC Worker End (ms): Min: 41353456.8, Avg: 41353459.8, Max: 41353462.9, Diff: 6.1]
   [Code Root Fixup: 0.0 ms]
   [Code Root Purge: 0.0 ms]
   [Clear CT: 0.5 ms]
   [Other: 11.4 ms]
      [Choose CSet: 0.0 ms]
      [Ref Proc: 9.2 ms]
      [Ref Enq: 0.0 ms]
      [Redirty Cards: 0.5 ms]
      [Humongous Register: 0.1 ms]
      [Humongous Reclaim: 0.1 ms]
      [Free CSet: 0.7 ms]
   [Eden: 424.0M(424.0M)->0.0B(46.0M) Survivors: 5120.0K->5120.0K Heap: 573.4M(1024.0M)->149.4M(1024.0M)]
 [Times: user=0.14 sys=0.01, real=0.08 secs] 
2020-04-15T20:45:38.699+0800: 41440.423: [GC pause (G1 Evacuation Pause) (young), 0.0049694 secs]
   [Parallel Time: 4.3 ms, GC Workers: 4]
      [GC Worker Start (ms): Min: 41440422.7, Avg: 41440422.7, Max: 41440422.8, Diff: 0.0]
      [Ext Root Scanning (ms): Min: 0.3, Avg: 0.4, Max: 0.4, Diff: 0.1, Sum: 1.5]
      [Update RS (ms): Min: 0.3, Avg: 0.4, Max: 0.4, Diff: 0.1, Sum: 1.5]
         [Processed Buffers: Min: 1, Avg: 9.2, Max: 20, Diff: 19, Sum: 37]
      [Scan RS (ms): Min: 0.0, Avg: 0.0, Max: 0.0, Diff: 0.0, Sum: 0.0]
      [Code Root Scanning (ms): Min: 0.0, Avg: 0.0, Max: 0.0, Diff: 0.0, Sum: 0.0]
      [Object Copy (ms): Min: 3.4, Avg: 3.4, Max: 3.5, Diff: 0.1, Sum: 13.7]
      [Termination (ms): Min: 0.0, Avg: 0.0, Max: 0.0, Diff: 0.0, Sum: 0.0]
         [Termination Attempts: Min: 1, Avg: 1.0, Max: 1, Diff: 0, Sum: 4]
      [GC Worker Other (ms): Min: 0.0, Avg: 0.0, Max: 0.0, Diff: 0.0, Sum: 0.1]
      [GC Worker Total (ms): Min: 4.2, Avg: 4.2, Max: 4.2, Diff: 0.0, Sum: 16.9]
      [GC Worker End (ms): Min: 41440426.9, Avg: 41440427.0, Max: 41440427.0, Diff: 0.0]
   [Code Root Fixup: 0.0 ms]
   [Code Root Purge: 0.0 ms]
   [Clear CT: 0.1 ms]
   [Other: 0.6 ms]
      [Choose CSet: 0.0 ms]
      [Ref Proc: 0.3 ms]
      [Ref Enq: 0.0 ms]
      [Redirty Cards: 0.0 ms]
      [Humongous Register: 0.0 ms]
      [Humongous Reclaim: 0.0 ms]
      [Free CSet: 0.0 ms]
   [Eden: 46.0M(46.0M)->0.0B(46.0M) Survivors: 5120.0K->5120.0K Heap: 195.4M(1024.0M)->149.4M(1024.0M)]
 [Times: user=0.01 sys=0.00, real=0.01 secs] 
2020-04-15T20:47:13.890+0800: 41535.209: [GC pause (G1 Evacuation Pause) (young), 0.0068477 secs]
   [Parallel Time: 6.3 ms, GC Workers: 4]
      [GC Worker Start (ms): Min: 41535209.1, Avg: 41535209.2, Max: 41535209.2, Diff: 0.1]
      [Ext Root Scanning (ms): Min: 0.5, Avg: 0.5, Max: 0.6, Diff: 0.1, Sum: 2.1]
      [Update RS (ms): Min: 0.3, Avg: 0.4, Max: 0.5, Diff: 0.2, Sum: 1.6]
         [Processed Buffers: Min: 1, Avg: 8.5, Max: 26, Diff: 25, Sum: 34]
      [Scan RS (ms): Min: 0.0, Avg: 0.0, Max: 0.0, Diff: 0.0, Sum: 0.0]
      [Code Root Scanning (ms): Min: 0.0, Avg: 0.0, Max: 0.0, Diff: 0.0, Sum: 0.0]
      [Object Copy (ms): Min: 5.2, Avg: 5.3, Max: 5.4, Diff: 0.2, Sum: 21.3]
      [Termination (ms): Min: 0.0, Avg: 0.0, Max: 0.0, Diff: 0.0, Sum: 0.0]
         [Termination Attempts: Min: 1, Avg: 1.0, Max: 1, Diff: 0, Sum: 4]
      [GC Worker Other (ms): Min: 0.0, Avg: 0.0, Max: 0.0, Diff: 0.0, Sum: 0.1]
      [GC Worker Total (ms): Min: 6.2, Avg: 6.3, Max: 6.3, Diff: 0.1, Sum: 25.1]
      [GC Worker End (ms): Min: 41535215.4, Avg: 41535215.4, Max: 41535215.4, Diff: 0.0]
   [Code Root Fixup: 0.0 ms]
   [Code Root Purge: 0.0 ms]
   [Clear CT: 0.1 ms]
   [Other: 0.4 ms]
      [Choose CSet: 0.0 ms]
      [Ref Proc: 0.1 ms]
      [Ref Enq: 0.0 ms]
      [Redirty Cards: 0.1 ms]
      [Humongous Register: 0.0 ms]
      [Humongous Reclaim: 0.0 ms]
      [Free CSet: 0.0 ms]
   [Eden: 46.0M(46.0M)->0.0B(46.0M) Survivors: 5120.0K->5120.0K Heap: 195.4M(1024.0M)->149.4M(1024.0M)]
 [Times: user=0.02 sys=0.00, real=0.00 secs] 
2020-04-15T20:48:51.135+0800: 41630.160: [GC pause (G1 Evacuation Pause) (young), 0.0087817 secs]
   [Parallel Time: 8.0 ms, GC Workers: 4]
      [GC Worker Start (ms): Min: 41630160.4, Avg: 41630160.4, Max: 41630160.4, Diff: 0.1]
      [Ext Root Scanning (ms): Min: 0.6, Avg: 0.6, Max: 0.7, Diff: 0.1, Sum: 2.5]
      [Update RS (ms): Min: 0.4, Avg: 0.5, Max: 0.6, Diff: 0.3, Sum: 2.0]
         [Processed Buffers: Min: 1, Avg: 8.8, Max: 22, Diff: 21, Sum: 35]
      [Scan RS (ms): Min: 0.0, Avg: 0.0, Max: 0.0, Diff: 0.0, Sum: 0.1]
      [Code Root Scanning (ms): Min: 0.0, Avg: 0.0, Max: 0.1, Diff: 0.1, Sum: 0.1]
      [Object Copy (ms): Min: 6.5, Avg: 6.6, Max: 6.7, Diff: 0.1, Sum: 26.5]
      [Termination (ms): Min: 0.0, Avg: 0.0, Max: 0.0, Diff: 0.0, Sum: 0.0]
         [Termination Attempts: Min: 1, Avg: 1.0, Max: 1, Diff: 0, Sum: 4]
      [GC Worker Other (ms): Min: 0.0, Avg: 0.0, Max: 0.0, Diff: 0.0, Sum: 0.1]
      [GC Worker Total (ms): Min: 7.8, Avg: 7.8, Max: 7.8, Diff: 0.1, Sum: 31.2]
      [GC Worker End (ms): Min: 41630168.2, Avg: 41630168.2, Max: 41630168.2, Diff: 0.0]
   [Code Root Fixup: 0.0 ms]
   [Code Root Purge: 0.0 ms]
   [Clear CT: 0.1 ms]
   [Other: 0.7 ms]
      [Choose CSet: 0.0 ms]
      [Ref Proc: 0.2 ms]
      [Ref Enq: 0.0 ms]
      [Redirty Cards: 0.1 ms]
      [Humongous Register: 0.0 ms]
      [Humongous Reclaim: 0.0 ms]
      [Free CSet: 0.1 ms]
   [Eden: 46.0M(46.0M)->0.0B(68.0M) Survivors: 5120.0K->5120.0K Heap: 195.4M(1024.0M)->149.8M(1024.0M)]
 [Times: user=0.03 sys=0.00, real=0.01 secs] 
2020-04-15T20:53:09.509+0800: 41760.174: [GC pause (G1 Evacuation Pause) (young), 0.0063162 secs]
   [Parallel Time: 5.7 ms, GC Workers: 4]
      [GC Worker Start (ms): Min: 41760174.1, Avg: 41760174.2, Max: 41760174.2, Diff: 0.0]
      [Ext Root Scanning (ms): Min: 0.5, Avg: 0.5, Max: 0.6, Diff: 0.1, Sum: 2.2]
      [Update RS (ms): Min: 0.9, Avg: 1.0, Max: 1.1, Diff: 0.2, Sum: 4.0]
         [Processed Buffers: Min: 2, Avg: 10.5, Max: 15, Diff: 13, Sum: 42]
      [Scan RS (ms): Min: 0.0, Avg: 0.0, Max: 0.0, Diff: 0.0, Sum: 0.1]
      [Code Root Scanning (ms): Min: 0.0, Avg: 0.0, Max: 0.0, Diff: 0.0, Sum: 0.1]
      [Object Copy (ms): Min: 3.9, Avg: 4.0, Max: 4.0, Diff: 0.1, Sum: 16.0]
      [Termination (ms): Min: 0.0, Avg: 0.0, Max: 0.0, Diff: 0.0, Sum: 0.0]
         [Termination Attempts: Min: 1, Avg: 1.0, Max: 1, Diff: 0, Sum: 4]
      [GC Worker Other (ms): Min: 0.0, Avg: 0.0, Max: 0.1, Diff: 0.0, Sum: 0.1]
      [GC Worker Total (ms): Min: 5.6, Avg: 5.6, Max: 5.6, Diff: 0.0, Sum: 22.4]
      [GC Worker End (ms): Min: 41760179.8, Avg: 41760179.8, Max: 41760179.8, Diff: 0.0]
   [Code Root Fixup: 0.0 ms]
   [Code Root Purge: 0.0 ms]
   [Clear CT: 0.1 ms]
   [Other: 0.5 ms]
      [Choose CSet: 0.0 ms]
      [Ref Proc: 0.1 ms]
      [Ref Enq: 0.0 ms]
      [Redirty Cards: 0.1 ms]
      [Humongous Register: 0.0 ms]
      [Humongous Reclaim: 0.0 ms]
      [Free CSet: 0.0 ms]
   [Eden: 68.0M(68.0M)->0.0B(243.0M) Survivors: 5120.0K->5120.0K Heap: 217.8M(1024.0M)->149.8M(1024.0M)]
 [Times: user=0.03 sys=0.00, real=0.01 secs] 
2020-04-15T22:07:39.076+0800: 42240.936: [GC pause (G1 Evacuation Pause) (young), 0.0093938 secs]
   [Parallel Time: 8.7 ms, GC Workers: 4]
      [GC Worker Start (ms): Min: 42240936.3, Avg: 42240936.3, Max: 42240936.3, Diff: 0.0]
      [Ext Root Scanning (ms): Min: 0.5, Avg: 0.6, Max: 0.7, Diff: 0.1, Sum: 2.4]
      [Update RS (ms): Min: 0.4, Avg: 0.5, Max: 0.6, Diff: 0.2, Sum: 1.9]
         [Processed Buffers: Min: 5, Avg: 10.2, Max: 19, Diff: 14, Sum: 41]
      [Scan RS (ms): Min: 0.0, Avg: 0.0, Max: 0.1, Diff: 0.0, Sum: 0.2]
      [Code Root Scanning (ms): Min: 0.0, Avg: 0.0, Max: 0.1, Diff: 0.1, Sum: 0.1]
      [Object Copy (ms): Min: 7.4, Avg: 7.4, Max: 7.5, Diff: 0.1, Sum: 29.7]
      [Termination (ms): Min: 0.0, Avg: 0.0, Max: 0.0, Diff: 0.0, Sum: 0.0]
         [Termination Attempts: Min: 1, Avg: 1.2, Max: 2, Diff: 1, Sum: 5]
      [GC Worker Other (ms): Min: 0.0, Avg: 0.0, Max: 0.0, Diff: 0.0, Sum: 0.1]
      [GC Worker Total (ms): Min: 8.6, Avg: 8.6, Max: 8.6, Diff: 0.0, Sum: 34.4]
      [GC Worker End (ms): Min: 42240944.9, Avg: 42240944.9, Max: 42240944.9, Diff: 0.0]
   [Code Root Fixup: 0.0 ms]
   [Code Root Purge: 0.0 ms]
   [Clear CT: 0.1 ms]
   [Other: 0.6 ms]
      [Choose CSet: 0.0 ms]
      [Ref Proc: 0.3 ms]
      [Ref Enq: 0.0 ms]
      [Redirty Cards: 0.0 ms]
      [Humongous Register: 0.0 ms]
      [Humongous Reclaim: 0.0 ms]
      [Free CSet: 0.1 ms]
   [Eden: 243.0M(243.0M)->0.0B(407.0M) Survivors: 5120.0K->5120.0K Heap: 392.8M(1024.0M)->149.7M(1024.0M)]
 [Times: user=0.02 sys=0.01, real=0.02 secs] 
2020-04-15T22:19:08.085+0800: 42929.935: [GC pause (G1 Evacuation Pause) (young), 0.0142245 secs]
   [Parallel Time: 11.4 ms, GC Workers: 4]
      [GC Worker Start (ms): Min: 42929936.4, Avg: 42929936.5, Max: 42929936.6, Diff: 0.2]
      [Ext Root Scanning (ms): Min: 1.9, Avg: 2.4, Max: 3.8, Diff: 1.9, Sum: 9.5]
      [Update RS (ms): Min: 0.3, Avg: 1.6, Max: 2.2, Diff: 1.9, Sum: 6.4]
         [Processed Buffers: Min: 17, Avg: 20.8, Max: 23, Diff: 6, Sum: 83]
      [Scan RS (ms): Min: 0.0, Avg: 0.2, Max: 0.3, Diff: 0.3, Sum: 0.6]
      [Code Root Scanning (ms): Min: 0.0, Avg: 0.1, Max: 0.1, Diff: 0.1, Sum: 0.2]
      [Object Copy (ms): Min: 6.8, Avg: 7.0, Max: 7.1, Diff: 0.3, Sum: 27.9]
      [Termination (ms): Min: 0.0, Avg: 0.0, Max: 0.0, Diff: 0.0, Sum: 0.0]
         [Termination Attempts: Min: 1, Avg: 1.0, Max: 1, Diff: 0, Sum: 4]
      [GC Worker Other (ms): Min: 0.0, Avg: 0.1, Max: 0.1, Diff: 0.1, Sum: 0.2]
      [GC Worker Total (ms): Min: 11.1, Avg: 11.2, Max: 11.3, Diff: 0.2, Sum: 44.9]
      [GC Worker End (ms): Min: 42929947.7, Avg: 42929947.7, Max: 42929947.7, Diff: 0.1]
   [Code Root Fixup: 0.0 ms]
   [Code Root Purge: 0.0 ms]
   [Clear CT: 0.1 ms]
   [Other: 2.7 ms]
      [Choose CSet: 0.0 ms]
      [Ref Proc: 0.2 ms]
      [Ref Enq: 0.0 ms]
      [Redirty Cards: 0.1 ms]
      [Humongous Register: 1.4 ms]
      [Humongous Reclaim: 0.1 ms]
      [Free CSet: 0.5 ms]
   [Eden: 338.0M(338.0M)->0.0B(575.0M) Survivors: 5120.0K->5120.0K Heap: 522.7M(1024.0M)->149.8M(1024.0M)]
 [Times: user=0.03 sys=0.02, real=0.02 secs] 
2020-04-15T22:38:47.825+0800: 44109.329: [GC pause (G1 Evacuation Pause) (young), 0.0220224 secs]
   [Parallel Time: 20.7 ms, GC Workers: 4]
      [GC Worker Start (ms): Min: 44109329.0, Avg: 44109329.0, Max: 44109329.0, Diff: 0.1]
      [Ext Root Scanning (ms): Min: 2.0, Avg: 3.0, Max: 5.7, Diff: 3.7, Sum: 11.9]
      [Update RS (ms): Min: 0.0, Avg: 2.3, Max: 3.2, Diff: 3.2, Sum: 9.1]
         [Processed Buffers: Min: 0, Avg: 9.5, Max: 16, Diff: 16, Sum: 38]
      [Scan RS (ms): Min: 0.0, Avg: 0.1, Max: 0.1, Diff: 0.1, Sum: 0.4]
      [Code Root Scanning (ms): Min: 0.0, Avg: 0.2, Max: 0.4, Diff: 0.4, Sum: 0.7]
      [Object Copy (ms): Min: 14.9, Avg: 15.1, Max: 15.2, Diff: 0.3, Sum: 60.3]
      [Termination (ms): Min: 0.0, Avg: 0.0, Max: 0.0, Diff: 0.0, Sum: 0.1]
         [Termination Attempts: Min: 2, Avg: 2.5, Max: 3, Diff: 1, Sum: 10]
      [GC Worker Other (ms): Min: 0.0, Avg: 0.0, Max: 0.0, Diff: 0.0, Sum: 0.1]
      [GC Worker Total (ms): Min: 20.6, Avg: 20.7, Max: 20.7, Diff: 0.1, Sum: 82.6]
      [GC Worker End (ms): Min: 44109349.6, Avg: 44109349.6, Max: 44109349.6, Diff: 0.0]
   [Code Root Fixup: 0.0 ms]
   [Code Root Purge: 0.0 ms]
   [Clear CT: 0.1 ms]
   [Other: 1.2 ms]
      [Choose CSet: 0.0 ms]
      [Ref Proc: 0.2 ms]
      [Ref Enq: 0.0 ms]
      [Redirty Cards: 0.0 ms]
      [Humongous Register: 0.1 ms]
      [Humongous Reclaim: 0.0 ms]
      [Free CSet: 0.4 ms]
   [Eden: 575.0M(575.0M)->0.0B(266.0M) Survivors: 5120.0K->7168.0K Heap: 724.8M(1024.0M)->151.8M(1024.0M)]
 [Times: user=0.03 sys=0.03, real=0.03 secs] 
2020-04-15T22:47:40.492+0800: 44641.988: [GC pause (G1 Evacuation Pause) (young), 0.0344806 secs]
   [Parallel Time: 30.6 ms, GC Workers: 4]
      [GC Worker Start (ms): Min: 44641989.6, Avg: 44641989.7, Max: 44641989.9, Diff: 0.3]
      [Ext Root Scanning (ms): Min: 1.6, Avg: 3.9, Max: 10.0, Diff: 8.4, Sum: 15.6]
      [Update RS (ms): Min: 0.0, Avg: 0.7, Max: 1.1, Diff: 1.1, Sum: 2.9]
         [Processed Buffers: Min: 0, Avg: 9.8, Max: 29, Diff: 29, Sum: 39]
      [Scan RS (ms): Min: 0.0, Avg: 0.0, Max: 0.0, Diff: 0.0, Sum: 0.1]
      [Code Root Scanning (ms): Min: 0.0, Avg: 0.1, Max: 0.2, Diff: 0.2, Sum: 0.2]
      [Object Copy (ms): Min: 20.1, Avg: 25.2, Max: 27.3, Diff: 7.1, Sum: 100.7]
      [Termination (ms): Min: 0.0, Avg: 0.4, Max: 0.7, Diff: 0.7, Sum: 1.7]
         [Termination Attempts: Min: 3, Avg: 6.2, Max: 11, Diff: 8, Sum: 25]
      [GC Worker Other (ms): Min: 0.0, Avg: 0.0, Max: 0.0, Diff: 0.0, Sum: 0.1]
      [GC Worker Total (ms): Min: 30.2, Avg: 30.4, Max: 30.4, Diff: 0.3, Sum: 121.5]
      [GC Worker End (ms): Min: 44642020.1, Avg: 44642020.1, Max: 44642020.1, Diff: 0.1]
   [Code Root Fixup: 0.0 ms]
   [Code Root Purge: 0.0 ms]
   [Clear CT: 0.2 ms]
   [Other: 3.7 ms]
      [Choose CSet: 0.0 ms]
      [Ref Proc: 1.0 ms]
      [Ref Enq: 0.0 ms]
      [Redirty Cards: 0.1 ms]
      [Humongous Register: 1.1 ms]
      [Humongous Reclaim: 0.0 ms]
      [Free CSet: 0.9 ms]
   [Eden: 266.0M(266.0M)->0.0B(45.0M) Survivors: 7168.0K->6144.0K Heap: 417.8M(1024.0M)->151.3M(1024.0M)]
 [Times: user=0.03 sys=0.02, real=0.03 secs] 
2020-04-15T22:49:59.522+0800: 44781.016: [GC pause (G1 Evacuation Pause) (young), 0.0137574 secs]
   [Parallel Time: 13.2 ms, GC Workers: 4]
      [GC Worker Start (ms): Min: 44781016.1, Avg: 44781016.3, Max: 44781016.5, Diff: 0.4]
      [Ext Root Scanning (ms): Min: 0.7, Avg: 1.2, Max: 2.5, Diff: 1.8, Sum: 4.8]
      [Update RS (ms): Min: 0.0, Avg: 0.7, Max: 1.0, Diff: 1.0, Sum: 2.9]
         [Processed Buffers: Min: 0, Avg: 8.8, Max: 29, Diff: 29, Sum: 35]
      [Scan RS (ms): Min: 0.0, Avg: 0.0, Max: 0.0, Diff: 0.0, Sum: 0.0]
      [Code Root Scanning (ms): Min: 0.0, Avg: 0.1, Max: 0.3, Diff: 0.3, Sum: 0.3]
      [Object Copy (ms): Min: 10.7, Avg: 11.0, Max: 11.1, Diff: 0.5, Sum: 43.9]
      [Termination (ms): Min: 0.0, Avg: 0.0, Max: 0.0, Diff: 0.0, Sum: 0.1]
         [Termination Attempts: Min: 1, Avg: 1.0, Max: 1, Diff: 0, Sum: 4]
      [GC Worker Other (ms): Min: 0.0, Avg: 0.0, Max: 0.0, Diff: 0.0, Sum: 0.1]
      [GC Worker Total (ms): Min: 12.8, Avg: 13.0, Max: 13.2, Diff: 0.4, Sum: 52.1]
      [GC Worker End (ms): Min: 44781029.3, Avg: 44781029.3, Max: 44781029.3, Diff: 0.0]
   [Code Root Fixup: 0.0 ms]
   [Code Root Purge: 0.0 ms]
   [Clear CT: 0.0 ms]
   [Other: 0.5 ms]
      [Choose CSet: 0.0 ms]
      [Ref Proc: 0.1 ms]
      [Ref Enq: 0.0 ms]
      [Redirty Cards: 0.0 ms]
      [Humongous Register: 0.0 ms]
      [Humongous Reclaim: 0.0 ms]
      [Free CSet: 0.0 ms]
   [Eden: 45.0M(45.0M)->0.0B(46.0M) Survivors: 6144.0K->5120.0K Heap: 196.3M(1024.0M)->151.5M(1024.0M)]
 [Times: user=0.04 sys=0.01, real=0.02 secs] 
2020-04-15T22:51:34.768+0800: 44876.261: [GC pause (G1 Evacuation Pause) (young), 0.0122199 secs]
   [Parallel Time: 11.7 ms, GC Workers: 4]
      [GC Worker Start (ms): Min: 44876261.1, Avg: 44876261.2, Max: 44876261.2, Diff: 0.0]
      [Ext Root Scanning (ms): Min: 0.6, Avg: 0.7, Max: 0.7, Diff: 0.2, Sum: 2.7]
      [Update RS (ms): Min: 2.4, Avg: 2.4, Max: 2.5, Diff: 0.1, Sum: 9.6]
         [Processed Buffers: Min: 14, Avg: 16.5, Max: 19, Diff: 5, Sum: 66]
      [Scan RS (ms): Min: 0.0, Avg: 0.0, Max: 0.0, Diff: 0.0, Sum: 0.0]
      [Code Root Scanning (ms): Min: 0.0, Avg: 0.0, Max: 0.1, Diff: 0.1, Sum: 0.1]
      [Object Copy (ms): Min: 8.3, Avg: 8.5, Max: 8.5, Diff: 0.2, Sum: 33.8]
      [Termination (ms): Min: 0.0, Avg: 0.0, Max: 0.0, Diff: 0.0, Sum: 0.0]
         [Termination Attempts: Min: 1, Avg: 1.0, Max: 1, Diff: 0, Sum: 4]
      [GC Worker Other (ms): Min: 0.0, Avg: 0.0, Max: 0.0, Diff: 0.0, Sum: 0.1]
      [GC Worker Total (ms): Min: 11.6, Avg: 11.6, Max: 11.6, Diff: 0.0, Sum: 46.4]
      [GC Worker End (ms): Min: 44876272.8, Avg: 44876272.8, Max: 44876272.8, Diff: 0.0]
   [Code Root Fixup: 0.0 ms]
   [Code Root Purge: 0.0 ms]
   [Clear CT: 0.0 ms]
   [Other: 0.5 ms]
      [Choose CSet: 0.0 ms]
      [Ref Proc: 0.1 ms]
      [Ref Enq: 0.0 ms]
      [Redirty Cards: 0.1 ms]
      [Humongous Register: 0.0 ms]
      [Humongous Reclaim: 0.0 ms]
      [Free CSet: 0.0 ms]
   [Eden: 46.0M(46.0M)->0.0B(46.0M) Survivors: 5120.0K->5120.0K Heap: 201.0M(1024.0M)->151.9M(1024.0M)]
 [Times: user=0.03 sys=0.01, real=0.02 secs] 
2020-04-15T22:53:06.123+0800: 44967.615: [GC pause (G1 Evacuation Pause) (young), 0.0090168 secs]
   [Parallel Time: 8.6 ms, GC Workers: 4]
      [GC Worker Start (ms): Min: 44967614.7, Avg: 44967614.7, Max: 44967614.7, Diff: 0.0]
      [Ext Root Scanning (ms): Min: 0.5, Avg: 0.5, Max: 0.5, Diff: 0.0, Sum: 2.0]
      [Update RS (ms): Min: 1.6, Avg: 1.7, Max: 1.7, Diff: 0.1, Sum: 6.6]
         [Processed Buffers: Min: 4, Avg: 11.2, Max: 31, Diff: 27, Sum: 45]
      [Scan RS (ms): Min: 0.0, Avg: 0.0, Max: 0.0, Diff: 0.0, Sum: 0.0]
      [Code Root Scanning (ms): Min: 0.0, Avg: 0.0, Max: 0.0, Diff: 0.0, Sum: 0.0]
      [Object Copy (ms): Min: 6.2, Avg: 6.3, Max: 6.3, Diff: 0.1, Sum: 25.2]
      [Termination (ms): Min: 0.0, Avg: 0.0, Max: 0.1, Diff: 0.0, Sum: 0.2]
         [Termination Attempts: Min: 1, Avg: 1.5, Max: 2, Diff: 1, Sum: 6]
      [GC Worker Other (ms): Min: 0.0, Avg: 0.0, Max: 0.0, Diff: 0.0, Sum: 0.0]
      [GC Worker Total (ms): Min: 8.5, Avg: 8.5, Max: 8.5, Diff: 0.0, Sum: 34.0]
      [GC Worker End (ms): Min: 44967623.2, Avg: 44967623.2, Max: 44967623.2, Diff: 0.0]
   [Code Root Fixup: 0.0 ms]
   [Code Root Purge: 0.0 ms]
   [Clear CT: 0.1 ms]
   [Other: 0.4 ms]
      [Choose CSet: 0.0 ms]
      [Ref Proc: 0.1 ms]
      [Ref Enq: 0.0 ms]
      [Redirty Cards: 0.0 ms]
      [Humongous Register: 0.0 ms]
      [Humongous Reclaim: 0.0 ms]
      [Free CSet: 0.0 ms]
   [Eden: 46.0M(46.0M)->0.0B(57.0M) Survivors: 5120.0K->5120.0K Heap: 197.9M(1024.0M)->152.4M(1024.0M)]
 [Times: user=0.03 sys=0.00, real=0.01 secs] 
2020-04-15T22:55:00.037+0800: 45081.527: [GC pause (G1 Evacuation Pause) (young), 0.0114121 secs]
   [Parallel Time: 10.8 ms, GC Workers: 4]
      [GC Worker Start (ms): Min: 45081526.8, Avg: 45081526.9, Max: 45081526.9, Diff: 0.0]
      [Ext Root Scanning (ms): Min: 0.5, Avg: 0.5, Max: 0.6, Diff: 0.1, Sum: 2.0]
      [Update RS (ms): Min: 1.2, Avg: 1.3, Max: 1.4, Diff: 0.2, Sum: 5.2]
         [Processed Buffers: Min: 3, Avg: 10.8, Max: 26, Diff: 23, Sum: 43]
      [Scan RS (ms): Min: 0.0, Avg: 0.0, Max: 0.0, Diff: 0.0, Sum: 0.0]
      [Code Root Scanning (ms): Min: 0.0, Avg: 0.0, Max: 0.0, Diff: 0.0, Sum: 0.0]
      [Object Copy (ms): Min: 8.5, Avg: 8.7, Max: 8.8, Diff: 0.4, Sum: 34.6]
      [Termination (ms): Min: 0.0, Avg: 0.2, Max: 0.3, Diff: 0.3, Sum: 0.7]
         [Termination Attempts: Min: 1, Avg: 1.0, Max: 1, Diff: 0, Sum: 4]
      [GC Worker Other (ms): Min: 0.0, Avg: 0.0, Max: 0.0, Diff: 0.0, Sum: 0.0]
      [GC Worker Total (ms): Min: 10.6, Avg: 10.7, Max: 10.8, Diff: 0.2, Sum: 42.7]
      [GC Worker End (ms): Min: 45081537.5, Avg: 45081537.5, Max: 45081537.6, Diff: 0.1]
   [Code Root Fixup: 0.0 ms]
   [Code Root Purge: 0.0 ms]
   [Clear CT: 0.1 ms]
   [Other: 0.5 ms]
      [Choose CSet: 0.0 ms]
      [Ref Proc: 0.2 ms]
      [Ref Enq: 0.0 ms]
      [Redirty Cards: 0.0 ms]
      [Humongous Register: 0.0 ms]
      [Humongous Reclaim: 0.0 ms]
      [Free CSet: 0.0 ms]
   [Eden: 57.0M(57.0M)->0.0B(184.0M) Survivors: 5120.0K->5120.0K Heap: 209.4M(1024.0M)->151.9M(1024.0M)]
 [Times: user=0.03 sys=0.01, real=0.01 secs] 
2020-04-15T23:01:20.005+0800: 45461.489: [GC pause (G1 Evacuation Pause) (young), 0.0109361 secs]
   [Parallel Time: 9.0 ms, GC Workers: 4]
      [GC Worker Start (ms): Min: 45461489.5, Avg: 45461491.0, Max: 45461495.2, Diff: 5.7]
      [Ext Root Scanning (ms): Min: 0.0, Avg: 1.7, Max: 5.6, Diff: 5.6, Sum: 6.9]
      [Update RS (ms): Min: 0.0, Avg: 1.1, Max: 2.3, Diff: 2.3, Sum: 4.5]
         [Processed Buffers: Min: 0, Avg: 16.8, Max: 34, Diff: 34, Sum: 67]
      [Scan RS (ms): Min: 0.0, Avg: 0.0, Max: 0.1, Diff: 0.1, Sum: 0.1]
      [Code Root Scanning (ms): Min: 0.0, Avg: 0.0, Max: 0.0, Diff: 0.0, Sum: 0.0]
      [Object Copy (ms): Min: 2.5, Avg: 4.0, Max: 5.2, Diff: 2.7, Sum: 16.0]
      [Termination (ms): Min: 0.0, Avg: 0.5, Max: 0.8, Diff: 0.8, Sum: 2.2]
         [Termination Attempts: Min: 1, Avg: 1.2, Max: 2, Diff: 1, Sum: 5]
      [GC Worker Other (ms): Min: 0.0, Avg: 0.0, Max: 0.0, Diff: 0.0, Sum: 0.1]
      [GC Worker Total (ms): Min: 3.1, Avg: 7.5, Max: 8.9, Diff: 5.8, Sum: 29.8]
      [GC Worker End (ms): Min: 45461498.4, Avg: 45461498.4, Max: 45461498.5, Diff: 0.1]
   [Code Root Fixup: 0.0 ms]
   [Code Root Purge: 0.0 ms]
   [Clear CT: 0.2 ms]
   [Other: 1.7 ms]
      [Choose CSet: 0.0 ms]
      [Ref Proc: 0.9 ms]
      [Ref Enq: 0.0 ms]
      [Redirty Cards: 0.2 ms]
      [Humongous Register: 0.0 ms]
      [Humongous Reclaim: 0.0 ms]
      [Free CSet: 0.2 ms]
   [Eden: 184.0M(184.0M)->0.0B(71.0M) Survivors: 5120.0K->5120.0K Heap: 339.4M(1024.0M)->151.9M(1024.0M)]
 [Times: user=0.02 sys=0.00, real=0.02 secs] 
2020-04-15T23:03:57.282+0800: 45618.764: [GC pause (G1 Evacuation Pause) (young), 0.0126651 secs]
   [Parallel Time: 11.3 ms, GC Workers: 4]
      [GC Worker Start (ms): Min: 45618764.5, Avg: 45618764.5, Max: 45618764.5, Diff: 0.0]
      [Ext Root Scanning (ms): Min: 0.5, Avg: 0.7, Max: 1.2, Diff: 0.7, Sum: 2.7]
      [Update RS (ms): Min: 1.1, Avg: 1.6, Max: 1.7, Diff: 0.6, Sum: 6.2]
         [Processed Buffers: Min: 3, Avg: 11.2, Max: 19, Diff: 16, Sum: 45]
      [Scan RS (ms): Min: 0.0, Avg: 0.0, Max: 0.0, Diff: 0.0, Sum: 0.1]
      [Code Root Scanning (ms): Min: 0.0, Avg: 0.0, Max: 0.0, Diff: 0.0, Sum: 0.0]
      [Object Copy (ms): Min: 8.9, Avg: 8.9, Max: 9.0, Diff: 0.1, Sum: 35.8]
      [Termination (ms): Min: 0.0, Avg: 0.0, Max: 0.0, Diff: 0.0, Sum: 0.0]
         [Termination Attempts: Min: 1, Avg: 1.2, Max: 2, Diff: 1, Sum: 5]
      [GC Worker Other (ms): Min: 0.0, Avg: 0.0, Max: 0.0, Diff: 0.0, Sum: 0.1]
      [GC Worker Total (ms): Min: 11.2, Avg: 11.2, Max: 11.2, Diff: 0.0, Sum: 44.9]
      [GC Worker End (ms): Min: 45618775.7, Avg: 45618775.7, Max: 45618775.7, Diff: 0.0]
   [Code Root Fixup: 0.0 ms]
   [Code Root Purge: 0.0 ms]
   [Clear CT: 0.1 ms]
   [Other: 1.3 ms]
      [Choose CSet: 0.0 ms]
      [Ref Proc: 0.8 ms]
      [Ref Enq: 0.0 ms]
      [Redirty Cards: 0.1 ms]
      [Humongous Register: 0.0 ms]
      [Humongous Reclaim: 0.0 ms]
      [Free CSet: 0.1 ms]
   [Eden: 71.0M(71.0M)->0.0B(175.0M) Survivors: 5120.0K->5120.0K Heap: 222.9M(1024.0M)->152.4M(1024.0M)]
 [Times: user=0.03 sys=0.01, real=0.02 secs] 
2020-04-15T23:09:45.670+0800: 45967.147: [GC pause (G1 Evacuation Pause) (young), 0.0100897 secs]
   [Parallel Time: 9.2 ms, GC Workers: 4]
      [GC Worker Start (ms): Min: 45967147.4, Avg: 45967147.4, Max: 45967147.5, Diff: 0.1]
      [Ext Root Scanning (ms): Min: 0.6, Avg: 0.6, Max: 0.7, Diff: 0.1, Sum: 2.5]
      [Update RS (ms): Min: 1.5, Avg: 1.6, Max: 1.6, Diff: 0.1, Sum: 6.4]
         [Processed Buffers: Min: 3, Avg: 11.0, Max: 25, Diff: 22, Sum: 44]
      [Scan RS (ms): Min: 0.0, Avg: 0.0, Max: 0.1, Diff: 0.1, Sum: 0.1]
      [Code Root Scanning (ms): Min: 0.0, Avg: 0.0, Max: 0.0, Diff: 0.0, Sum: 0.1]
      [Object Copy (ms): Min: 6.8, Avg: 6.8, Max: 6.8, Diff: 0.1, Sum: 27.2]
      [Termination (ms): Min: 0.0, Avg: 0.0, Max: 0.0, Diff: 0.0, Sum: 0.0]
         [Termination Attempts: Min: 1, Avg: 1.0, Max: 1, Diff: 0, Sum: 4]
      [GC Worker Other (ms): Min: 0.0, Avg: 0.0, Max: 0.0, Diff: 0.0, Sum: 0.1]
      [GC Worker Total (ms): Min: 9.1, Avg: 9.1, Max: 9.2, Diff: 0.1, Sum: 36.4]
      [GC Worker End (ms): Min: 45967156.5, Avg: 45967156.5, Max: 45967156.5, Diff: 0.0]
   [Code Root Fixup: 0.0 ms]
   [Code Root Purge: 0.0 ms]
   [Clear CT: 0.1 ms]
   [Other: 0.7 ms]
      [Choose CSet: 0.0 ms]
      [Ref Proc: 0.1 ms]
      [Ref Enq: 0.0 ms]
      [Redirty Cards: 0.1 ms]
      [Humongous Register: 0.2 ms]
      [Humongous Reclaim: 0.0 ms]
      [Free CSet: 0.1 ms]
   [Eden: 175.0M(175.0M)->0.0B(336.0M) Survivors: 5120.0K->6144.0K Heap: 327.4M(1024.0M)->152.9M(1024.0M)]
 [Times: user=0.04 sys=0.00, real=0.01 secs] 
2020-04-15T23:15:44.738+0800: 46326.210: [GC pause (G1 Evacuation Pause) (young), 0.0099984 secs]
   [Parallel Time: 9.3 ms, GC Workers: 4]
      [GC Worker Start (ms): Min: 46326209.9, Avg: 46326210.4, Max: 46326211.8, Diff: 1.8]
      [Ext Root Scanning (ms): Min: 0.0, Avg: 0.5, Max: 0.7, Diff: 0.7, Sum: 1.9]
      [Update RS (ms): Min: 1.0, Avg: 1.8, Max: 2.2, Diff: 1.3, Sum: 7.3]
         [Processed Buffers: Min: 19, Avg: 21.2, Max: 25, Diff: 6, Sum: 85]
      [Scan RS (ms): Min: 1.1, Avg: 1.2, Max: 1.3, Diff: 0.2, Sum: 4.7]
      [Code Root Scanning (ms): Min: 0.0, Avg: 0.0, Max: 0.0, Diff: 0.0, Sum: 0.0]
      [Object Copy (ms): Min: 5.2, Avg: 5.3, Max: 5.3, Diff: 0.1, Sum: 21.1]
      [Termination (ms): Min: 0.0, Avg: 0.0, Max: 0.0, Diff: 0.0, Sum: 0.0]
         [Termination Attempts: Min: 1, Avg: 1.0, Max: 1, Diff: 0, Sum: 4]
      [GC Worker Other (ms): Min: 0.0, Avg: 0.0, Max: 0.0, Diff: 0.0, Sum: 0.1]
      [GC Worker Total (ms): Min: 7.4, Avg: 8.8, Max: 9.3, Diff: 1.8, Sum: 35.1]
      [GC Worker End (ms): Min: 46326219.2, Avg: 46326219.2, Max: 46326219.2, Diff: 0.0]
   [Code Root Fixup: 0.0 ms]
   [Code Root Purge: 0.0 ms]
   [Clear CT: 0.1 ms]
   [Other: 0.6 ms]
      [Choose CSet: 0.0 ms]
      [Ref Proc: 0.1 ms]
      [Ref Enq: 0.0 ms]
      [Redirty Cards: 0.1 ms]
      [Humongous Register: 0.1 ms]
      [Humongous Reclaim: 0.0 ms]
      [Free CSet: 0.1 ms]
   [Eden: 175.0M(45.0M)->0.0B(276.0M) Survivors: 6144.0K->5120.0K Heap: 338.0M(1024.0M)->152.8M(1024.0M)]
 [Times: user=0.03 sys=0.00, real=0.02 secs] 
2020-04-15T23:24:48.179+0800: 46869.643: [GC pause (G1 Evacuation Pause) (young), 0.0142949 secs]
   [Parallel Time: 13.0 ms, GC Workers: 4]
      [GC Worker Start (ms): Min: 46869643.5, Avg: 46869643.6, Max: 46869643.8, Diff: 0.3]
      [Ext Root Scanning (ms): Min: 0.3, Avg: 0.5, Max: 0.7, Diff: 0.4, Sum: 2.0]
      [Update RS (ms): Min: 2.5, Avg: 2.8, Max: 3.2, Diff: 0.8, Sum: 11.1]
         [Processed Buffers: Min: 1, Avg: 15.8, Max: 24, Diff: 23, Sum: 63]
      [Scan RS (ms): Min: 0.0, Avg: 0.0, Max: 0.1, Diff: 0.1, Sum: 0.2]
      [Code Root Scanning (ms): Min: 0.0, Avg: 0.0, Max: 0.0, Diff: 0.0, Sum: 0.0]
      [Object Copy (ms): Min: 8.6, Avg: 9.1, Max: 9.7, Diff: 1.1, Sum: 36.5]
      [Termination (ms): Min: 0.0, Avg: 0.5, Max: 0.6, Diff: 0.6, Sum: 1.8]
         [Termination Attempts: Min: 1, Avg: 1.0, Max: 1, Diff: 0, Sum: 4]
      [GC Worker Other (ms): Min: 0.0, Avg: 0.0, Max: 0.0, Diff: 0.0, Sum: 0.0]
      [GC Worker Total (ms): Min: 12.7, Avg: 12.9, Max: 13.0, Diff: 0.3, Sum: 51.6]
      [GC Worker End (ms): Min: 46869656.4, Avg: 46869656.5, Max: 46869656.5, Diff: 0.0]
   [Code Root Fixup: 0.0 ms]
   [Code Root Purge: 0.0 ms]
   [Clear CT: 0.1 ms]
   [Other: 1.2 ms]
      [Choose CSet: 0.0 ms]
      [Ref Proc: 0.8 ms]
      [Ref Enq: 0.0 ms]
      [Redirty Cards: 0.0 ms]
      [Humongous Register: 0.0 ms]
      [Humongous Reclaim: 0.0 ms]
      [Free CSet: 0.2 ms]
   [Eden: 276.0M(276.0M)->0.0B(102.0M) Survivors: 5120.0K->5120.0K Heap: 430.4M(1024.0M)->152.8M(1024.0M)]
 [Times: user=0.03 sys=0.01, real=0.02 secs] 
2020-04-15T23:28:09.463+0800: 47070.925: [GC pause (G1 Evacuation Pause) (young), 0.0113814 secs]
   [Parallel Time: 10.8 ms, GC Workers: 4]
      [GC Worker Start (ms): Min: 47070924.9, Avg: 47070926.6, Max: 47070931.3, Diff: 6.4]
      [Ext Root Scanning (ms): Min: 0.0, Avg: 0.4, Max: 0.7, Diff: 0.7, Sum: 1.7]
      [Update RS (ms): Min: 0.0, Avg: 1.5, Max: 2.1, Diff: 2.1, Sum: 5.9]
         [Processed Buffers: Min: 0, Avg: 18.2, Max: 32, Diff: 32, Sum: 73]
      [Scan RS (ms): Min: 0.0, Avg: 0.0, Max: 0.0, Diff: 0.0, Sum: 0.1]
      [Code Root Scanning (ms): Min: 0.0, Avg: 0.0, Max: 0.0, Diff: 0.0, Sum: 0.0]
      [Object Copy (ms): Min: 2.7, Avg: 5.6, Max: 6.9, Diff: 4.2, Sum: 22.3]
      [Termination (ms): Min: 0.0, Avg: 1.2, Max: 1.7, Diff: 1.6, Sum: 4.9]
         [Termination Attempts: Min: 1, Avg: 1.0, Max: 1, Diff: 0, Sum: 4]
      [GC Worker Other (ms): Min: 0.0, Avg: 0.0, Max: 0.0, Diff: 0.0, Sum: 0.0]
      [GC Worker Total (ms): Min: 4.4, Avg: 8.7, Max: 10.7, Diff: 6.4, Sum: 34.9]
      [GC Worker End (ms): Min: 47070934.5, Avg: 47070935.3, Max: 47070935.6, Diff: 1.1]
   [Code Root Fixup: 0.0 ms]
   [Code Root Purge: 0.0 ms]
   [Clear CT: 0.1 ms]
   [Other: 0.5 ms]
      [Choose CSet: 0.0 ms]
      [Ref Proc: 0.1 ms]
      [Ref Enq: 0.0 ms]
      [Redirty Cards: 0.0 ms]
      [Humongous Register: 0.0 ms]
      [Humongous Reclaim: 0.0 ms]
      [Free CSet: 0.1 ms]
   [Eden: 102.0M(102.0M)->0.0B(519.0M) Survivors: 5120.0K->5120.0K Heap: 259.9M(1024.0M)->153.3M(1024.0M)]
 [Times: user=0.02 sys=0.00, real=0.01 secs] 
2020-04-15T23:41:40.016+0800: 47881.465: [GC pause (G1 Evacuation Pause) (young), 0.0140757 secs]
   [Parallel Time: 13.2 ms, GC Workers: 4]
      [GC Worker Start (ms): Min: 47881465.6, Avg: 47881465.6, Max: 47881465.7, Diff: 0.0]
      [Ext Root Scanning (ms): Min: 0.5, Avg: 0.5, Max: 0.6, Diff: 0.1, Sum: 2.1]
      [Update RS (ms): Min: 1.7, Avg: 1.9, Max: 1.9, Diff: 0.2, Sum: 7.5]
         [Processed Buffers: Min: 15, Avg: 20.5, Max: 30, Diff: 15, Sum: 82]
      [Scan RS (ms): Min: 1.0, Avg: 1.0, Max: 1.1, Diff: 0.1, Sum: 4.1]
      [Code Root Scanning (ms): Min: 0.0, Avg: 0.0, Max: 0.0, Diff: 0.0, Sum: 0.0]
      [Object Copy (ms): Min: 9.6, Avg: 9.7, Max: 9.8, Diff: 0.2, Sum: 38.7]
      [Termination (ms): Min: 0.0, Avg: 0.0, Max: 0.0, Diff: 0.0, Sum: 0.0]
         [Termination Attempts: Min: 1, Avg: 1.5, Max: 2, Diff: 1, Sum: 6]
      [GC Worker Other (ms): Min: 0.0, Avg: 0.0, Max: 0.0, Diff: 0.0, Sum: 0.1]
      [GC Worker Total (ms): Min: 13.1, Avg: 13.1, Max: 13.2, Diff: 0.0, Sum: 52.6]
      [GC Worker End (ms): Min: 47881478.8, Avg: 47881478.8, Max: 47881478.8, Diff: 0.0]
   [Code Root Fixup: 0.0 ms]
   [Code Root Purge: 0.0 ms]
   [Clear CT: 0.1 ms]
   [Other: 0.8 ms]
      [Choose CSet: 0.0 ms]
      [Ref Proc: 0.2 ms]
      [Ref Enq: 0.0 ms]
      [Redirty Cards: 0.0 ms]
      [Humongous Register: 0.0 ms]
      [Humongous Reclaim: 0.0 ms]
      [Free CSet: 0.2 ms]
   [Eden: 382.0M(46.0M)->0.0B(609.0M) Survivors: 5120.0K->5120.0K Heap: 545.1M(1024.0M)->153.3M(1024.0M)]
 [Times: user=0.03 sys=0.01, real=0.02 secs] 
2020-04-15T23:55:44.894+0800: 48726.331: [GC pause (G1 Evacuation Pause) (young), 0.0165135 secs]
   [Parallel Time: 15.7 ms, GC Workers: 4]
      [GC Worker Start (ms): Min: 48726331.5, Avg: 48726331.5, Max: 48726331.5, Diff: 0.0]
      [Ext Root Scanning (ms): Min: 0.6, Avg: 0.6, Max: 0.7, Diff: 0.1, Sum: 2.5]
      [Update RS (ms): Min: 3.2, Avg: 3.3, Max: 3.6, Diff: 0.4, Sum: 13.3]
         [Processed Buffers: Min: 0, Avg: 27.0, Max: 47, Diff: 47, Sum: 108]
      [Scan RS (ms): Min: 0.7, Avg: 0.9, Max: 1.0, Diff: 0.3, Sum: 3.5]
      [Code Root Scanning (ms): Min: 0.0, Avg: 0.0, Max: 0.0, Diff: 0.0, Sum: 0.1]
      [Object Copy (ms): Min: 10.7, Avg: 10.8, Max: 10.8, Diff: 0.2, Sum: 43.0]
      [Termination (ms): Min: 0.0, Avg: 0.0, Max: 0.0, Diff: 0.0, Sum: 0.0]
         [Termination Attempts: Min: 1, Avg: 1.8, Max: 2, Diff: 1, Sum: 7]
      [GC Worker Other (ms): Min: 0.0, Avg: 0.0, Max: 0.0, Diff: 0.0, Sum: 0.1]
      [GC Worker Total (ms): Min: 15.6, Avg: 15.6, Max: 15.6, Diff: 0.0, Sum: 62.5]
      [GC Worker End (ms): Min: 48726347.1, Avg: 48726347.1, Max: 48726347.1, Diff: 0.0]
   [Code Root Fixup: 0.0 ms]
   [Code Root Purge: 0.0 ms]
   [Clear CT: 0.1 ms]
   [Other: 0.7 ms]
      [Choose CSet: 0.0 ms]
      [Ref Proc: 0.2 ms]
      [Ref Enq: 0.0 ms]
      [Redirty Cards: 0.0 ms]
      [Humongous Register: 0.0 ms]
      [Humongous Reclaim: 0.1 ms]
      [Free CSet: 0.1 ms]
   [Eden: 417.0M(417.0M)->0.0B(609.0M) Survivors: 5120.0K->5120.0K Heap: 595.0M(1024.0M)->153.8M(1024.0M)]
 [Times: user=0.04 sys=0.01, real=0.02 secs] 
2020-04-16T00:16:53.890+0800: 49995.309: [GC pause (G1 Evacuation Pause) (young), 0.0222657 secs]
   [Parallel Time: 18.7 ms, GC Workers: 4]
      [GC Worker Start (ms): Min: 49995310.4, Avg: 49995310.4, Max: 49995310.5, Diff: 0.1]
      [Ext Root Scanning (ms): Min: 2.2, Avg: 3.8, Max: 8.3, Diff: 6.1, Sum: 15.2]
      [Update RS (ms): Min: 0.0, Avg: 3.0, Max: 4.0, Diff: 4.0, Sum: 12.1]
         [Processed Buffers: Min: 0, Avg: 23.5, Max: 42, Diff: 42, Sum: 94]
      [Scan RS (ms): Min: 0.0, Avg: 0.9, Max: 1.2, Diff: 1.2, Sum: 3.5]
      [Code Root Scanning (ms): Min: 0.0, Avg: 0.0, Max: 0.0, Diff: 0.0, Sum: 0.1]
      [Object Copy (ms): Min: 9.6, Avg: 10.3, Max: 11.0, Diff: 1.4, Sum: 41.1]
      [Termination (ms): Min: 0.0, Avg: 0.4, Max: 0.7, Diff: 0.7, Sum: 1.7]
         [Termination Attempts: Min: 2, Avg: 2.5, Max: 3, Diff: 1, Sum: 10]
      [GC Worker Other (ms): Min: 0.0, Avg: 0.0, Max: 0.1, Diff: 0.0, Sum: 0.1]
      [GC Worker Total (ms): Min: 18.3, Avg: 18.5, Max: 18.5, Diff: 0.2, Sum: 73.8]
      [GC Worker End (ms): Min: 49995328.8, Avg: 49995328.9, Max: 49995329.0, Diff: 0.2]
   [Code Root Fixup: 0.0 ms]
   [Code Root Purge: 0.0 ms]
   [Clear CT: 0.2 ms]
   [Other: 3.3 ms]
      [Choose CSet: 0.0 ms]
      [Ref Proc: 1.4 ms]
      [Ref Enq: 0.0 ms]
      [Redirty Cards: 0.1 ms]
      [Humongous Register: 0.5 ms]
      [Humongous Reclaim: 0.1 ms]
      [Free CSet: 0.8 ms]
   [Eden: 609.0M(609.0M)->0.0B(608.0M) Survivors: 5120.0K->6144.0K Heap: 782.2M(1024.0M)->154.3M(1024.0M)]
 [Times: user=0.03 sys=0.02, real=0.02 secs] 
2020-04-16T00:37:31.006+0800: 51232.311: [GC pause (G1 Evacuation Pause) (young), 0.0240738 secs]
   [Parallel Time: 21.1 ms, GC Workers: 4]
      [GC Worker Start (ms): Min: 51232313.0, Avg: 51232313.1, Max: 51232313.2, Diff: 0.2]
      [Ext Root Scanning (ms): Min: 2.7, Avg: 3.6, Max: 6.1, Diff: 3.4, Sum: 14.4]
      [Update RS (ms): Min: 0.0, Avg: 2.1, Max: 2.9, Diff: 2.9, Sum: 8.4]
         [Processed Buffers: Min: 0, Avg: 18.8, Max: 27, Diff: 27, Sum: 75]
      [Scan RS (ms): Min: 1.1, Avg: 1.3, Max: 1.4, Diff: 0.3, Sum: 5.2]
      [Code Root Scanning (ms): Min: 0.0, Avg: 0.0, Max: 0.1, Diff: 0.1, Sum: 0.1]
      [Object Copy (ms): Min: 13.6, Avg: 13.7, Max: 13.8, Diff: 0.1, Sum: 54.9]
      [Termination (ms): Min: 0.0, Avg: 0.0, Max: 0.0, Diff: 0.0, Sum: 0.1]
         [Termination Attempts: Min: 1, Avg: 1.0, Max: 1, Diff: 0, Sum: 4]
      [GC Worker Other (ms): Min: 0.0, Avg: 0.1, Max: 0.1, Diff: 0.1, Sum: 0.3]
      [GC Worker Total (ms): Min: 20.8, Avg: 20.9, Max: 21.0, Diff: 0.2, Sum: 83.4]
      [GC Worker End (ms): Min: 51232334.0, Avg: 51232334.0, Max: 51232334.0, Diff: 0.0]
   [Code Root Fixup: 0.0 ms]
   [Code Root Purge: 0.0 ms]
   [Clear CT: 0.3 ms]
   [Other: 2.7 ms]
      [Choose CSet: 0.0 ms]
      [Ref Proc: 0.3 ms]
      [Ref Enq: 0.0 ms]
      [Redirty Cards: 0.0 ms]
      [Humongous Register: 1.0 ms]
      [Humongous Reclaim: 0.1 ms]
      [Free CSet: 0.7 ms]
   [Eden: 608.0M(608.0M)->0.0B(608.0M) Survivors: 6144.0K->6144.0K Heap: 772.1M(1024.0M)->154.3M(1024.0M)]
 [Times: user=0.04 sys=0.04, real=0.03 secs] 
2020-04-16T00:57:36.080+0800: 52437.368: [GC pause (G1 Evacuation Pause) (young), 0.0125432 secs]
   [Parallel Time: 11.4 ms, GC Workers: 4]
      [GC Worker Start (ms): Min: 52437368.7, Avg: 52437368.7, Max: 52437368.7, Diff: 0.0]
      [Ext Root Scanning (ms): Min: 1.0, Avg: 1.6, Max: 2.3, Diff: 1.2, Sum: 6.2]
      [Update RS (ms): Min: 1.6, Avg: 2.1, Max: 2.6, Diff: 1.0, Sum: 8.6]
         [Processed Buffers: Min: 11, Avg: 17.5, Max: 23, Diff: 12, Sum: 70]
      [Scan RS (ms): Min: 0.0, Avg: 0.1, Max: 0.2, Diff: 0.1, Sum: 0.4]
      [Code Root Scanning (ms): Min: 0.0, Avg: 0.0, Max: 0.1, Diff: 0.1, Sum: 0.1]
      [Object Copy (ms): Min: 7.3, Avg: 7.4, Max: 7.4, Diff: 0.1, Sum: 29.5]
      [Termination (ms): Min: 0.0, Avg: 0.0, Max: 0.0, Diff: 0.0, Sum: 0.0]
         [Termination Attempts: Min: 1, Avg: 1.0, Max: 1, Diff: 0, Sum: 4]
      [GC Worker Other (ms): Min: 0.0, Avg: 0.0, Max: 0.1, Diff: 0.0, Sum: 0.2]
      [GC Worker Total (ms): Min: 11.2, Avg: 11.3, Max: 11.3, Diff: 0.0, Sum: 45.1]
      [GC Worker End (ms): Min: 52437379.9, Avg: 52437380.0, Max: 52437380.0, Diff: 0.0]
   [Code Root Fixup: 0.0 ms]
   [Code Root Purge: 0.0 ms]
   [Clear CT: 0.1 ms]
   [Other: 1.0 ms]
      [Choose CSet: 0.0 ms]
      [Ref Proc: 0.3 ms]
      [Ref Enq: 0.0 ms]
      [Redirty Cards: 0.0 ms]
      [Humongous Register: 0.1 ms]
      [Humongous Reclaim: 0.0 ms]
      [Free CSet: 0.2 ms]
   [Eden: 608.0M(608.0M)->0.0B(103.0M) Survivors: 6144.0K->5120.0K Heap: 765.4M(1024.0M)->153.3M(1024.0M)]
 [Times: user=0.03 sys=0.01, real=0.01 secs] 
2020-04-16T01:00:59.835+0800: 52641.120: [GC pause (G1 Evacuation Pause) (young), 0.0099894 secs]
   [Parallel Time: 9.4 ms, GC Workers: 4]
      [GC Worker Start (ms): Min: 52641119.7, Avg: 52641119.8, Max: 52641119.8, Diff: 0.1]
      [Ext Root Scanning (ms): Min: 0.6, Avg: 0.7, Max: 0.7, Diff: 0.1, Sum: 2.6]
      [Update RS (ms): Min: 1.1, Avg: 1.2, Max: 1.2, Diff: 0.2, Sum: 4.7]
         [Processed Buffers: Min: 2, Avg: 10.2, Max: 25, Diff: 23, Sum: 41]
      [Scan RS (ms): Min: 0.0, Avg: 0.0, Max: 0.1, Diff: 0.1, Sum: 0.1]
      [Code Root Scanning (ms): Min: 0.0, Avg: 0.0, Max: 0.0, Diff: 0.0, Sum: 0.0]
      [Object Copy (ms): Min: 7.3, Avg: 7.4, Max: 7.4, Diff: 0.1, Sum: 29.5]
      [Termination (ms): Min: 0.0, Avg: 0.0, Max: 0.0, Diff: 0.0, Sum: 0.0]
         [Termination Attempts: Min: 1, Avg: 1.0, Max: 1, Diff: 0, Sum: 4]
      [GC Worker Other (ms): Min: 0.0, Avg: 0.0, Max: 0.1, Diff: 0.0, Sum: 0.2]
      [GC Worker Total (ms): Min: 9.2, Avg: 9.3, Max: 9.3, Diff: 0.1, Sum: 37.1]
      [GC Worker End (ms): Min: 52641129.0, Avg: 52641129.1, Max: 52641129.1, Diff: 0.0]
   [Code Root Fixup: 0.0 ms]
   [Code Root Purge: 0.0 ms]
   [Clear CT: 0.1 ms]
   [Other: 0.5 ms]
      [Choose CSet: 0.0 ms]
      [Ref Proc: 0.1 ms]
      [Ref Enq: 0.0 ms]
      [Redirty Cards: 0.1 ms]
      [Humongous Register: 0.0 ms]
      [Humongous Reclaim: 0.0 ms]
      [Free CSet: 0.1 ms]
   [Eden: 103.0M(103.0M)->0.0B(128.0M) Survivors: 5120.0K->6144.0K Heap: 256.3M(1024.0M)->154.8M(1024.0M)]
 [Times: user=0.04 sys=0.00, real=0.02 secs] 
2020-04-16T01:05:12.529+0800: 52893.810: [GC pause (G1 Evacuation Pause) (young), 0.0096887 secs]
   [Parallel Time: 9.1 ms, GC Workers: 4]
      [GC Worker Start (ms): Min: 52893811.2, Avg: 52893813.3, Max: 52893814.0, Diff: 2.9]
      [Ext Root Scanning (ms): Min: 0.1, Avg: 0.8, Max: 2.9, Diff: 2.8, Sum: 3.2]
      [Update RS (ms): Min: 0.6, Avg: 0.7, Max: 0.7, Diff: 0.1, Sum: 2.6]
         [Processed Buffers: Min: 2, Avg: 10.2, Max: 34, Diff: 32, Sum: 41]
      [Scan RS (ms): Min: 0.0, Avg: 0.0, Max: 0.0, Diff: 0.0, Sum: 0.1]
      [Code Root Scanning (ms): Min: 0.0, Avg: 0.0, Max: 0.0, Diff: 0.0, Sum: 0.0]
      [Object Copy (ms): Min: 4.8, Avg: 4.8, Max: 4.9, Diff: 0.0, Sum: 19.3]
      [Termination (ms): Min: 0.0, Avg: 0.0, Max: 0.0, Diff: 0.0, Sum: 0.0]
         [Termination Attempts: Min: 1, Avg: 1.5, Max: 3, Diff: 2, Sum: 6]
      [GC Worker Other (ms): Min: 0.0, Avg: 0.0, Max: 0.0, Diff: 0.0, Sum: 0.1]
      [GC Worker Total (ms): Min: 5.6, Avg: 6.3, Max: 8.4, Diff: 2.9, Sum: 25.3]
      [GC Worker End (ms): Min: 52893819.6, Avg: 52893819.6, Max: 52893819.6, Diff: 0.0]
   [Code Root Fixup: 0.0 ms]
   [Code Root Purge: 0.0 ms]
   [Clear CT: 0.1 ms]
   [Other: 0.5 ms]
      [Choose CSet: 0.0 ms]
      [Ref Proc: 0.2 ms]
      [Ref Enq: 0.0 ms]
      [Redirty Cards: 0.1 ms]
      [Humongous Register: 0.0 ms]
      [Humongous Reclaim: 0.0 ms]
      [Free CSet: 0.1 ms]
   [Eden: 128.0M(128.0M)->0.0B(459.0M) Survivors: 6144.0K->6144.0K Heap: 282.8M(1024.0M)->154.8M(1024.0M)]
 [Times: user=0.02 sys=0.00, real=0.01 secs] 
2020-04-16T01:20:23.865+0800: 53805.133: [GC pause (G1 Evacuation Pause) (young), 0.0246557 secs]
   [Parallel Time: 21.5 ms, GC Workers: 4]
      [GC Worker Start (ms): Min: 53805135.5, Avg: 53805135.6, Max: 53805135.9, Diff: 0.4]
      [Ext Root Scanning (ms): Min: 4.4, Avg: 5.9, Max: 8.5, Diff: 4.2, Sum: 23.8]
      [Update RS (ms): Min: 0.5, Avg: 2.8, Max: 4.5, Diff: 4.0, Sum: 11.2]
         [Processed Buffers: Min: 2, Avg: 10.5, Max: 20, Diff: 18, Sum: 42]
      [Scan RS (ms): Min: 0.0, Avg: 0.1, Max: 0.1, Diff: 0.1, Sum: 0.3]
      [Code Root Scanning (ms): Min: 0.0, Avg: 0.0, Max: 0.1, Diff: 0.1, Sum: 0.2]
      [Object Copy (ms): Min: 12.1, Avg: 12.3, Max: 12.4, Diff: 0.3, Sum: 49.2]
      [Termination (ms): Min: 0.0, Avg: 0.0, Max: 0.0, Diff: 0.0, Sum: 0.1]
         [Termination Attempts: Min: 1, Avg: 1.0, Max: 1, Diff: 0, Sum: 4]
      [GC Worker Other (ms): Min: 0.0, Avg: 0.0, Max: 0.1, Diff: 0.1, Sum: 0.2]
      [GC Worker Total (ms): Min: 20.9, Avg: 21.2, Max: 21.4, Diff: 0.4, Sum: 84.9]
      [GC Worker End (ms): Min: 53805156.9, Avg: 53805156.9, Max: 53805156.9, Diff: 0.0]
   [Code Root Fixup: 0.0 ms]
   [Code Root Purge: 0.0 ms]
   [Clear CT: 0.1 ms]
   [Other: 3.1 ms]
      [Choose CSet: 0.0 ms]
      [Ref Proc: 0.2 ms]
      [Ref Enq: 0.0 ms]
      [Redirty Cards: 0.0 ms]
      [Humongous Register: 1.4 ms]
      [Humongous Reclaim: 0.0 ms]
      [Free CSet: 0.6 ms]
   [Eden: 459.0M(459.0M)->0.0B(46.0M) Survivors: 6144.0K->5120.0K Heap: 613.8M(1024.0M)->153.8M(1024.0M)]
 [Times: user=0.02 sys=0.03, real=0.03 secs] 
2020-04-16T01:21:54.976+0800: 53896.243: [GC pause (G1 Evacuation Pause) (young), 0.0119340 secs]
   [Parallel Time: 11.4 ms, GC Workers: 4]
      [GC Worker Start (ms): Min: 53896243.0, Avg: 53896243.1, Max: 53896243.3, Diff: 0.3]
      [Ext Root Scanning (ms): Min: 0.4, Avg: 0.6, Max: 0.7, Diff: 0.4, Sum: 2.4]
      [Update RS (ms): Min: 0.8, Avg: 1.0, Max: 1.3, Diff: 0.4, Sum: 4.2]
         [Processed Buffers: Min: 1, Avg: 10.2, Max: 32, Diff: 31, Sum: 41]
      [Scan RS (ms): Min: 0.0, Avg: 0.0, Max: 0.0, Diff: 0.0, Sum: 0.0]
      [Code Root Scanning (ms): Min: 0.0, Avg: 0.0, Max: 0.0, Diff: 0.0, Sum: 0.0]
      [Object Copy (ms): Min: 9.1, Avg: 9.4, Max: 9.6, Diff: 0.6, Sum: 37.6]
      [Termination (ms): Min: 0.0, Avg: 0.2, Max: 0.3, Diff: 0.3, Sum: 0.7]
         [Termination Attempts: Min: 1, Avg: 1.5, Max: 3, Diff: 2, Sum: 6]
      [GC Worker Other (ms): Min: 0.0, Avg: 0.0, Max: 0.0, Diff: 0.0, Sum: 0.0]
      [GC Worker Total (ms): Min: 11.0, Avg: 11.2, Max: 11.4, Diff: 0.4, Sum: 45.0]
      [GC Worker End (ms): Min: 53896254.3, Avg: 53896254.3, Max: 53896254.4, Diff: 0.1]
   [Code Root Fixup: 0.0 ms]
   [Code Root Purge: 0.0 ms]
   [Clear CT: 0.0 ms]
   [Other: 0.4 ms]
      [Choose CSet: 0.0 ms]
      [Ref Proc: 0.1 ms]
      [Ref Enq: 0.0 ms]
      [Redirty Cards: 0.0 ms]
      [Humongous Register: 0.0 ms]
      [Humongous Reclaim: 0.0 ms]
      [Free CSet: 0.1 ms]
   [Eden: 46.0M(46.0M)->0.0B(121.0M) Survivors: 5120.0K->6144.0K Heap: 199.8M(1024.0M)->154.3M(1024.0M)]
 [Times: user=0.03 sys=0.01, real=0.01 secs] 
2020-04-16T01:25:49.195+0800: 54130.458: [GC pause (G1 Evacuation Pause) (young), 0.0175746 secs]
   [Parallel Time: 16.9 ms, GC Workers: 4]
      [GC Worker Start (ms): Min: 54130458.6, Avg: 54130458.9, Max: 54130459.1, Diff: 0.5]
      [Ext Root Scanning (ms): Min: 0.8, Avg: 1.6, Max: 3.1, Diff: 2.3, Sum: 6.3]
      [Update RS (ms): Min: 0.0, Avg: 1.0, Max: 1.4, Diff: 1.4, Sum: 4.0]
         [Processed Buffers: Min: 0, Avg: 10.5, Max: 24, Diff: 24, Sum: 42]
      [Scan RS (ms): Min: 0.0, Avg: 0.0, Max: 0.1, Diff: 0.0, Sum: 0.1]
      [Code Root Scanning (ms): Min: 0.0, Avg: 0.0, Max: 0.0, Diff: 0.0, Sum: 0.0]
      [Object Copy (ms): Min: 12.5, Avg: 13.0, Max: 13.8, Diff: 1.3, Sum: 52.1]
      [Termination (ms): Min: 0.0, Avg: 0.8, Max: 1.1, Diff: 1.1, Sum: 3.0]
         [Termination Attempts: Min: 1, Avg: 1.0, Max: 1, Diff: 0, Sum: 4]
      [GC Worker Other (ms): Min: 0.0, Avg: 0.1, Max: 0.1, Diff: 0.1, Sum: 0.2]
      [GC Worker Total (ms): Min: 16.1, Avg: 16.4, Max: 16.7, Diff: 0.6, Sum: 65.7]
      [GC Worker End (ms): Min: 54130475.2, Avg: 54130475.3, Max: 54130475.4, Diff: 0.2]
   [Code Root Fixup: 0.0 ms]
   [Code Root Purge: 0.0 ms]
   [Clear CT: 0.1 ms]
   [Other: 0.6 ms]
      [Choose CSet: 0.0 ms]
      [Ref Proc: 0.1 ms]
      [Ref Enq: 0.0 ms]
      [Redirty Cards: 0.0 ms]
      [Humongous Register: 0.1 ms]
      [Humongous Reclaim: 0.0 ms]
      [Free CSet: 0.1 ms]
   [Eden: 121.0M(121.0M)->0.0B(133.0M) Survivors: 6144.0K->5120.0K Heap: 275.3M(1024.0M)->153.8M(1024.0M)]
 [Times: user=0.03 sys=0.01, real=0.02 secs] 
2020-04-16T01:30:12.077+0800: 54393.337: [GC pause (G1 Evacuation Pause) (young), 0.0131831 secs]
   [Parallel Time: 12.6 ms, GC Workers: 4]
      [GC Worker Start (ms): Min: 54393336.8, Avg: 54393336.8, Max: 54393336.9, Diff: 0.0]
      [Ext Root Scanning (ms): Min: 0.5, Avg: 0.6, Max: 0.7, Diff: 0.2, Sum: 2.3]
      [Update RS (ms): Min: 1.2, Avg: 1.2, Max: 1.3, Diff: 0.0, Sum: 5.0]
         [Processed Buffers: Min: 2, Avg: 10.0, Max: 32, Diff: 30, Sum: 40]
      [Scan RS (ms): Min: 0.0, Avg: 0.0, Max: 0.0, Diff: 0.0, Sum: 0.1]
      [Code Root Scanning (ms): Min: 0.0, Avg: 0.0, Max: 0.0, Diff: 0.0, Sum: 0.1]
      [Object Copy (ms): Min: 10.5, Avg: 10.6, Max: 10.7, Diff: 0.2, Sum: 42.4]
      [Termination (ms): Min: 0.0, Avg: 0.0, Max: 0.0, Diff: 0.0, Sum: 0.0]
         [Termination Attempts: Min: 1, Avg: 2.2, Max: 3, Diff: 2, Sum: 9]
      [GC Worker Other (ms): Min: 0.0, Avg: 0.0, Max: 0.0, Diff: 0.0, Sum: 0.1]
      [GC Worker Total (ms): Min: 12.5, Avg: 12.5, Max: 12.5, Diff: 0.1, Sum: 50.0]
      [GC Worker End (ms): Min: 54393349.3, Avg: 54393349.3, Max: 54393349.3, Diff: 0.0]
   [Code Root Fixup: 0.0 ms]
   [Code Root Purge: 0.0 ms]
   [Clear CT: 0.1 ms]
   [Other: 0.5 ms]
      [Choose CSet: 0.0 ms]
      [Ref Proc: 0.2 ms]
      [Ref Enq: 0.0 ms]
      [Redirty Cards: 0.1 ms]
      [Humongous Register: 0.0 ms]
      [Humongous Reclaim: 0.0 ms]
      [Free CSet: 0.1 ms]
   [Eden: 133.0M(133.0M)->0.0B(302.0M) Survivors: 5120.0K->6144.0K Heap: 286.8M(1024.0M)->154.8M(1024.0M)]
 [Times: user=0.03 sys=0.01, real=0.02 secs] 
2020-04-16T01:39:20.419+0800: 54941.671: [GC pause (G1 Evacuation Pause) (young), 0.0203007 secs]
   [Parallel Time: 17.2 ms, GC Workers: 4]
      [GC Worker Start (ms): Min: 54941673.6, Avg: 54941673.7, Max: 54941673.8, Diff: 0.2]
      [Ext Root Scanning (ms): Min: 2.7, Avg: 3.7, Max: 6.5, Diff: 3.7, Sum: 14.8]
      [Update RS (ms): Min: 0.6, Avg: 3.2, Max: 4.3, Diff: 3.7, Sum: 13.0]
         [Processed Buffers: Min: 9, Avg: 17.2, Max: 29, Diff: 20, Sum: 69]
      [Scan RS (ms): Min: 0.0, Avg: 0.0, Max: 0.1, Diff: 0.1, Sum: 0.2]
      [Code Root Scanning (ms): Min: 0.0, Avg: 0.0, Max: 0.1, Diff: 0.1, Sum: 0.1]
      [Object Copy (ms): Min: 9.8, Avg: 9.8, Max: 9.9, Diff: 0.2, Sum: 39.4]
      [Termination (ms): Min: 0.0, Avg: 0.0, Max: 0.0, Diff: 0.0, Sum: 0.0]
         [Termination Attempts: Min: 1, Avg: 1.2, Max: 2, Diff: 1, Sum: 5]
      [GC Worker Other (ms): Min: 0.0, Avg: 0.1, Max: 0.1, Diff: 0.0, Sum: 0.2]
      [GC Worker Total (ms): Min: 16.8, Avg: 16.9, Max: 17.0, Diff: 0.2, Sum: 67.7]
      [GC Worker End (ms): Min: 54941690.6, Avg: 54941690.6, Max: 54941690.6, Diff: 0.0]
   [Code Root Fixup: 0.0 ms]
   [Code Root Purge: 0.0 ms]
   [Clear CT: 0.1 ms]
   [Other: 3.0 ms]
      [Choose CSet: 0.0 ms]
      [Ref Proc: 0.2 ms]
      [Ref Enq: 0.0 ms]
      [Redirty Cards: 0.0 ms]
      [Humongous Register: 1.7 ms]
      [Humongous Reclaim: 0.0 ms]
      [Free CSet: 0.4 ms]
   [Eden: 302.0M(302.0M)->0.0B(479.0M) Survivors: 6144.0K->5120.0K Heap: 463.8M(1024.0M)->153.8M(1024.0M)]
 [Times: user=0.03 sys=0.03, real=0.04 secs] 
2020-04-16T01:52:49.318+0800: 55750.559: [GC pause (G1 Evacuation Pause) (young), 0.0221006 secs]
   [Parallel Time: 19.1 ms, GC Workers: 4]
      [GC Worker Start (ms): Min: 55750560.6, Avg: 55750560.7, Max: 55750560.7, Diff: 0.2]
      [Ext Root Scanning (ms): Min: 3.4, Avg: 4.3, Max: 6.9, Diff: 3.6, Sum: 17.1]
      [Update RS (ms): Min: 0.6, Avg: 3.0, Max: 3.9, Diff: 3.3, Sum: 12.0]
         [Processed Buffers: Min: 11, Avg: 14.0, Max: 16, Diff: 5, Sum: 56]
      [Scan RS (ms): Min: 0.0, Avg: 0.1, Max: 0.1, Diff: 0.1, Sum: 0.3]
      [Code Root Scanning (ms): Min: 0.0, Avg: 0.0, Max: 0.1, Diff: 0.1, Sum: 0.1]
      [Object Copy (ms): Min: 11.4, Avg: 11.4, Max: 11.5, Diff: 0.1, Sum: 45.7]
      [Termination (ms): Min: 0.0, Avg: 0.0, Max: 0.0, Diff: 0.0, Sum: 0.1]
         [Termination Attempts: Min: 1, Avg: 1.0, Max: 1, Diff: 0, Sum: 4]
      [GC Worker Other (ms): Min: 0.0, Avg: 0.1, Max: 0.1, Diff: 0.1, Sum: 0.2]
      [GC Worker Total (ms): Min: 18.8, Avg: 18.9, Max: 19.0, Diff: 0.2, Sum: 75.5]
      [GC Worker End (ms): Min: 55750579.5, Avg: 55750579.5, Max: 55750579.6, Diff: 0.0]
   [Code Root Fixup: 0.0 ms]
   [Code Root Purge: 0.0 ms]
   [Clear CT: 0.1 ms]
   [Other: 2.9 ms]
      [Choose CSet: 0.0 ms]
      [Ref Proc: 0.2 ms]
      [Ref Enq: 0.0 ms]
      [Redirty Cards: 0.0 ms]
      [Humongous Register: 1.3 ms]
      [Humongous Reclaim: 0.0 ms]
      [Free CSet: 0.6 ms]
   [Eden: 479.0M(479.0M)->0.0B(45.0M) Survivors: 5120.0K->6144.0K Heap: 636.3M(1024.0M)->154.9M(1024.0M)]
 [Times: user=0.03 sys=0.04, real=0.03 secs] 
2020-04-16T01:54:17.170+0800: 55838.409: [GC pause (G1 Evacuation Pause) (young), 0.0115140 secs]
   [Parallel Time: 10.9 ms, GC Workers: 4]
      [GC Worker Start (ms): Min: 55838409.0, Avg: 55838409.0, Max: 55838409.0, Diff: 0.1]
      [Ext Root Scanning (ms): Min: 0.6, Avg: 0.6, Max: 0.6, Diff: 0.1, Sum: 2.4]
      [Update RS (ms): Min: 1.0, Avg: 1.0, Max: 1.1, Diff: 0.1, Sum: 4.2]
         [Processed Buffers: Min: 2, Avg: 10.2, Max: 32, Diff: 30, Sum: 41]
      [Scan RS (ms): Min: 0.0, Avg: 0.0, Max: 0.0, Diff: 0.0, Sum: 0.0]
      [Code Root Scanning (ms): Min: 0.0, Avg: 0.0, Max: 0.0, Diff: 0.0, Sum: 0.0]
      [Object Copy (ms): Min: 9.0, Avg: 9.0, Max: 9.1, Diff: 0.1, Sum: 36.2]
      [Termination (ms): Min: 0.0, Avg: 0.0, Max: 0.0, Diff: 0.0, Sum: 0.1]
         [Termination Attempts: Min: 1, Avg: 1.0, Max: 1, Diff: 0, Sum: 4]
      [GC Worker Other (ms): Min: 0.0, Avg: 0.0, Max: 0.0, Diff: 0.0, Sum: 0.1]
      [GC Worker Total (ms): Min: 10.7, Avg: 10.7, Max: 10.8, Diff: 0.1, Sum: 42.9]
      [GC Worker End (ms): Min: 55838419.7, Avg: 55838419.7, Max: 55838419.7, Diff: 0.0]
   [Code Root Fixup: 0.0 ms]
   [Code Root Purge: 0.0 ms]
   [Clear CT: 0.1 ms]
   [Other: 0.5 ms]
      [Choose CSet: 0.0 ms]
      [Ref Proc: 0.2 ms]
      [Ref Enq: 0.0 ms]
      [Redirty Cards: 0.1 ms]
      [Humongous Register: 0.0 ms]
      [Humongous Reclaim: 0.0 ms]
      [Free CSet: 0.1 ms]
   [Eden: 45.0M(45.0M)->0.0B(80.0M) Survivors: 6144.0K->5120.0K Heap: 199.9M(1024.0M)->153.8M(1024.0M)]
 [Times: user=0.03 sys=0.01, real=0.01 secs] 
2020-04-16T01:56:31.824+0800: 55973.061: [GC pause (G1 Evacuation Pause) (young), 0.0171945 secs]
   [Parallel Time: 16.2 ms, GC Workers: 4]
      [GC Worker Start (ms): Min: 55973061.5, Avg: 55973061.6, Max: 55973061.8, Diff: 0.2]
      [Ext Root Scanning (ms): Min: 0.7, Avg: 0.7, Max: 0.7, Diff: 0.1, Sum: 2.8]
      [Update RS (ms): Min: 4.9, Avg: 6.0, Max: 7.1, Diff: 2.3, Sum: 24.0]
         [Processed Buffers: Min: 1, Avg: 14.0, Max: 34, Diff: 33, Sum: 56]
      [Scan RS (ms): Min: 0.0, Avg: 0.0, Max: 0.0, Diff: 0.0, Sum: 0.0]
      [Code Root Scanning (ms): Min: 0.0, Avg: 0.0, Max: 0.0, Diff: 0.0, Sum: 0.0]
      [Object Copy (ms): Min: 7.9, Avg: 8.8, Max: 9.7, Diff: 1.8, Sum: 35.4]
      [Termination (ms): Min: 0.0, Avg: 0.4, Max: 0.6, Diff: 0.6, Sum: 1.8]
         [Termination Attempts: Min: 1, Avg: 1.0, Max: 1, Diff: 0, Sum: 4]
      [GC Worker Other (ms): Min: 0.0, Avg: 0.0, Max: 0.0, Diff: 0.0, Sum: 0.1]
      [GC Worker Total (ms): Min: 15.8, Avg: 16.0, Max: 16.1, Diff: 0.3, Sum: 64.1]
      [GC Worker End (ms): Min: 55973077.6, Avg: 55973077.6, Max: 55973077.7, Diff: 0.1]
   [Code Root Fixup: 0.0 ms]
   [Code Root Purge: 0.0 ms]
   [Clear CT: 0.1 ms]
   [Other: 0.9 ms]
      [Choose CSet: 0.0 ms]
      [Ref Proc: 0.6 ms]
      [Ref Enq: 0.0 ms]
      [Redirty Cards: 0.0 ms]
      [Humongous Register: 0.0 ms]
      [Humongous Reclaim: 0.0 ms]
      [Free CSet: 0.0 ms]
   [Eden: 80.0M(80.0M)->0.0B(46.0M) Survivors: 5120.0K->5120.0K Heap: 237.3M(1024.0M)->153.8M(1024.0M)]
 [Times: user=0.02 sys=0.01, real=0.02 secs] 
2020-04-16T01:57:47.759+0800: 56048.995: [GC pause (G1 Evacuation Pause) (young), 0.0075187 secs]
   [Parallel Time: 6.9 ms, GC Workers: 4]
      [GC Worker Start (ms): Min: 56048995.3, Avg: 56048995.4, Max: 56048995.5, Diff: 0.3]
      [Ext Root Scanning (ms): Min: 0.6, Avg: 0.7, Max: 0.9, Diff: 0.3, Sum: 2.8]
      [Update RS (ms): Min: 0.3, Avg: 0.4, Max: 0.5, Diff: 0.1, Sum: 1.5]
         [Processed Buffers: Min: 3, Avg: 8.8, Max: 16, Diff: 13, Sum: 35]
      [Scan RS (ms): Min: 0.0, Avg: 0.0, Max: 0.0, Diff: 0.0, Sum: 0.0]
      [Code Root Scanning (ms): Min: 0.0, Avg: 0.0, Max: 0.0, Diff: 0.0, Sum: 0.0]
      [Object Copy (ms): Min: 5.5, Avg: 5.6, Max: 5.6, Diff: 0.1, Sum: 22.2]
      [Termination (ms): Min: 0.0, Avg: 0.0, Max: 0.0, Diff: 0.0, Sum: 0.0]
         [Termination Attempts: Min: 1, Avg: 1.0, Max: 1, Diff: 0, Sum: 4]
      [GC Worker Other (ms): Min: 0.0, Avg: 0.0, Max: 0.0, Diff: 0.0, Sum: 0.1]
      [GC Worker Total (ms): Min: 6.6, Avg: 6.7, Max: 6.8, Diff: 0.3, Sum: 26.7]
      [GC Worker End (ms): Min: 56049002.1, Avg: 56049002.1, Max: 56049002.1, Diff: 0.0]
   [Code Root Fixup: 0.0 ms]
   [Code Root Purge: 0.0 ms]
   [Clear CT: 0.1 ms]
   [Other: 0.6 ms]
      [Choose CSet: 0.0 ms]
      [Ref Proc: 0.1 ms]
      [Ref Enq: 0.0 ms]
      [Redirty Cards: 0.1 ms]
      [Humongous Register: 0.1 ms]
      [Humongous Reclaim: 0.0 ms]
      [Free CSet: 0.0 ms]
   [Eden: 46.0M(46.0M)->0.0B(46.0M) Survivors: 5120.0K->5120.0K Heap: 199.8M(1024.0M)->153.8M(1024.0M)]
 [Times: user=0.02 sys=0.00, real=0.01 secs] 
2020-04-16T01:59:04.016+0800: 56125.251: [GC pause (G1 Evacuation Pause) (young), 0.0076892 secs]
   [Parallel Time: 7.2 ms, GC Workers: 4]
      [GC Worker Start (ms): Min: 56125250.9, Avg: 56125251.0, Max: 56125251.1, Diff: 0.3]
      [Ext Root Scanning (ms): Min: 0.3, Avg: 0.4, Max: 0.6, Diff: 0.3, Sum: 1.8]
      [Update RS (ms): Min: 0.3, Avg: 0.3, Max: 0.4, Diff: 0.1, Sum: 1.3]
         [Processed Buffers: Min: 1, Avg: 9.0, Max: 15, Diff: 14, Sum: 36]
      [Scan RS (ms): Min: 0.0, Avg: 0.0, Max: 0.0, Diff: 0.0, Sum: 0.0]
      [Code Root Scanning (ms): Min: 0.0, Avg: 0.0, Max: 0.0, Diff: 0.0, Sum: 0.0]
      [Object Copy (ms): Min: 5.5, Avg: 5.7, Max: 6.1, Diff: 0.7, Sum: 22.7]
      [Termination (ms): Min: 0.0, Avg: 0.5, Max: 0.7, Diff: 0.7, Sum: 1.9]
         [Termination Attempts: Min: 1, Avg: 1.5, Max: 2, Diff: 1, Sum: 6]
      [GC Worker Other (ms): Min: 0.0, Avg: 0.0, Max: 0.0, Diff: 0.0, Sum: 0.0]
      [GC Worker Total (ms): Min: 6.7, Avg: 6.9, Max: 7.1, Diff: 0.4, Sum: 27.7]
      [GC Worker End (ms): Min: 56125257.9, Avg: 56125257.9, Max: 56125258.0, Diff: 0.1]
   [Code Root Fixup: 0.0 ms]
   [Code Root Purge: 0.0 ms]
   [Clear CT: 0.1 ms]
   [Other: 0.4 ms]
      [Choose CSet: 0.0 ms]
      [Ref Proc: 0.2 ms]
      [Ref Enq: 0.0 ms]
      [Redirty Cards: 0.0 ms]
      [Humongous Register: 0.0 ms]
      [Humongous Reclaim: 0.0 ms]
      [Free CSet: 0.0 ms]
   [Eden: 46.0M(46.0M)->0.0B(52.0M) Survivors: 5120.0K->5120.0K Heap: 199.8M(1024.0M)->153.8M(1024.0M)]
 [Times: user=0.03 sys=0.00, real=0.02 secs] 
2020-04-16T02:00:32.928+0800: 56214.162: [GC pause (G1 Evacuation Pause) (young), 0.0079652 secs]
   [Parallel Time: 6.7 ms, GC Workers: 4]
      [GC Worker Start (ms): Min: 56214162.2, Avg: 56214162.3, Max: 56214162.3, Diff: 0.1]
      [Ext Root Scanning (ms): Min: 0.5, Avg: 0.5, Max: 0.6, Diff: 0.1, Sum: 2.1]
      [Update RS (ms): Min: 0.3, Avg: 0.3, Max: 0.4, Diff: 0.1, Sum: 1.3]
         [Processed Buffers: Min: 1, Avg: 9.0, Max: 28, Diff: 27, Sum: 36]
      [Scan RS (ms): Min: 0.0, Avg: 0.0, Max: 0.0, Diff: 0.0, Sum: 0.0]
      [Code Root Scanning (ms): Min: 0.0, Avg: 0.0, Max: 0.0, Diff: 0.0, Sum: 0.0]
      [Object Copy (ms): Min: 5.2, Avg: 5.2, Max: 5.2, Diff: 0.0, Sum: 20.9]
      [Termination (ms): Min: 0.0, Avg: 0.0, Max: 0.0, Diff: 0.0, Sum: 0.0]
         [Termination Attempts: Min: 1, Avg: 1.0, Max: 1, Diff: 0, Sum: 4]
      [GC Worker Other (ms): Min: 0.0, Avg: 0.1, Max: 0.2, Diff: 0.2, Sum: 0.4]
      [GC Worker Total (ms): Min: 6.1, Avg: 6.2, Max: 6.3, Diff: 0.2, Sum: 24.7]
      [GC Worker End (ms): Min: 56214168.4, Avg: 56214168.5, Max: 56214168.6, Diff: 0.2]
   [Code Root Fixup: 0.0 ms]
   [Code Root Purge: 0.0 ms]
   [Clear CT: 0.3 ms]
   [Other: 1.0 ms]
      [Choose CSet: 0.0 ms]
      [Ref Proc: 0.5 ms]
      [Ref Enq: 0.0 ms]
      [Redirty Cards: 0.2 ms]
      [Humongous Register: 0.0 ms]
      [Humongous Reclaim: 0.0 ms]
      [Free CSet: 0.0 ms]
   [Eden: 52.0M(52.0M)->0.0B(153.0M) Survivors: 5120.0K->5120.0K Heap: 205.8M(1024.0M)->153.8M(1024.0M)]
 [Times: user=0.03 sys=0.00, real=0.02 secs] 
2020-04-16T02:04:43.445+0800: 56464.675: [GC pause (G1 Evacuation Pause) (young), 0.0125272 secs]
   [Parallel Time: 11.9 ms, GC Workers: 4]
      [GC Worker Start (ms): Min: 56464675.5, Avg: 56464675.5, Max: 56464675.6, Diff: 0.1]
      [Ext Root Scanning (ms): Min: 0.7, Avg: 0.8, Max: 0.9, Diff: 0.1, Sum: 3.1]
      [Update RS (ms): Min: 0.3, Avg: 0.4, Max: 0.5, Diff: 0.2, Sum: 1.6]
         [Processed Buffers: Min: 1, Avg: 9.0, Max: 18, Diff: 17, Sum: 36]
      [Scan RS (ms): Min: 0.0, Avg: 0.0, Max: 0.1, Diff: 0.0, Sum: 0.1]
      [Code Root Scanning (ms): Min: 0.0, Avg: 0.0, Max: 0.0, Diff: 0.0, Sum: 0.0]
      [Object Copy (ms): Min: 10.4, Avg: 10.5, Max: 10.6, Diff: 0.2, Sum: 42.0]
      [Termination (ms): Min: 0.0, Avg: 0.0, Max: 0.0, Diff: 0.0, Sum: 0.1]
         [Termination Attempts: Min: 1, Avg: 1.8, Max: 3, Diff: 2, Sum: 7]
      [GC Worker Other (ms): Min: 0.0, Avg: 0.0, Max: 0.1, Diff: 0.0, Sum: 0.2]
      [GC Worker Total (ms): Min: 11.7, Avg: 11.8, Max: 11.8, Diff: 0.1, Sum: 47.1]
      [GC Worker End (ms): Min: 56464687.3, Avg: 56464687.3, Max: 56464687.3, Diff: 0.0]
   [Code Root Fixup: 0.0 ms]
   [Code Root Purge: 0.0 ms]
   [Clear CT: 0.1 ms]
   [Other: 0.6 ms]
      [Choose CSet: 0.0 ms]
      [Ref Proc: 0.1 ms]
      [Ref Enq: 0.0 ms]
      [Redirty Cards: 0.0 ms]
      [Humongous Register: 0.1 ms]
      [Humongous Reclaim: 0.0 ms]
      [Free CSet: 0.1 ms]
   [Eden: 153.0M(153.0M)->0.0B(224.0M) Survivors: 5120.0K->5120.0K Heap: 306.8M(1024.0M)->153.8M(1024.0M)]
 [Times: user=0.03 sys=0.02, real=0.01 secs] 
2020-04-16T02:10:50.683+0800: 56831.908: [GC pause (G1 Evacuation Pause) (young), 0.0112250 secs]
   [Parallel Time: 10.4 ms, GC Workers: 4]
      [GC Worker Start (ms): Min: 56831907.9, Avg: 56831907.9, Max: 56831908.0, Diff: 0.1]
      [Ext Root Scanning (ms): Min: 0.4, Avg: 0.5, Max: 0.6, Diff: 0.2, Sum: 2.0]
      [Update RS (ms): Min: 0.3, Avg: 0.4, Max: 0.5, Diff: 0.2, Sum: 1.6]
         [Processed Buffers: Min: 1, Avg: 8.8, Max: 20, Diff: 19, Sum: 35]
      [Scan RS (ms): Min: 0.0, Avg: 0.0, Max: 0.1, Diff: 0.1, Sum: 0.2]
      [Code Root Scanning (ms): Min: 0.0, Avg: 0.0, Max: 0.0, Diff: 0.0, Sum: 0.0]
      [Object Copy (ms): Min: 9.2, Avg: 9.3, Max: 9.3, Diff: 0.1, Sum: 37.2]
      [Termination (ms): Min: 0.0, Avg: 0.0, Max: 0.0, Diff: 0.0, Sum: 0.0]
         [Termination Attempts: Min: 1, Avg: 1.8, Max: 2, Diff: 1, Sum: 7]
      [GC Worker Other (ms): Min: 0.0, Avg: 0.0, Max: 0.1, Diff: 0.1, Sum: 0.2]
      [GC Worker Total (ms): Min: 10.3, Avg: 10.3, Max: 10.3, Diff: 0.1, Sum: 41.1]
      [GC Worker End (ms): Min: 56831918.2, Avg: 56831918.2, Max: 56831918.2, Diff: 0.0]
   [Code Root Fixup: 0.0 ms]
   [Code Root Purge: 0.0 ms]
   [Clear CT: 0.1 ms]
   [Other: 0.7 ms]
      [Choose CSet: 0.0 ms]
      [Ref Proc: 0.2 ms]
      [Ref Enq: 0.0 ms]
      [Redirty Cards: 0.1 ms]
      [Humongous Register: 0.0 ms]
      [Humongous Reclaim: 0.0 ms]
      [Free CSet: 0.1 ms]
   [Eden: 224.0M(224.0M)->0.0B(371.0M) Survivors: 5120.0K->5120.0K Heap: 377.8M(1024.0M)->153.8M(1024.0M)]
 [Times: user=0.02 sys=0.01, real=0.02 secs] 
2020-04-16T02:20:52.811+0800: 57434.027: [GC pause (G1 Evacuation Pause) (young), 0.0159171 secs]
   [Parallel Time: 14.0 ms, GC Workers: 4]
      [GC Worker Start (ms): Min: 57434027.3, Avg: 57434027.3, Max: 57434027.3, Diff: 0.0]
      [Ext Root Scanning (ms): Min: 0.7, Avg: 0.7, Max: 0.8, Diff: 0.1, Sum: 3.0]
      [Update RS (ms): Min: 0.8, Avg: 0.9, Max: 0.9, Diff: 0.1, Sum: 3.5]
         [Processed Buffers: Min: 11, Avg: 12.8, Max: 14, Diff: 3, Sum: 51]
      [Scan RS (ms): Min: 0.0, Avg: 0.1, Max: 0.1, Diff: 0.1, Sum: 0.3]
      [Code Root Scanning (ms): Min: 0.0, Avg: 0.0, Max: 0.0, Diff: 0.0, Sum: 0.0]
      [Object Copy (ms): Min: 11.5, Avg: 11.7, Max: 12.1, Diff: 0.6, Sum: 46.6]
      [Termination (ms): Min: 0.0, Avg: 0.5, Max: 0.6, Diff: 0.6, Sum: 1.8]
         [Termination Attempts: Min: 1, Avg: 1.0, Max: 1, Diff: 0, Sum: 4]
      [GC Worker Other (ms): Min: 0.0, Avg: 0.0, Max: 0.0, Diff: 0.0, Sum: 0.1]
      [GC Worker Total (ms): Min: 13.8, Avg: 13.8, Max: 13.9, Diff: 0.1, Sum: 55.3]
      [GC Worker End (ms): Min: 57434041.1, Avg: 57434041.1, Max: 57434041.2, Diff: 0.1]
   [Code Root Fixup: 0.0 ms]
   [Code Root Purge: 0.0 ms]
   [Clear CT: 0.1 ms]
   [Other: 1.8 ms]
      [Choose CSet: 0.0 ms]
      [Ref Proc: 1.2 ms]
      [Ref Enq: 0.0 ms]
      [Redirty Cards: 0.0 ms]
      [Humongous Register: 0.1 ms]
      [Humongous Reclaim: 0.0 ms]
      [Free CSet: 0.3 ms]
   [Eden: 371.0M(371.0M)->0.0B(335.0M) Survivors: 5120.0K->5120.0K Heap: 526.3M(1024.0M)->154.3M(1024.0M)]
 [Times: user=0.03 sys=0.01, real=0.01 secs] 
2020-04-16T09:40:49.508+0800: 57945.917: [GC pause (G1 Evacuation Pause) (young), 0.0136444 secs]
   [Parallel Time: 10.7 ms, GC Workers: 4]
      [GC Worker Start (ms): Min: 57945919.2, Avg: 57945919.3, Max: 57945919.4, Diff: 0.2]
      [Ext Root Scanning (ms): Min: 2.1, Avg: 4.1, Max: 7.2, Diff: 5.1, Sum: 16.4]
      [Update RS (ms): Min: 0.0, Avg: 0.7, Max: 1.4, Diff: 1.4, Sum: 2.8]
         [Processed Buffers: Min: 0, Avg: 10.5, Max: 30, Diff: 30, Sum: 42]
      [Scan RS (ms): Min: 0.0, Avg: 0.1, Max: 0.1, Diff: 0.1, Sum: 0.2]
      [Code Root Scanning (ms): Min: 0.0, Avg: 0.0, Max: 0.1, Diff: 0.1, Sum: 0.1]
      [Object Copy (ms): Min: 3.3, Avg: 5.5, Max: 6.5, Diff: 3.2, Sum: 22.0]
      [Termination (ms): Min: 0.0, Avg: 0.0, Max: 0.0, Diff: 0.0, Sum: 0.0]
         [Termination Attempts: Min: 1, Avg: 1.0, Max: 1, Diff: 0, Sum: 4]
      [GC Worker Other (ms): Min: 0.0, Avg: 0.1, Max: 0.3, Diff: 0.3, Sum: 0.4]
      [GC Worker Total (ms): Min: 10.4, Avg: 10.5, Max: 10.6, Diff: 0.2, Sum: 42.0]
      [GC Worker End (ms): Min: 57945929.8, Avg: 57945929.8, Max: 57945929.8, Diff: 0.0]
   [Code Root Fixup: 0.0 ms]
   [Code Root Purge: 0.0 ms]
   [Clear CT: 0.1 ms]
   [Other: 2.9 ms]
      [Choose CSet: 0.0 ms]
      [Ref Proc: 0.2 ms]
      [Ref Enq: 0.0 ms]
      [Redirty Cards: 0.0 ms]
      [Humongous Register: 1.7 ms]
      [Humongous Reclaim: 0.0 ms]
      [Free CSet: 0.4 ms]
   [Eden: 335.0M(335.0M)->0.0B(434.0M) Survivors: 5120.0K->5120.0K Heap: 489.3M(1024.0M)->154.3M(1024.0M)]
 [Times: user=0.02 sys=0.01, real=0.02 secs] 
2020-04-16T09:52:50.673+0800: 58665.180: [GC pause (G1 Evacuation Pause) (young), 0.0113527 secs]
   [Parallel Time: 10.6 ms, GC Workers: 4]
      [GC Worker Start (ms): Min: 58665179.8, Avg: 58665180.1, Max: 58665180.6, Diff: 0.8]
      [Ext Root Scanning (ms): Min: 0.1, Avg: 0.8, Max: 1.8, Diff: 1.7, Sum: 3.1]
      [Update RS (ms): Min: 0.0, Avg: 0.4, Max: 0.6, Diff: 0.6, Sum: 1.6]
         [Processed Buffers: Min: 0, Avg: 9.2, Max: 32, Diff: 32, Sum: 37]
      [Scan RS (ms): Min: 0.1, Avg: 0.1, Max: 0.1, Diff: 0.1, Sum: 0.3]
      [Code Root Scanning (ms): Min: 0.0, Avg: 0.0, Max: 0.1, Diff: 0.1, Sum: 0.1]
      [Object Copy (ms): Min: 8.6, Avg: 8.9, Max: 9.1, Diff: 0.5, Sum: 35.8]
      [Termination (ms): Min: 0.0, Avg: 0.0, Max: 0.0, Diff: 0.0, Sum: 0.0]
         [Termination Attempts: Min: 1, Avg: 1.0, Max: 1, Diff: 0, Sum: 4]
      [GC Worker Other (ms): Min: 0.0, Avg: 0.0, Max: 0.0, Diff: 0.0, Sum: 0.1]
      [GC Worker Total (ms): Min: 9.8, Avg: 10.2, Max: 10.5, Diff: 0.8, Sum: 40.9]
      [GC Worker End (ms): Min: 58665190.3, Avg: 58665190.3, Max: 58665190.3, Diff: 0.0]
   [Code Root Fixup: 0.0 ms]
   [Code Root Purge: 0.0 ms]
   [Clear CT: 0.1 ms]
   [Other: 0.6 ms]
      [Choose CSet: 0.0 ms]
      [Ref Proc: 0.2 ms]
      [Ref Enq: 0.0 ms]
      [Redirty Cards: 0.1 ms]
      [Humongous Register: 0.0 ms]
      [Humongous Reclaim: 0.0 ms]
      [Free CSet: 0.2 ms]
   [Eden: 434.0M(434.0M)->0.0B(609.0M) Survivors: 5120.0K->5120.0K Heap: 588.3M(1024.0M)->153.8M(1024.0M)]
 [Times: user=0.02 sys=0.02, real=0.02 secs] 
2020-04-16T10:09:26.559+0800: 59661.051: [GC pause (G1 Evacuation Pause) (young), 0.0111494 secs]
   [Parallel Time: 10.1 ms, GC Workers: 4]
      [GC Worker Start (ms): Min: 59661051.4, Avg: 59661051.4, Max: 59661051.5, Diff: 0.0]
      [Ext Root Scanning (ms): Min: 0.7, Avg: 0.7, Max: 0.8, Diff: 0.1, Sum: 3.0]
      [Update RS (ms): Min: 0.6, Avg: 0.8, Max: 1.3, Diff: 0.7, Sum: 3.4]
         [Processed Buffers: Min: 1, Avg: 9.2, Max: 30, Diff: 29, Sum: 37]
      [Scan RS (ms): Min: 0.0, Avg: 0.1, Max: 0.2, Diff: 0.2, Sum: 0.5]
      [Code Root Scanning (ms): Min: 0.0, Avg: 0.0, Max: 0.1, Diff: 0.1, Sum: 0.1]
      [Object Copy (ms): Min: 7.3, Avg: 7.9, Max: 8.4, Diff: 1.1, Sum: 31.8]
      [Termination (ms): Min: 0.0, Avg: 0.3, Max: 0.7, Diff: 0.7, Sum: 1.3]
         [Termination Attempts: Min: 1, Avg: 1.0, Max: 1, Diff: 0, Sum: 4]
      [GC Worker Other (ms): Min: 0.0, Avg: 0.0, Max: 0.0, Diff: 0.0, Sum: 0.1]
      [GC Worker Total (ms): Min: 10.0, Avg: 10.1, Max: 10.1, Diff: 0.1, Sum: 40.2]
      [GC Worker End (ms): Min: 59661061.5, Avg: 59661061.5, Max: 59661061.5, Diff: 0.0]
   [Code Root Fixup: 0.0 ms]
   [Code Root Purge: 0.0 ms]
   [Clear CT: 0.2 ms]
   [Other: 0.9 ms]
      [Choose CSet: 0.0 ms]
      [Ref Proc: 0.2 ms]
      [Ref Enq: 0.0 ms]
      [Redirty Cards: 0.0 ms]
      [Humongous Register: 0.0 ms]
      [Humongous Reclaim: 0.0 ms]
      [Free CSet: 0.3 ms]
   [Eden: 609.0M(609.0M)->0.0B(609.0M) Survivors: 5120.0K->5120.0K Heap: 762.8M(1024.0M)->153.8M(1024.0M)]
 [Times: user=0.03 sys=0.01, real=0.02 secs] 
2020-04-16T11:19:13.553+0800: 60644.480: [GC pause (G1 Evacuation Pause) (young), 0.0172482 secs]
   [Parallel Time: 14.5 ms, GC Workers: 4]
      [GC Worker Start (ms): Min: 60644481.2, Avg: 60644481.3, Max: 60644481.4, Diff: 0.2]
      [Ext Root Scanning (ms): Min: 2.8, Avg: 3.6, Max: 5.0, Diff: 2.3, Sum: 14.3]
      [Update RS (ms): Min: 0.0, Avg: 1.1, Max: 1.7, Diff: 1.7, Sum: 4.6]
         [Processed Buffers: Min: 0, Avg: 10.2, Max: 25, Diff: 25, Sum: 41]
      [Scan RS (ms): Min: 0.0, Avg: 0.1, Max: 0.2, Diff: 0.1, Sum: 0.3]
      [Code Root Scanning (ms): Min: 0.0, Avg: 0.0, Max: 0.1, Diff: 0.1, Sum: 0.1]
      [Object Copy (ms): Min: 9.3, Avg: 9.4, Max: 9.5, Diff: 0.2, Sum: 37.7]
      [Termination (ms): Min: 0.0, Avg: 0.0, Max: 0.0, Diff: 0.0, Sum: 0.0]
         [Termination Attempts: Min: 1, Avg: 1.0, Max: 1, Diff: 0, Sum: 4]
      [GC Worker Other (ms): Min: 0.0, Avg: 0.1, Max: 0.4, Diff: 0.4, Sum: 0.6]
      [GC Worker Total (ms): Min: 14.3, Avg: 14.4, Max: 14.5, Diff: 0.2, Sum: 57.5]
      [GC Worker End (ms): Min: 60644495.7, Avg: 60644495.7, Max: 60644495.7, Diff: 0.0]
   [Code Root Fixup: 0.0 ms]
   [Code Root Purge: 0.0 ms]
   [Clear CT: 0.2 ms]
   [Other: 2.5 ms]
      [Choose CSet: 0.0 ms]
      [Ref Proc: 0.4 ms]
      [Ref Enq: 0.0 ms]
      [Redirty Cards: 0.0 ms]
      [Humongous Register: 0.9 ms]
      [Humongous Reclaim: 0.0 ms]
      [Free CSet: 0.7 ms]
   [Eden: 609.0M(609.0M)->0.0B(609.0M) Survivors: 5120.0K->5120.0K Heap: 762.8M(1024.0M)->153.8M(1024.0M)]
 [Times: user=0.03 sys=0.03, real=0.02 secs] 
2020-04-16T11:37:11.961+0800: 61722.872: [GC pause (G1 Evacuation Pause) (young), 0.0118969 secs]
   [Parallel Time: 10.9 ms, GC Workers: 4]
      [GC Worker Start (ms): Min: 61722872.6, Avg: 61722872.7, Max: 61722872.7, Diff: 0.1]
      [Ext Root Scanning (ms): Min: 0.8, Avg: 0.8, Max: 0.9, Diff: 0.1, Sum: 3.2]
      [Update RS (ms): Min: 0.6, Avg: 0.7, Max: 0.8, Diff: 0.1, Sum: 2.7]
         [Processed Buffers: Min: 1, Avg: 9.2, Max: 18, Diff: 17, Sum: 37]
      [Scan RS (ms): Min: 0.1, Avg: 0.1, Max: 0.2, Diff: 0.1, Sum: 0.5]
      [Code Root Scanning (ms): Min: 0.0, Avg: 0.1, Max: 0.1, Diff: 0.1, Sum: 0.3]
      [Object Copy (ms): Min: 9.1, Avg: 9.1, Max: 9.1, Diff: 0.1, Sum: 36.4]
      [Termination (ms): Min: 0.0, Avg: 0.0, Max: 0.0, Diff: 0.0, Sum: 0.0]
         [Termination Attempts: Min: 1, Avg: 1.0, Max: 1, Diff: 0, Sum: 4]
      [GC Worker Other (ms): Min: 0.0, Avg: 0.0, Max: 0.0, Diff: 0.0, Sum: 0.1]
      [GC Worker Total (ms): Min: 10.8, Avg: 10.8, Max: 10.8, Diff: 0.1, Sum: 43.2]
      [GC Worker End (ms): Min: 61722883.5, Avg: 61722883.5, Max: 61722883.5, Diff: 0.0]
   [Code Root Fixup: 0.0 ms]
   [Code Root Purge: 0.0 ms]
   [Clear CT: 0.2 ms]
   [Other: 0.8 ms]
      [Choose CSet: 0.0 ms]
      [Ref Proc: 0.3 ms]
      [Ref Enq: 0.0 ms]
      [Redirty Cards: 0.0 ms]
      [Humongous Register: 0.1 ms]
      [Humongous Reclaim: 0.0 ms]
      [Free CSet: 0.2 ms]
   [Eden: 609.0M(609.0M)->0.0B(609.0M) Survivors: 5120.0K->5120.0K Heap: 762.8M(1024.0M)->154.3M(1024.0M)]
 [Times: user=0.03 sys=0.01, real=0.01 secs] 
2020-04-16T11:54:11.483+0800: 62561.862: [GC pause (G1 Evacuation Pause) (young), 0.0132093 secs]
   [Parallel Time: 11.9 ms, GC Workers: 4]
      [GC Worker Start (ms): Min: 62561863.1, Avg: 62561863.3, Max: 62561863.7, Diff: 0.5]
      [Ext Root Scanning (ms): Min: 0.6, Avg: 0.9, Max: 1.1, Diff: 0.6, Sum: 3.7]
      [Update RS (ms): Min: 0.4, Avg: 0.9, Max: 2.2, Diff: 1.9, Sum: 3.4]
         [Processed Buffers: Min: 1, Avg: 10.2, Max: 27, Diff: 26, Sum: 41]
      [Scan RS (ms): Min: 0.0, Avg: 0.1, Max: 0.1, Diff: 0.1, Sum: 0.3]
      [Code Root Scanning (ms): Min: 0.0, Avg: 0.1, Max: 0.3, Diff: 0.3, Sum: 0.3]
      [Object Copy (ms): Min: 8.1, Avg: 9.3, Max: 9.8, Diff: 1.7, Sum: 37.3]
      [Termination (ms): Min: 0.0, Avg: 0.0, Max: 0.0, Diff: 0.0, Sum: 0.0]
         [Termination Attempts: Min: 1, Avg: 1.8, Max: 2, Diff: 1, Sum: 7]
      [GC Worker Other (ms): Min: 0.0, Avg: 0.1, Max: 0.1, Diff: 0.1, Sum: 0.2]
      [GC Worker Total (ms): Min: 11.0, Avg: 11.3, Max: 11.6, Diff: 0.5, Sum: 45.3]
      [GC Worker End (ms): Min: 62561874.6, Avg: 62561874.7, Max: 62561874.7, Diff: 0.1]
   [Code Root Fixup: 0.0 ms]
   [Code Root Purge: 0.0 ms]
   [Clear CT: 0.1 ms]
   [Other: 1.2 ms]
      [Choose CSet: 0.0 ms]
      [Ref Proc: 0.4 ms]
      [Ref Enq: 0.0 ms]
      [Redirty Cards: 0.0 ms]
      [Humongous Register: 0.1 ms]
      [Humongous Reclaim: 0.0 ms]
      [Free CSet: 0.2 ms]
   [Eden: 609.0M(609.0M)->0.0B(609.0M) Survivors: 5120.0K->5120.0K Heap: 763.3M(1024.0M)->154.3M(1024.0M)]
 [Times: user=0.02 sys=0.01, real=0.01 secs] 
2020-04-16T12:08:10.621+0800: 63400.988: [GC pause (G1 Evacuation Pause) (young), 0.0137611 secs]
   [Parallel Time: 11.3 ms, GC Workers: 4]
      [GC Worker Start (ms): Min: 63400989.0, Avg: 63400989.1, Max: 63400989.3, Diff: 0.2]
      [Ext Root Scanning (ms): Min: 2.6, Avg: 3.3, Max: 5.0, Diff: 2.4, Sum: 13.1]
      [Update RS (ms): Min: 0.0, Avg: 1.5, Max: 2.1, Diff: 2.1, Sum: 6.1]
         [Processed Buffers: Min: 0, Avg: 9.2, Max: 19, Diff: 19, Sum: 37]
      [Scan RS (ms): Min: 0.1, Avg: 0.1, Max: 0.1, Diff: 0.1, Sum: 0.4]
      [Code Root Scanning (ms): Min: 0.0, Avg: 0.1, Max: 0.1, Diff: 0.1, Sum: 0.2]
      [Object Copy (ms): Min: 6.1, Avg: 6.1, Max: 6.2, Diff: 0.1, Sum: 24.5]
      [Termination (ms): Min: 0.0, Avg: 0.0, Max: 0.0, Diff: 0.0, Sum: 0.0]
         [Termination Attempts: Min: 1, Avg: 1.0, Max: 1, Diff: 0, Sum: 4]
      [GC Worker Other (ms): Min: 0.0, Avg: 0.0, Max: 0.1, Diff: 0.0, Sum: 0.2]
      [GC Worker Total (ms): Min: 11.0, Avg: 11.1, Max: 11.2, Diff: 0.2, Sum: 44.6]
      [GC Worker End (ms): Min: 63401000.3, Avg: 63401000.3, Max: 63401000.3, Diff: 0.0]
   [Code Root Fixup: 0.0 ms]
   [Code Root Purge: 0.0 ms]
   [Clear CT: 0.1 ms]
   [Other: 2.3 ms]
      [Choose CSet: 0.0 ms]
      [Ref Proc: 0.3 ms]
      [Ref Enq: 0.0 ms]
      [Redirty Cards: 0.0 ms]
      [Humongous Register: 0.7 ms]
      [Humongous Reclaim: 0.0 ms]
      [Free CSet: 0.8 ms]
   [Eden: 609.0M(609.0M)->0.0B(609.0M) Survivors: 5120.0K->5120.0K Heap: 763.3M(1024.0M)->153.8M(1024.0M)]
 [Times: user=0.02 sys=0.02, real=0.02 secs] 
2020-04-16T12:22:58.487+0800: 64288.841: [GC pause (G1 Evacuation Pause) (young), 0.0121634 secs]
   [Parallel Time: 11.1 ms, GC Workers: 4]
      [GC Worker Start (ms): Min: 64288841.3, Avg: 64288841.4, Max: 64288841.4, Diff: 0.1]
      [Ext Root Scanning (ms): Min: 1.1, Avg: 1.4, Max: 2.3, Diff: 1.2, Sum: 5.5]
      [Update RS (ms): Min: 0.8, Avg: 1.7, Max: 2.0, Diff: 1.2, Sum: 6.6]
         [Processed Buffers: Min: 15, Avg: 18.8, Max: 25, Diff: 10, Sum: 75]
      [Scan RS (ms): Min: 0.2, Avg: 0.2, Max: 0.3, Diff: 0.1, Sum: 1.0]
      [Code Root Scanning (ms): Min: 0.0, Avg: 0.1, Max: 0.1, Diff: 0.1, Sum: 0.3]
      [Object Copy (ms): Min: 7.5, Avg: 7.6, Max: 7.8, Diff: 0.3, Sum: 30.5]
      [Termination (ms): Min: 0.0, Avg: 0.0, Max: 0.0, Diff: 0.0, Sum: 0.0]
         [Termination Attempts: Min: 1, Avg: 1.8, Max: 2, Diff: 1, Sum: 7]
      [GC Worker Other (ms): Min: 0.0, Avg: 0.0, Max: 0.0, Diff: 0.0, Sum: 0.1]
      [GC Worker Total (ms): Min: 11.0, Avg: 11.0, Max: 11.0, Diff: 0.1, Sum: 44.1]
      [GC Worker End (ms): Min: 64288852.4, Avg: 64288852.4, Max: 64288852.4, Diff: 0.0]
   [Code Root Fixup: 0.0 ms]
   [Code Root Purge: 0.0 ms]
   [Clear CT: 0.2 ms]
   [Other: 0.9 ms]
      [Choose CSet: 0.0 ms]
      [Ref Proc: 0.2 ms]
      [Ref Enq: 0.0 ms]
      [Redirty Cards: 0.0 ms]
      [Humongous Register: 0.1 ms]
      [Humongous Reclaim: 0.0 ms]
      [Free CSet: 0.2 ms]
   [Eden: 609.0M(609.0M)->0.0B(609.0M) Survivors: 5120.0K->5120.0K Heap: 772.1M(1024.0M)->153.8M(1024.0M)]
 [Times: user=0.03 sys=0.01, real=0.02 secs] 
2020-04-16T12:36:58.935+0800: 65129.277: [GC pause (G1 Evacuation Pause) (young), 0.0149713 secs]
   [Parallel Time: 12.6 ms, GC Workers: 4]
      [GC Worker Start (ms): Min: 65129277.6, Avg: 65129277.6, Max: 65129277.6, Diff: 0.0]
      [Ext Root Scanning (ms): Min: 1.3, Avg: 1.9, Max: 3.6, Diff: 2.2, Sum: 7.8]
      [Update RS (ms): Min: 1.8, Avg: 3.2, Max: 3.8, Diff: 1.9, Sum: 13.0]
         [Processed Buffers: Min: 15, Avg: 23.5, Max: 30, Diff: 15, Sum: 94]
      [Scan RS (ms): Min: 0.1, Avg: 0.3, Max: 0.4, Diff: 0.3, Sum: 1.1]
      [Code Root Scanning (ms): Min: 0.0, Avg: 0.2, Max: 0.4, Diff: 0.4, Sum: 0.7]
      [Object Copy (ms): Min: 6.6, Avg: 6.8, Max: 7.0, Diff: 0.4, Sum: 27.2]
      [Termination (ms): Min: 0.0, Avg: 0.0, Max: 0.0, Diff: 0.0, Sum: 0.0]
         [Termination Attempts: Min: 1, Avg: 1.2, Max: 2, Diff: 1, Sum: 5]
      [GC Worker Other (ms): Min: 0.0, Avg: 0.1, Max: 0.1, Diff: 0.1, Sum: 0.2]
      [GC Worker Total (ms): Min: 12.5, Avg: 12.5, Max: 12.5, Diff: 0.0, Sum: 49.9]
      [GC Worker End (ms): Min: 65129290.0, Avg: 65129290.1, Max: 65129290.1, Diff: 0.1]
   [Code Root Fixup: 0.0 ms]
   [Code Root Purge: 0.0 ms]
   [Clear CT: 0.5 ms]
   [Other: 1.9 ms]
      [Choose CSet: 0.0 ms]
      [Ref Proc: 1.0 ms]
      [Ref Enq: 0.0 ms]
      [Redirty Cards: 0.0 ms]
      [Humongous Register: 0.1 ms]
      [Humongous Reclaim: 0.1 ms]
      [Free CSet: 0.3 ms]
   [Eden: 609.0M(609.0M)->0.0B(609.0M) Survivors: 5120.0K->5120.0K Heap: 784.7M(1024.0M)->153.8M(1024.0M)]
 [Times: user=0.03 sys=0.02, real=0.02 secs] 
2020-04-16T12:51:00.482+0800: 65970.812: [GC pause (G1 Evacuation Pause) (young), 0.0257040 secs]
   [Parallel Time: 22.4 ms, GC Workers: 4]
      [GC Worker Start (ms): Min: 65970813.8, Avg: 65970814.0, Max: 65970814.3, Diff: 0.5]
      [Ext Root Scanning (ms): Min: 2.7, Avg: 4.4, Max: 8.4, Diff: 5.7, Sum: 17.5]
      [Update RS (ms): Min: 0.0, Avg: 3.0, Max: 4.4, Diff: 4.4, Sum: 12.1]
         [Processed Buffers: Min: 0, Avg: 9.0, Max: 31, Diff: 31, Sum: 36]
      [Scan RS (ms): Min: 0.0, Avg: 0.1, Max: 0.2, Diff: 0.2, Sum: 0.4]
      [Code Root Scanning (ms): Min: 0.0, Avg: 0.2, Max: 0.7, Diff: 0.7, Sum: 0.7]
      [Object Copy (ms): Min: 13.3, Avg: 14.0, Max: 14.4, Diff: 1.1, Sum: 55.9]
      [Termination (ms): Min: 0.0, Avg: 0.2, Max: 0.5, Diff: 0.5, Sum: 1.0]
         [Termination Attempts: Min: 1, Avg: 1.0, Max: 1, Diff: 0, Sum: 4]
      [GC Worker Other (ms): Min: 0.1, Avg: 0.1, Max: 0.1, Diff: 0.0, Sum: 0.3]
      [GC Worker Total (ms): Min: 21.7, Avg: 21.9, Max: 22.2, Diff: 0.6, Sum: 87.8]
      [GC Worker End (ms): Min: 65970835.9, Avg: 65970836.0, Max: 65970836.0, Diff: 0.1]
   [Code Root Fixup: 0.0 ms]
   [Code Root Purge: 0.0 ms]
   [Clear CT: 0.3 ms]
   [Other: 3.0 ms]
      [Choose CSet: 0.0 ms]
      [Ref Proc: 0.8 ms]
      [Ref Enq: 0.0 ms]
      [Redirty Cards: 0.0 ms]
      [Humongous Register: 0.8 ms]
      [Humongous Reclaim: 0.0 ms]
      [Free CSet: 0.7 ms]
   [Eden: 609.0M(609.0M)->0.0B(47.0M) Survivors: 5120.0K->4096.0K Heap: 762.8M(1024.0M)->153.3M(1024.0M)]
 [Times: user=0.03 sys=0.04, real=0.03 secs] 
2020-04-16T12:52:06.632+0800: 66036.961: [GC pause (G1 Evacuation Pause) (young), 0.0187514 secs]
   [Parallel Time: 12.5 ms, GC Workers: 4]
      [GC Worker Start (ms): Min: 66036961.5, Avg: 66036961.6, Max: 66036961.8, Diff: 0.2]
      [Ext Root Scanning (ms): Min: 0.7, Avg: 1.1, Max: 1.6, Diff: 0.9, Sum: 4.4]
      [Update RS (ms): Min: 0.3, Avg: 0.6, Max: 0.8, Diff: 0.5, Sum: 2.5]
         [Processed Buffers: Min: 1, Avg: 8.2, Max: 21, Diff: 20, Sum: 33]
      [Scan RS (ms): Min: 0.0, Avg: 0.0, Max: 0.0, Diff: 0.0, Sum: 0.0]
      [Code Root Scanning (ms): Min: 0.0, Avg: 0.1, Max: 0.1, Diff: 0.1, Sum: 0.2]
      [Object Copy (ms): Min: 10.3, Avg: 10.6, Max: 10.7, Diff: 0.4, Sum: 42.2]
      [Termination (ms): Min: 0.0, Avg: 0.0, Max: 0.0, Diff: 0.0, Sum: 0.0]
         [Termination Attempts: Min: 1, Avg: 1.8, Max: 2, Diff: 1, Sum: 7]
      [GC Worker Other (ms): Min: 0.0, Avg: 0.0, Max: 0.1, Diff: 0.0, Sum: 0.1]
      [GC Worker Total (ms): Min: 12.2, Avg: 12.4, Max: 12.5, Diff: 0.2, Sum: 49.6]
      [GC Worker End (ms): Min: 66036974.0, Avg: 66036974.0, Max: 66036974.0, Diff: 0.0]
   [Code Root Fixup: 0.0 ms]
   [Code Root Purge: 0.0 ms]
   [Clear CT: 0.1 ms]
   [Other: 6.1 ms]
      [Choose CSet: 0.0 ms]
      [Ref Proc: 0.1 ms]
      [Ref Enq: 0.0 ms]
      [Redirty Cards: 0.1 ms]
      [Humongous Register: 0.0 ms]
      [Humongous Reclaim: 0.0 ms]
      [Free CSet: 5.7 ms]
   [Eden: 47.0M(47.0M)->0.0B(46.0M) Survivors: 4096.0K->5120.0K Heap: 200.3M(1024.0M)->153.8M(1024.0M)]
 [Times: user=0.03 sys=0.01, real=0.02 secs] 
2020-04-16T12:53:09.439+0800: 66099.767: [GC pause (G1 Evacuation Pause) (young), 0.0122715 secs]
   [Parallel Time: 10.7 ms, GC Workers: 4]
      [GC Worker Start (ms): Min: 66099767.5, Avg: 66099767.5, Max: 66099767.7, Diff: 0.2]
      [Ext Root Scanning (ms): Min: 0.2, Avg: 0.4, Max: 0.5, Diff: 0.3, Sum: 1.7]
      [Update RS (ms): Min: 0.4, Avg: 0.4, Max: 0.5, Diff: 0.1, Sum: 1.8]
         [Processed Buffers: Min: 4, Avg: 10.5, Max: 20, Diff: 16, Sum: 42]
      [Scan RS (ms): Min: 0.0, Avg: 0.0, Max: 0.0, Diff: 0.0, Sum: 0.0]
      [Code Root Scanning (ms): Min: 0.0, Avg: 0.0, Max: 0.1, Diff: 0.1, Sum: 0.1]
      [Object Copy (ms): Min: 9.1, Avg: 9.4, Max: 9.7, Diff: 0.7, Sum: 37.6]
      [Termination (ms): Min: 0.0, Avg: 0.3, Max: 0.5, Diff: 0.5, Sum: 1.1]
         [Termination Attempts: Min: 1, Avg: 1.2, Max: 2, Diff: 1, Sum: 5]
      [GC Worker Other (ms): Min: 0.0, Avg: 0.0, Max: 0.0, Diff: 0.0, Sum: 0.0]
      [GC Worker Total (ms): Min: 10.4, Avg: 10.6, Max: 10.7, Diff: 0.3, Sum: 42.4]
      [GC Worker End (ms): Min: 66099778.1, Avg: 66099778.1, Max: 66099778.1, Diff: 0.0]
   [Code Root Fixup: 0.0 ms]
   [Code Root Purge: 0.0 ms]
   [Clear CT: 0.1 ms]
   [Other: 1.5 ms]
      [Choose CSet: 0.0 ms]
      [Ref Proc: 1.2 ms]
      [Ref Enq: 0.0 ms]
      [Redirty Cards: 0.0 ms]
      [Humongous Register: 0.0 ms]
      [Humongous Reclaim: 0.0 ms]
      [Free CSet: 0.0 ms]
   [Eden: 46.0M(46.0M)->0.0B(46.0M) Survivors: 5120.0K->5120.0K Heap: 203.3M(1024.0M)->153.8M(1024.0M)]
 [Times: user=0.02 sys=0.01, real=0.02 secs] 
2020-04-16T12:54:12.849+0800: 66163.176: [GC pause (G1 Evacuation Pause) (young), 0.0082698 secs]
   [Parallel Time: 7.4 ms, GC Workers: 4]
      [GC Worker Start (ms): Min: 66163175.8, Avg: 66163178.7, Max: 66163182.9, Diff: 7.2]
      [Ext Root Scanning (ms): Min: 0.0, Avg: 0.4, Max: 0.8, Diff: 0.8, Sum: 1.5]
      [Update RS (ms): Min: 0.0, Avg: 0.5, Max: 0.9, Diff: 0.9, Sum: 1.9]
         [Processed Buffers: Min: 0, Avg: 10.0, Max: 26, Diff: 26, Sum: 40]
      [Scan RS (ms): Min: 0.0, Avg: 0.0, Max: 0.0, Diff: 0.0, Sum: 0.0]
      [Code Root Scanning (ms): Min: 0.0, Avg: 0.0, Max: 0.1, Diff: 0.1, Sum: 0.2]
      [Object Copy (ms): Min: 0.0, Avg: 2.9, Max: 4.8, Diff: 4.8, Sum: 11.8]
      [Termination (ms): Min: 0.0, Avg: 0.5, Max: 0.7, Diff: 0.7, Sum: 2.1]
         [Termination Attempts: Min: 1, Avg: 1.0, Max: 1, Diff: 0, Sum: 4]
      [GC Worker Other (ms): Min: 0.0, Avg: 0.0, Max: 0.0, Diff: 0.0, Sum: 0.0]
      [GC Worker Total (ms): Min: 0.0, Avg: 4.4, Max: 7.3, Diff: 7.3, Sum: 17.5]
      [GC Worker End (ms): Min: 66163182.9, Avg: 66163183.0, Max: 66163183.1, Diff: 0.2]
   [Code Root Fixup: 0.0 ms]
   [Code Root Purge: 0.0 ms]
   [Clear CT: 0.0 ms]
   [Other: 0.9 ms]
      [Choose CSet: 0.0 ms]
      [Ref Proc: 0.6 ms]
      [Ref Enq: 0.0 ms]
      [Redirty Cards: 0.0 ms]
      [Humongous Register: 0.0 ms]
      [Humongous Reclaim: 0.0 ms]
      [Free CSet: 0.0 ms]
   [Eden: 46.0M(46.0M)->0.0B(47.0M) Survivors: 5120.0K->4096.0K Heap: 203.3M(1024.0M)->153.3M(1024.0M)]
 [Times: user=0.01 sys=0.00, real=0.02 secs] 
2020-04-16T12:55:17.434+0800: 66227.760: [GC pause (G1 Evacuation Pause) (young), 0.0091417 secs]
   [Parallel Time: 8.2 ms, GC Workers: 4]
      [GC Worker Start (ms): Min: 66227760.6, Avg: 66227761.2, Max: 66227762.6, Diff: 2.0]
      [Ext Root Scanning (ms): Min: 0.0, Avg: 0.4, Max: 0.7, Diff: 0.7, Sum: 1.5]
      [Update RS (ms): Min: 0.0, Avg: 0.6, Max: 1.6, Diff: 1.6, Sum: 2.5]
         [Processed Buffers: Min: 0, Avg: 8.8, Max: 30, Diff: 30, Sum: 35]
      [Scan RS (ms): Min: 0.0, Avg: 0.0, Max: 0.0, Diff: 0.0, Sum: 0.0]
      [Code Root Scanning (ms): Min: 0.0, Avg: 0.0, Max: 0.1, Diff: 0.1, Sum: 0.1]
      [Object Copy (ms): Min: 5.6, Avg: 5.8, Max: 6.1, Diff: 0.6, Sum: 23.2]
      [Termination (ms): Min: 0.0, Avg: 0.5, Max: 0.8, Diff: 0.8, Sum: 1.9]
         [Termination Attempts: Min: 1, Avg: 1.0, Max: 1, Diff: 0, Sum: 4]
      [GC Worker Other (ms): Min: 0.0, Avg: 0.0, Max: 0.0, Diff: 0.0, Sum: 0.0]
      [GC Worker Total (ms): Min: 6.1, Avg: 7.4, Max: 7.9, Diff: 1.8, Sum: 29.4]
      [GC Worker End (ms): Min: 66227768.4, Avg: 66227768.6, Max: 66227768.7, Diff: 0.3]
   [Code Root Fixup: 0.0 ms]
   [Code Root Purge: 0.0 ms]
   [Clear CT: 0.0 ms]
   [Other: 0.9 ms]
      [Choose CSet: 0.0 ms]
      [Ref Proc: 0.6 ms]
      [Ref Enq: 0.0 ms]
      [Redirty Cards: 0.0 ms]
      [Humongous Register: 0.0 ms]
      [Humongous Reclaim: 0.0 ms]
      [Free CSet: 0.1 ms]
   [Eden: 47.0M(47.0M)->0.0B(46.0M) Survivors: 4096.0K->5120.0K Heap: 200.3M(1024.0M)->153.8M(1024.0M)]
 [Times: user=0.02 sys=0.01, real=0.01 secs] 
2020-04-16T12:56:20.849+0800: 66291.174: [GC pause (G1 Evacuation Pause) (young), 0.0086594 secs]
   [Parallel Time: 4.4 ms, GC Workers: 4]
      [GC Worker Start (ms): Min: 66291174.5, Avg: 66291174.8, Max: 66291175.1, Diff: 0.6]
      [Ext Root Scanning (ms): Min: 0.1, Avg: 0.4, Max: 0.7, Diff: 0.6, Sum: 1.5]
      [Update RS (ms): Min: 0.2, Avg: 0.3, Max: 0.4, Diff: 0.1, Sum: 1.3]
         [Processed Buffers: Min: 1, Avg: 8.8, Max: 25, Diff: 24, Sum: 35]
      [Scan RS (ms): Min: 0.0, Avg: 0.0, Max: 0.0, Diff: 0.0, Sum: 0.0]
      [Code Root Scanning (ms): Min: 0.0, Avg: 0.0, Max: 0.1, Diff: 0.1, Sum: 0.1]
      [Object Copy (ms): Min: 3.2, Avg: 3.2, Max: 3.3, Diff: 0.1, Sum: 12.9]
      [Termination (ms): Min: 0.0, Avg: 0.0, Max: 0.0, Diff: 0.0, Sum: 0.0]
         [Termination Attempts: Min: 1, Avg: 1.0, Max: 1, Diff: 0, Sum: 4]
      [GC Worker Other (ms): Min: 0.0, Avg: 0.0, Max: 0.0, Diff: 0.0, Sum: 0.0]
      [GC Worker Total (ms): Min: 3.7, Avg: 4.0, Max: 4.3, Diff: 0.6, Sum: 15.9]
      [GC Worker End (ms): Min: 66291178.8, Avg: 66291178.8, Max: 66291178.8, Diff: 0.0]
   [Code Root Fixup: 0.0 ms]
   [Code Root Purge: 0.0 ms]
   [Clear CT: 0.1 ms]
   [Other: 4.2 ms]
      [Choose CSet: 0.0 ms]
      [Ref Proc: 3.4 ms]
      [Ref Enq: 0.0 ms]
      [Redirty Cards: 0.5 ms]
      [Humongous Register: 0.0 ms]
      [Humongous Reclaim: 0.0 ms]
      [Free CSet: 0.1 ms]
   [Eden: 46.0M(46.0M)->0.0B(46.0M) Survivors: 5120.0K->5120.0K Heap: 199.8M(1024.0M)->153.9M(1024.0M)]
 [Times: user=0.02 sys=0.00, real=0.02 secs] 
2020-04-16T12:57:24.206+0800: 66354.530: [GC pause (G1 Evacuation Pause) (young), 0.0081595 secs]
   [Parallel Time: 7.6 ms, GC Workers: 4]
      [GC Worker Start (ms): Min: 66354530.2, Avg: 66354530.8, Max: 66354532.5, Diff: 2.3]
      [Ext Root Scanning (ms): Min: 0.0, Avg: 0.8, Max: 2.3, Diff: 2.2, Sum: 3.2]
      [Update RS (ms): Min: 0.0, Avg: 0.4, Max: 0.9, Diff: 0.9, Sum: 1.8]
         [Processed Buffers: Min: 0, Avg: 8.5, Max: 26, Diff: 26, Sum: 34]
      [Scan RS (ms): Min: 0.0, Avg: 0.0, Max: 0.0, Diff: 0.0, Sum: 0.0]
      [Code Root Scanning (ms): Min: 0.0, Avg: 0.1, Max: 0.3, Diff: 0.3, Sum: 0.5]
      [Object Copy (ms): Min: 5.2, Avg: 5.4, Max: 5.7, Diff: 0.5, Sum: 21.7]
      [Termination (ms): Min: 0.0, Avg: 0.0, Max: 0.0, Diff: 0.0, Sum: 0.0]
         [Termination Attempts: Min: 1, Avg: 1.0, Max: 1, Diff: 0, Sum: 4]
      [GC Worker Other (ms): Min: 0.0, Avg: 0.2, Max: 0.7, Diff: 0.7, Sum: 0.8]
      [GC Worker Total (ms): Min: 5.3, Avg: 7.0, Max: 7.6, Diff: 2.3, Sum: 27.9]
      [GC Worker End (ms): Min: 66354537.7, Avg: 66354537.7, Max: 66354537.8, Diff: 0.0]
   [Code Root Fixup: 0.0 ms]
   [Code Root Purge: 0.0 ms]
   [Clear CT: 0.1 ms]
   [Other: 0.4 ms]
      [Choose CSet: 0.0 ms]
      [Ref Proc: 0.1 ms]
      [Ref Enq: 0.0 ms]
      [Redirty Cards: 0.1 ms]
      [Humongous Register: 0.0 ms]
      [Humongous Reclaim: 0.0 ms]
      [Free CSet: 0.0 ms]
   [Eden: 46.0M(46.0M)->0.0B(90.0M) Survivors: 5120.0K->5120.0K Heap: 199.9M(1024.0M)->153.9M(1024.0M)]
 [Times: user=0.02 sys=0.00, real=0.01 secs] 
2020-04-16T12:59:36.504+0800: 66486.826: [GC pause (G1 Evacuation Pause) (young), 0.0113354 secs]
   [Parallel Time: 10.7 ms, GC Workers: 4]
      [GC Worker Start (ms): Min: 66486826.5, Avg: 66486826.9, Max: 66486828.0, Diff: 1.6]
      [Ext Root Scanning (ms): Min: 0.0, Avg: 0.5, Max: 0.6, Diff: 0.6, Sum: 1.9]
      [Update RS (ms): Min: 0.0, Avg: 0.5, Max: 0.7, Diff: 0.7, Sum: 2.0]
         [Processed Buffers: Min: 0, Avg: 8.8, Max: 25, Diff: 25, Sum: 35]
      [Scan RS (ms): Min: 0.0, Avg: 0.0, Max: 0.0, Diff: 0.0, Sum: 0.1]
      [Code Root Scanning (ms): Min: 0.0, Avg: 0.0, Max: 0.2, Diff: 0.2, Sum: 0.2]
      [Object Copy (ms): Min: 9.1, Avg: 9.3, Max: 9.3, Diff: 0.2, Sum: 37.0]
      [Termination (ms): Min: 0.0, Avg: 0.0, Max: 0.0, Diff: 0.0, Sum: 0.0]
         [Termination Attempts: Min: 1, Avg: 1.0, Max: 1, Diff: 0, Sum: 4]
      [GC Worker Other (ms): Min: 0.0, Avg: 0.0, Max: 0.0, Diff: 0.0, Sum: 0.1]
      [GC Worker Total (ms): Min: 9.1, Avg: 10.3, Max: 10.7, Diff: 1.6, Sum: 41.2]
      [GC Worker End (ms): Min: 66486837.2, Avg: 66486837.2, Max: 66486837.2, Diff: 0.0]
   [Code Root Fixup: 0.0 ms]
   [Code Root Purge: 0.0 ms]
   [Clear CT: 0.1 ms]
   [Other: 0.5 ms]
      [Choose CSet: 0.0 ms]
      [Ref Proc: 0.1 ms]
      [Ref Enq: 0.0 ms]
      [Redirty Cards: 0.1 ms]
      [Humongous Register: 0.0 ms]
      [Humongous Reclaim: 0.0 ms]
      [Free CSet: 0.1 ms]
   [Eden: 90.0M(90.0M)->0.0B(154.0M) Survivors: 5120.0K->5120.0K Heap: 243.9M(1024.0M)->153.9M(1024.0M)]
 [Times: user=0.02 sys=0.01, real=0.02 secs] 
2020-04-16T13:03:31.400+0800: 66721.719: [GC pause (G1 Evacuation Pause) (young), 0.0097281 secs]
   [Parallel Time: 9.2 ms, GC Workers: 4]
      [GC Worker Start (ms): Min: 66721719.5, Avg: 66721719.5, Max: 66721719.6, Diff: 0.0]
      [Ext Root Scanning (ms): Min: 0.4, Avg: 0.4, Max: 0.5, Diff: 0.1, Sum: 1.8]
      [Update RS (ms): Min: 0.4, Avg: 0.4, Max: 0.5, Diff: 0.1, Sum: 1.7]
         [Processed Buffers: Min: 1, Avg: 8.8, Max: 17, Diff: 16, Sum: 35]
      [Scan RS (ms): Min: 0.0, Avg: 0.0, Max: 0.0, Diff: 0.0, Sum: 0.1]
      [Code Root Scanning (ms): Min: 0.0, Avg: 0.0, Max: 0.1, Diff: 0.1, Sum: 0.2]
      [Object Copy (ms): Min: 8.1, Avg: 8.1, Max: 8.2, Diff: 0.1, Sum: 32.4]
      [Termination (ms): Min: 0.0, Avg: 0.0, Max: 0.0, Diff: 0.0, Sum: 0.0]
         [Termination Attempts: Min: 1, Avg: 1.2, Max: 2, Diff: 1, Sum: 5]
      [GC Worker Other (ms): Min: 0.0, Avg: 0.0, Max: 0.1, Diff: 0.1, Sum: 0.1]
      [GC Worker Total (ms): Min: 9.1, Avg: 9.1, Max: 9.1, Diff: 0.0, Sum: 36.4]
      [GC Worker End (ms): Min: 66721728.6, Avg: 66721728.6, Max: 66721728.6, Diff: 0.0]
   [Code Root Fixup: 0.0 ms]
   [Code Root Purge: 0.0 ms]
   [Clear CT: 0.1 ms]
   [Other: 0.4 ms]
      [Choose CSet: 0.0 ms]
      [Ref Proc: 0.1 ms]
      [Ref Enq: 0.0 ms]
      [Redirty Cards: 0.0 ms]
      [Humongous Register: 0.1 ms]
      [Humongous Reclaim: 0.0 ms]
      [Free CSet: 0.1 ms]
   [Eden: 154.0M(154.0M)->0.0B(240.0M) Survivors: 5120.0K->5120.0K Heap: 307.9M(1024.0M)->153.9M(1024.0M)]
 [Times: user=0.02 sys=0.01, real=0.01 secs] 
2020-04-16T13:09:02.724+0800: 67053.039: [GC pause (G1 Evacuation Pause) (young), 0.0106270 secs]
   [Parallel Time: 10.0 ms, GC Workers: 4]
      [GC Worker Start (ms): Min: 67053038.8, Avg: 67053038.8, Max: 67053038.8, Diff: 0.0]
      [Ext Root Scanning (ms): Min: 0.5, Avg: 0.6, Max: 0.6, Diff: 0.1, Sum: 2.3]
      [Update RS (ms): Min: 0.4, Avg: 0.5, Max: 0.5, Diff: 0.1, Sum: 1.8]
         [Processed Buffers: Min: 1, Avg: 8.5, Max: 23, Diff: 22, Sum: 34]
      [Scan RS (ms): Min: 0.0, Avg: 0.0, Max: 0.1, Diff: 0.1, Sum: 0.2]
      [Code Root Scanning (ms): Min: 0.0, Avg: 0.1, Max: 0.1, Diff: 0.1, Sum: 0.3]
      [Object Copy (ms): Min: 8.7, Avg: 8.8, Max: 8.8, Diff: 0.2, Sum: 35.1]
      [Termination (ms): Min: 0.0, Avg: 0.0, Max: 0.0, Diff: 0.0, Sum: 0.0]
         [Termination Attempts: Min: 1, Avg: 1.5, Max: 2, Diff: 1, Sum: 6]
      [GC Worker Other (ms): Min: 0.0, Avg: 0.0, Max: 0.0, Diff: 0.0, Sum: 0.1]
      [GC Worker Total (ms): Min: 9.9, Avg: 9.9, Max: 10.0, Diff: 0.1, Sum: 39.7]
      [GC Worker End (ms): Min: 67053048.7, Avg: 67053048.7, Max: 67053048.7, Diff: 0.0]
   [Code Root Fixup: 0.0 ms]
   [Code Root Purge: 0.0 ms]
   [Clear CT: 0.1 ms]
   [Other: 0.5 ms]
      [Choose CSet: 0.0 ms]
      [Ref Proc: 0.1 ms]
      [Ref Enq: 0.0 ms]
      [Redirty Cards: 0.0 ms]
      [Humongous Register: 0.0 ms]
      [Humongous Reclaim: 0.0 ms]
      [Free CSet: 0.1 ms]
   [Eden: 240.0M(240.0M)->0.0B(339.0M) Survivors: 5120.0K->5120.0K Heap: 393.9M(1024.0M)->153.9M(1024.0M)]
 [Times: user=0.02 sys=0.01, real=0.02 secs] 
2020-04-16T13:16:51.767+0800: 67522.075: [GC pause (G1 Evacuation Pause) (young), 0.0114854 secs]
   [Parallel Time: 10.8 ms, GC Workers: 4]
      [GC Worker Start (ms): Min: 67522074.8, Avg: 67522074.8, Max: 67522074.9, Diff: 0.1]
      [Ext Root Scanning (ms): Min: 0.7, Avg: 0.7, Max: 0.8, Diff: 0.2, Sum: 3.0]
      [Update RS (ms): Min: 0.4, Avg: 0.5, Max: 0.5, Diff: 0.1, Sum: 2.0]
         [Processed Buffers: Min: 1, Avg: 8.5, Max: 27, Diff: 26, Sum: 34]
      [Scan RS (ms): Min: 0.0, Avg: 0.1, Max: 0.1, Diff: 0.1, Sum: 0.3]
      [Code Root Scanning (ms): Min: 0.0, Avg: 0.1, Max: 0.2, Diff: 0.2, Sum: 0.2]
      [Object Copy (ms): Min: 9.1, Avg: 9.2, Max: 9.2, Diff: 0.1, Sum: 36.7]
      [Termination (ms): Min: 0.0, Avg: 0.0, Max: 0.0, Diff: 0.0, Sum: 0.0]
         [Termination Attempts: Min: 2, Avg: 3.0, Max: 4, Diff: 2, Sum: 12]
      [GC Worker Other (ms): Min: 0.0, Avg: 0.0, Max: 0.1, Diff: 0.0, Sum: 0.2]
      [GC Worker Total (ms): Min: 10.6, Avg: 10.6, Max: 10.6, Diff: 0.1, Sum: 42.3]
      [GC Worker End (ms): Min: 67522085.4, Avg: 67522085.4, Max: 67522085.4, Diff: 0.0]
   [Code Root Fixup: 0.0 ms]
   [Code Root Purge: 0.0 ms]
   [Clear CT: 0.1 ms]
   [Other: 0.6 ms]
      [Choose CSet: 0.0 ms]
      [Ref Proc: 0.2 ms]
      [Ref Enq: 0.0 ms]
      [Redirty Cards: 0.0 ms]
      [Humongous Register: 0.1 ms]
      [Humongous Reclaim: 0.0 ms]
      [Free CSet: 0.1 ms]
   [Eden: 339.0M(339.0M)->0.0B(435.0M) Survivors: 5120.0K->5120.0K Heap: 492.9M(1024.0M)->153.9M(1024.0M)]
 [Times: user=0.02 sys=0.01, real=0.02 secs] 
2020-04-16T13:29:43.076+0800: 68293.372: [GC pause (G1 Evacuation Pause) (young), 0.0130497 secs]
   [Parallel Time: 11.9 ms, GC Workers: 4]
      [GC Worker Start (ms): Min: 68293372.4, Avg: 68293372.5, Max: 68293372.5, Diff: 0.1]
      [Ext Root Scanning (ms): Min: 0.5, Avg: 0.6, Max: 0.6, Diff: 0.1, Sum: 2.2]
      [Update RS (ms): Min: 0.4, Avg: 0.5, Max: 0.6, Diff: 0.1, Sum: 2.0]
         [Processed Buffers: Min: 1, Avg: 9.0, Max: 20, Diff: 19, Sum: 36]
      [Scan RS (ms): Min: 0.0, Avg: 0.1, Max: 0.1, Diff: 0.1, Sum: 0.3]
      [Code Root Scanning (ms): Min: 0.0, Avg: 0.0, Max: 0.1, Diff: 0.1, Sum: 0.1]
      [Object Copy (ms): Min: 10.6, Avg: 10.6, Max: 10.6, Diff: 0.0, Sum: 42.4]
      [Termination (ms): Min: 0.0, Avg: 0.0, Max: 0.0, Diff: 0.0, Sum: 0.0]
         [Termination Attempts: Min: 2, Avg: 3.2, Max: 4, Diff: 2, Sum: 13]
      [GC Worker Other (ms): Min: 0.0, Avg: 0.0, Max: 0.0, Diff: 0.0, Sum: 0.1]
      [GC Worker Total (ms): Min: 11.8, Avg: 11.8, Max: 11.8, Diff: 0.0, Sum: 47.1]
      [GC Worker End (ms): Min: 68293384.2, Avg: 68293384.3, Max: 68293384.3, Diff: 0.0]
   [Code Root Fixup: 0.0 ms]
   [Code Root Purge: 0.0 ms]
   [Clear CT: 0.1 ms]
   [Other: 1.1 ms]
      [Choose CSet: 0.0 ms]
      [Ref Proc: 0.3 ms]
      [Ref Enq: 0.0 ms]
      [Redirty Cards: 0.0 ms]
      [Humongous Register: 0.3 ms]
      [Humongous Reclaim: 0.0 ms]
      [Free CSet: 0.3 ms]
   [Eden: 435.0M(435.0M)->0.0B(507.0M) Survivors: 5120.0K->5120.0K Heap: 588.9M(1024.0M)->154.0M(1024.0M)]
 [Times: user=0.03 sys=0.02, real=0.02 secs] 
2020-04-16T13:41:53.960+0800: 69024.246: [GC pause (G1 Evacuation Pause) (young), 0.0128083 secs]
   [Parallel Time: 12.0 ms, GC Workers: 4]
      [GC Worker Start (ms): Min: 69024246.0, Avg: 69024246.0, Max: 69024246.0, Diff: 0.1]
      [Ext Root Scanning (ms): Min: 0.5, Avg: 0.5, Max: 0.6, Diff: 0.1, Sum: 2.1]
      [Update RS (ms): Min: 0.4, Avg: 0.5, Max: 0.6, Diff: 0.2, Sum: 1.8]
         [Processed Buffers: Min: 1, Avg: 9.0, Max: 22, Diff: 21, Sum: 36]
      [Scan RS (ms): Min: 0.0, Avg: 0.2, Max: 0.3, Diff: 0.3, Sum: 0.6]
      [Code Root Scanning (ms): Min: 0.0, Avg: 0.0, Max: 0.1, Diff: 0.1, Sum: 0.1]
      [Object Copy (ms): Min: 10.6, Avg: 10.7, Max: 10.8, Diff: 0.2, Sum: 42.9]
      [Termination (ms): Min: 0.0, Avg: 0.0, Max: 0.0, Diff: 0.0, Sum: 0.1]
         [Termination Attempts: Min: 1, Avg: 1.8, Max: 2, Diff: 1, Sum: 7]
      [GC Worker Other (ms): Min: 0.0, Avg: 0.0, Max: 0.0, Diff: 0.0, Sum: 0.1]
      [GC Worker Total (ms): Min: 11.9, Avg: 11.9, Max: 12.0, Diff: 0.1, Sum: 47.7]
      [GC Worker End (ms): Min: 69024257.9, Avg: 69024257.9, Max: 69024257.9, Diff: 0.0]
   [Code Root Fixup: 0.0 ms]
   [Code Root Purge: 0.0 ms]
   [Clear CT: 0.1 ms]
   [Other: 0.7 ms]
      [Choose CSet: 0.0 ms]
      [Ref Proc: 0.2 ms]
      [Ref Enq: 0.0 ms]
      [Redirty Cards: 0.0 ms]
      [Humongous Register: 0.0 ms]
      [Humongous Reclaim: 0.0 ms]
      [Free CSet: 0.2 ms]
   [Eden: 507.0M(507.0M)->0.0B(589.0M) Survivors: 5120.0K->5120.0K Heap: 661.0M(1024.0M)->154.6M(1024.0M)]
 [Times: user=0.03 sys=0.02, real=0.01 secs] 
2020-04-16T13:56:27.091+0800: 69897.365: [GC pause (G1 Evacuation Pause) (young), 0.0210231 secs]
   [Parallel Time: 17.1 ms, GC Workers: 4]
      [GC Worker Start (ms): Min: 69897366.2, Avg: 69897366.2, Max: 69897366.3, Diff: 0.1]
      [Ext Root Scanning (ms): Min: 2.7, Avg: 3.6, Max: 6.0, Diff: 3.2, Sum: 14.2]
      [Update RS (ms): Min: 0.0, Avg: 1.9, Max: 3.4, Diff: 3.4, Sum: 7.6]
         [Processed Buffers: Min: 0, Avg: 12.8, Max: 37, Diff: 37, Sum: 51]
      [Scan RS (ms): Min: 0.0, Avg: 0.1, Max: 0.3, Diff: 0.2, Sum: 0.4]
      [Code Root Scanning (ms): Min: 0.0, Avg: 0.0, Max: 0.1, Diff: 0.1, Sum: 0.1]
      [Object Copy (ms): Min: 9.1, Avg: 10.2, Max: 11.4, Diff: 2.2, Sum: 40.8]
      [Termination (ms): Min: 0.0, Avg: 0.8, Max: 1.5, Diff: 1.5, Sum: 3.1]
         [Termination Attempts: Min: 1, Avg: 1.2, Max: 2, Diff: 1, Sum: 5]
      [GC Worker Other (ms): Min: 0.1, Avg: 0.1, Max: 0.1, Diff: 0.0, Sum: 0.3]
      [GC Worker Total (ms): Min: 16.5, Avg: 16.6, Max: 16.6, Diff: 0.1, Sum: 66.4]
      [GC Worker End (ms): Min: 69897382.7, Avg: 69897382.8, Max: 69897382.9, Diff: 0.2]
   [Code Root Fixup: 0.0 ms]
   [Code Root Purge: 0.0 ms]
   [Clear CT: 0.2 ms]
   [Other: 3.8 ms]
      [Choose CSet: 0.0 ms]
      [Ref Proc: 1.1 ms]
      [Ref Enq: 0.0 ms]
      [Redirty Cards: 0.0 ms]
      [Humongous Register: 1.0 ms]
      [Humongous Reclaim: 0.1 ms]
      [Free CSet: 0.9 ms]
   [Eden: 589.0M(589.0M)->0.0B(609.0M) Survivors: 5120.0K->5120.0K Heap: 750.6M(1024.0M)->154.6M(1024.0M)]
 [Times: user=0.03 sys=0.02, real=0.02 secs] 
2020-04-16T14:10:51.668+0800: 70761.928: [GC pause (G1 Evacuation Pause) (young), 0.0168081 secs]
   [Parallel Time: 9.9 ms, GC Workers: 4]
      [GC Worker Start (ms): Min: 70761934.5, Avg: 70761934.5, Max: 70761934.5, Diff: 0.1]
      [Ext Root Scanning (ms): Min: 0.7, Avg: 0.8, Max: 0.8, Diff: 0.1, Sum: 3.0]
      [Update RS (ms): Min: 1.5, Avg: 1.6, Max: 1.7, Diff: 0.2, Sum: 6.3]
         [Processed Buffers: Min: 13, Avg: 18.8, Max: 27, Diff: 14, Sum: 75]
      [Scan RS (ms): Min: 0.1, Avg: 0.1, Max: 0.2, Diff: 0.1, Sum: 0.5]
      [Code Root Scanning (ms): Min: 0.0, Avg: 0.0, Max: 0.1, Diff: 0.1, Sum: 0.2]
      [Object Copy (ms): Min: 7.2, Avg: 7.3, Max: 7.3, Diff: 0.0, Sum: 29.0]
      [Termination (ms): Min: 0.0, Avg: 0.0, Max: 0.0, Diff: 0.0, Sum: 0.0]
         [Termination Attempts: Min: 1, Avg: 1.0, Max: 1, Diff: 0, Sum: 4]
      [GC Worker Other (ms): Min: 0.0, Avg: 0.1, Max: 0.1, Diff: 0.1, Sum: 0.3]
      [GC Worker Total (ms): Min: 9.8, Avg: 9.8, Max: 9.9, Diff: 0.1, Sum: 39.3]
      [GC Worker End (ms): Min: 70761944.3, Avg: 70761944.3, Max: 70761944.3, Diff: 0.0]
   [Code Root Fixup: 0.0 ms]
   [Code Root Purge: 0.0 ms]
   [Clear CT: 0.1 ms]
   [Other: 6.7 ms]
      [Choose CSet: 0.0 ms]
      [Ref Proc: 0.3 ms]
      [Ref Enq: 0.0 ms]
      [Redirty Cards: 0.0 ms]
      [Humongous Register: 0.1 ms]
      [Humongous Reclaim: 0.0 ms]
      [Free CSet: 0.2 ms]
   [Eden: 609.0M(609.0M)->0.0B(609.0M) Survivors: 5120.0K->5120.0K Heap: 768.5M(1024.0M)->154.1M(1024.0M)]
 [Times: user=0.03 sys=0.01, real=0.02 secs] 
2020-04-16T14:25:01.924+0800: 71612.172: [GC pause (G1 Evacuation Pause) (young), 0.0178855 secs]
   [Parallel Time: 15.7 ms, GC Workers: 4]
      [GC Worker Start (ms): Min: 71612172.7, Avg: 71612172.8, Max: 71612172.9, Diff: 0.2]
      [Ext Root Scanning (ms): Min: 3.3, Avg: 5.8, Max: 12.8, Diff: 9.5, Sum: 23.1]
      [Update RS (ms): Min: 0.0, Avg: 3.0, Max: 4.2, Diff: 4.2, Sum: 12.0]
         [Processed Buffers: Min: 0, Avg: 13.2, Max: 23, Diff: 23, Sum: 53]
      [Scan RS (ms): Min: 0.0, Avg: 0.3, Max: 0.4, Diff: 0.3, Sum: 1.1]
      [Code Root Scanning (ms): Min: 0.0, Avg: 0.1, Max: 0.1, Diff: 0.1, Sum: 0.2]
      [Object Copy (ms): Min: 2.7, Avg: 6.3, Max: 7.5, Diff: 4.8, Sum: 25.2]
      [Termination (ms): Min: 0.0, Avg: 0.0, Max: 0.0, Diff: 0.0, Sum: 0.0]
         [Termination Attempts: Min: 1, Avg: 1.0, Max: 1, Diff: 0, Sum: 4]
      [GC Worker Other (ms): Min: 0.0, Avg: 0.1, Max: 0.1, Diff: 0.1, Sum: 0.3]
      [GC Worker Total (ms): Min: 15.4, Avg: 15.5, Max: 15.6, Diff: 0.2, Sum: 61.9]
      [GC Worker End (ms): Min: 71612188.3, Avg: 71612188.3, Max: 71612188.3, Diff: 0.0]
   [Code Root Fixup: 0.0 ms]
   [Code Root Purge: 0.0 ms]
   [Clear CT: 0.1 ms]
   [Other: 2.1 ms]
      [Choose CSet: 0.0 ms]
      [Ref Proc: 0.2 ms]
      [Ref Enq: 0.0 ms]
      [Redirty Cards: 0.0 ms]
      [Humongous Register: 0.7 ms]
      [Humongous Reclaim: 0.0 ms]
      [Free CSet: 0.7 ms]
   [Eden: 609.0M(609.0M)->0.0B(416.0M) Survivors: 5120.0K->4096.0K Heap: 765.0M(1024.0M)->153.6M(1024.0M)]
 [Times: user=0.02 sys=0.02, real=0.02 secs] 
2020-04-16T14:35:28.910+0800: 72239.149: [GC pause (G1 Evacuation Pause) (young), 0.0079216 secs]
   [Parallel Time: 7.0 ms, GC Workers: 4]
      [GC Worker Start (ms): Min: 72239149.5, Avg: 72239149.5, Max: 72239149.6, Diff: 0.0]
      [Ext Root Scanning (ms): Min: 0.9, Avg: 0.9, Max: 1.0, Diff: 0.1, Sum: 3.7]
      [Update RS (ms): Min: 0.4, Avg: 0.5, Max: 0.6, Diff: 0.2, Sum: 2.0]
         [Processed Buffers: Min: 1, Avg: 9.2, Max: 18, Diff: 17, Sum: 37]
      [Scan RS (ms): Min: 0.0, Avg: 0.1, Max: 0.1, Diff: 0.1, Sum: 0.3]
      [Code Root Scanning (ms): Min: 0.0, Avg: 0.1, Max: 0.2, Diff: 0.2, Sum: 0.4]
      [Object Copy (ms): Min: 5.2, Avg: 5.3, Max: 5.4, Diff: 0.2, Sum: 21.0]
      [Termination (ms): Min: 0.0, Avg: 0.0, Max: 0.0, Diff: 0.0, Sum: 0.0]
         [Termination Attempts: Min: 1, Avg: 1.0, Max: 1, Diff: 0, Sum: 4]
      [GC Worker Other (ms): Min: 0.0, Avg: 0.0, Max: 0.0, Diff: 0.0, Sum: 0.1]
      [GC Worker Total (ms): Min: 6.9, Avg: 6.9, Max: 6.9, Diff: 0.1, Sum: 27.6]
      [GC Worker End (ms): Min: 72239156.4, Avg: 72239156.4, Max: 72239156.5, Diff: 0.0]
   [Code Root Fixup: 0.0 ms]
   [Code Root Purge: 0.0 ms]
   [Clear CT: 0.1 ms]
   [Other: 0.8 ms]
      [Choose CSet: 0.0 ms]
      [Ref Proc: 0.2 ms]
      [Ref Enq: 0.0 ms]
      [Redirty Cards: 0.1 ms]
      [Humongous Register: 0.1 ms]
      [Humongous Reclaim: 0.0 ms]
      [Free CSet: 0.2 ms]
   [Eden: 416.0M(416.0M)->0.0B(609.0M) Survivors: 4096.0K->5120.0K Heap: 569.6M(1024.0M)->154.1M(1024.0M)]
 [Times: user=0.03 sys=0.00, real=0.01 secs] 
2020-04-16T14:49:28.926+0800: 73079.153: [GC pause (G1 Evacuation Pause) (young), 0.0123879 secs]
   [Parallel Time: 11.2 ms, GC Workers: 4]
      [GC Worker Start (ms): Min: 73079152.9, Avg: 73079153.0, Max: 73079153.0, Diff: 0.1]
      [Ext Root Scanning (ms): Min: 0.7, Avg: 0.9, Max: 1.0, Diff: 0.4, Sum: 3.5]
      [Update RS (ms): Min: 0.2, Avg: 0.5, Max: 0.6, Diff: 0.4, Sum: 1.8]
         [Processed Buffers: Min: 6, Avg: 9.5, Max: 17, Diff: 11, Sum: 38]
      [Scan RS (ms): Min: 0.1, Avg: 0.1, Max: 0.1, Diff: 0.1, Sum: 0.4]
      [Code Root Scanning (ms): Min: 0.0, Avg: 0.1, Max: 0.2, Diff: 0.2, Sum: 0.4]
      [Object Copy (ms): Min: 9.4, Avg: 9.6, Max: 10.0, Diff: 0.7, Sum: 38.3]
      [Termination (ms): Min: 0.0, Avg: 0.0, Max: 0.0, Diff: 0.0, Sum: 0.0]
         [Termination Attempts: Min: 1, Avg: 1.0, Max: 1, Diff: 0, Sum: 4]
      [GC Worker Other (ms): Min: 0.0, Avg: 0.0, Max: 0.1, Diff: 0.1, Sum: 0.2]
      [GC Worker Total (ms): Min: 11.1, Avg: 11.2, Max: 11.2, Diff: 0.1, Sum: 44.6]
      [GC Worker End (ms): Min: 73079164.1, Avg: 73079164.1, Max: 73079164.1, Diff: 0.0]
   [Code Root Fixup: 0.0 ms]
   [Code Root Purge: 0.0 ms]
   [Clear CT: 0.1 ms]
   [Other: 1.0 ms]
      [Choose CSet: 0.0 ms]
      [Ref Proc: 0.2 ms]
      [Ref Enq: 0.0 ms]
      [Redirty Cards: 0.0 ms]
      [Humongous Register: 0.1 ms]
      [Humongous Reclaim: 0.0 ms]
      [Free CSet: 0.4 ms]
   [Eden: 609.0M(609.0M)->0.0B(609.0M) Survivors: 5120.0K->5120.0K Heap: 763.1M(1024.0M)->154.1M(1024.0M)]
 [Times: user=0.02 sys=0.02, real=0.01 secs] 
2020-04-16T15:27:23.969+0800: 73915.943: [GC pause (G1 Evacuation Pause) (young), 0.0079012 secs]
   [Parallel Time: 6.4 ms, GC Workers: 4]
      [GC Worker Start (ms): Min: 73915943.0, Avg: 73915943.1, Max: 73915943.1, Diff: 0.1]
      [Ext Root Scanning (ms): Min: 0.8, Avg: 1.2, Max: 2.4, Diff: 1.6, Sum: 5.0]
      [Update RS (ms): Min: 0.0, Avg: 0.5, Max: 0.8, Diff: 0.8, Sum: 2.2]
         [Processed Buffers: Min: 0, Avg: 11.0, Max: 22, Diff: 22, Sum: 44]
      [Scan RS (ms): Min: 0.0, Avg: 0.1, Max: 0.2, Diff: 0.1, Sum: 0.4]
      [Code Root Scanning (ms): Min: 0.0, Avg: 0.1, Max: 0.2, Diff: 0.2, Sum: 0.3]
      [Object Copy (ms): Min: 3.8, Avg: 4.3, Max: 4.5, Diff: 0.7, Sum: 17.2]
      [Termination (ms): Min: 0.0, Avg: 0.0, Max: 0.0, Diff: 0.0, Sum: 0.0]
         [Termination Attempts: Min: 1, Avg: 1.0, Max: 1, Diff: 0, Sum: 4]
      [GC Worker Other (ms): Min: 0.0, Avg: 0.0, Max: 0.1, Diff: 0.0, Sum: 0.1]
      [GC Worker Total (ms): Min: 6.3, Avg: 6.3, Max: 6.4, Diff: 0.1, Sum: 25.3]
      [GC Worker End (ms): Min: 73915949.4, Avg: 73915949.4, Max: 73915949.4, Diff: 0.0]
   [Code Root Fixup: 0.0 ms]
   [Code Root Purge: 0.0 ms]
   [Clear CT: 0.2 ms]
   [Other: 1.3 ms]
      [Choose CSet: 0.0 ms]
      [Ref Proc: 0.4 ms]
      [Ref Enq: 0.0 ms]
      [Redirty Cards: 0.1 ms]
      [Humongous Register: 0.0 ms]
      [Humongous Reclaim: 0.1 ms]
      [Free CSet: 0.4 ms]
   [Eden: 609.0M(609.0M)->0.0B(610.0M) Survivors: 5120.0K->4096.0K Heap: 763.1M(1024.0M)->153.6M(1024.0M)]
 [Times: user=0.02 sys=0.00, real=0.01 secs] 
2020-04-16T15:41:51.517+0800: 74783.479: [GC pause (G1 Evacuation Pause) (young), 0.0211420 secs]
   [Parallel Time: 18.5 ms, GC Workers: 4]
      [GC Worker Start (ms): Min: 74783479.9, Avg: 74783480.0, Max: 74783480.1, Diff: 0.2]
      [Ext Root Scanning (ms): Min: 3.9, Avg: 4.9, Max: 7.8, Diff: 3.9, Sum: 19.7]
      [Update RS (ms): Min: 0.0, Avg: 1.2, Max: 1.6, Diff: 1.6, Sum: 4.7]
         [Processed Buffers: Min: 0, Avg: 9.0, Max: 30, Diff: 30, Sum: 36]
      [Scan RS (ms): Min: 0.0, Avg: 0.1, Max: 0.2, Diff: 0.1, Sum: 0.4]
      [Code Root Scanning (ms): Min: 0.0, Avg: 0.1, Max: 0.3, Diff: 0.3, Sum: 0.3]
      [Object Copy (ms): Min: 6.3, Avg: 8.7, Max: 12.3, Diff: 6.0, Sum: 34.9]
      [Termination (ms): Min: 0.0, Avg: 3.1, Max: 4.2, Diff: 4.2, Sum: 12.5]
         [Termination Attempts: Min: 1, Avg: 1.8, Max: 3, Diff: 2, Sum: 7]
      [GC Worker Other (ms): Min: 0.0, Avg: 0.0, Max: 0.0, Diff: 0.0, Sum: 0.1]
      [GC Worker Total (ms): Min: 18.1, Avg: 18.2, Max: 18.3, Diff: 0.3, Sum: 72.8]
      [GC Worker End (ms): Min: 74783498.2, Avg: 74783498.2, Max: 74783498.3, Diff: 0.1]
   [Code Root Fixup: 0.0 ms]
   [Code Root Purge: 0.0 ms]
   [Clear CT: 0.2 ms]
   [Other: 2.5 ms]
      [Choose CSet: 0.0 ms]
      [Ref Proc: 0.2 ms]
      [Ref Enq: 0.0 ms]
      [Redirty Cards: 0.0 ms]
      [Humongous Register: 1.0 ms]
      [Humongous Reclaim: 0.0 ms]
      [Free CSet: 0.7 ms]
   [Eden: 610.0M(610.0M)->0.0B(609.0M) Survivors: 4096.0K->5120.0K Heap: 763.6M(1024.0M)->154.6M(1024.0M)]
 [Times: user=0.03 sys=0.02, real=0.02 secs] 
2020-04-16T15:58:26.878+0800: 75778.825: [GC pause (G1 Evacuation Pause) (young), 0.0103006 secs]
   [Parallel Time: 9.5 ms, GC Workers: 4]
      [GC Worker Start (ms): Min: 75778825.1, Avg: 75778825.3, Max: 75778825.6, Diff: 0.5]
      [Ext Root Scanning (ms): Min: 0.7, Avg: 1.0, Max: 1.3, Diff: 0.6, Sum: 4.0]
      [Update RS (ms): Min: 0.5, Avg: 0.6, Max: 0.7, Diff: 0.2, Sum: 2.4]
         [Processed Buffers: Min: 1, Avg: 8.8, Max: 22, Diff: 21, Sum: 35]
      [Scan RS (ms): Min: 0.0, Avg: 0.1, Max: 0.2, Diff: 0.2, Sum: 0.5]
      [Code Root Scanning (ms): Min: 0.0, Avg: 0.1, Max: 0.2, Diff: 0.2, Sum: 0.3]
      [Object Copy (ms): Min: 6.7, Avg: 6.9, Max: 7.2, Diff: 0.5, Sum: 27.4]
      [Termination (ms): Min: 0.0, Avg: 0.4, Max: 0.6, Diff: 0.6, Sum: 1.6]
         [Termination Attempts: Min: 1, Avg: 1.0, Max: 1, Diff: 0, Sum: 4]
      [GC Worker Other (ms): Min: 0.0, Avg: 0.0, Max: 0.1, Diff: 0.0, Sum: 0.1]
      [GC Worker Total (ms): Min: 9.0, Avg: 9.1, Max: 9.3, Diff: 0.3, Sum: 36.5]
      [GC Worker End (ms): Min: 75778834.3, Avg: 75778834.4, Max: 75778834.6, Diff: 0.2]
   [Code Root Fixup: 0.0 ms]
   [Code Root Purge: 0.0 ms]
   [Clear CT: 0.1 ms]
   [Other: 0.6 ms]
      [Choose CSet: 0.0 ms]
      [Ref Proc: 0.2 ms]
      [Ref Enq: 0.0 ms]
      [Redirty Cards: 0.0 ms]
      [Humongous Register: 0.0 ms]
      [Humongous Reclaim: 0.0 ms]
      [Free CSet: 0.2 ms]
   [Eden: 609.0M(609.0M)->0.0B(609.0M) Survivors: 5120.0K->5120.0K Heap: 763.6M(1024.0M)->154.1M(1024.0M)]
 [Times: user=0.03 sys=0.00, real=0.02 secs] 
2020-04-16T16:13:56.923+0800: 76708.857: [GC pause (G1 Evacuation Pause) (young), 0.0144907 secs]
   [Parallel Time: 11.5 ms, GC Workers: 4]
      [GC Worker Start (ms): Min: 76708858.3, Avg: 76708858.4, Max: 76708858.5, Diff: 0.1]
      [Ext Root Scanning (ms): Min: 3.1, Avg: 4.0, Max: 6.7, Diff: 3.6, Sum: 16.0]
      [Update RS (ms): Min: 0.0, Avg: 1.5, Max: 2.0, Diff: 2.0, Sum: 5.9]
         [Processed Buffers: Min: 0, Avg: 15.2, Max: 24, Diff: 24, Sum: 61]
      [Scan RS (ms): Min: 0.0, Avg: 0.1, Max: 0.1, Diff: 0.1, Sum: 0.4]
      [Code Root Scanning (ms): Min: 0.0, Avg: 0.1, Max: 0.2, Diff: 0.2, Sum: 0.3]
      [Object Copy (ms): Min: 4.6, Avg: 5.6, Max: 6.0, Diff: 1.3, Sum: 22.5]
      [Termination (ms): Min: 0.0, Avg: 0.0, Max: 0.0, Diff: 0.0, Sum: 0.0]
         [Termination Attempts: Min: 1, Avg: 1.2, Max: 2, Diff: 1, Sum: 5]
      [GC Worker Other (ms): Min: 0.0, Avg: 0.0, Max: 0.1, Diff: 0.0, Sum: 0.2]
      [GC Worker Total (ms): Min: 11.2, Avg: 11.3, Max: 11.4, Diff: 0.1, Sum: 45.2]
      [GC Worker End (ms): Min: 76708869.7, Avg: 76708869.7, Max: 76708869.7, Diff: 0.0]
   [Code Root Fixup: 0.0 ms]
   [Code Root Purge: 0.0 ms]
   [Clear CT: 0.1 ms]
   [Other: 2.9 ms]
      [Choose CSet: 0.0 ms]
      [Ref Proc: 0.2 ms]
      [Ref Enq: 0.0 ms]
      [Redirty Cards: 0.0 ms]
      [Humongous Register: 1.3 ms]
      [Humongous Reclaim: 0.0 ms]
      [Free CSet: 0.7 ms]
   [Eden: 609.0M(609.0M)->0.0B(361.0M) Survivors: 5120.0K->5120.0K Heap: 766.3M(1024.0M)->154.1M(1024.0M)]
 [Times: user=0.03 sys=0.02, real=0.02 secs] 
2020-04-16T16:22:25.439+0800: 77217.365: [GC pause (G1 Evacuation Pause) (young), 0.0078121 secs]
   [Parallel Time: 7.0 ms, GC Workers: 4]
      [GC Worker Start (ms): Min: 77217365.0, Avg: 77217365.0, Max: 77217365.0, Diff: 0.1]
      [Ext Root Scanning (ms): Min: 0.6, Avg: 0.6, Max: 0.7, Diff: 0.1, Sum: 2.6]
      [Update RS (ms): Min: 0.4, Avg: 0.5, Max: 0.6, Diff: 0.1, Sum: 2.0]
         [Processed Buffers: Min: 1, Avg: 9.0, Max: 22, Diff: 21, Sum: 36]
      [Scan RS (ms): Min: 0.1, Avg: 0.1, Max: 0.1, Diff: 0.0, Sum: 0.3]
      [Code Root Scanning (ms): Min: 0.0, Avg: 0.1, Max: 0.2, Diff: 0.2, Sum: 0.3]
      [Object Copy (ms): Min: 5.4, Avg: 5.5, Max: 5.5, Diff: 0.1, Sum: 21.8]
      [Termination (ms): Min: 0.0, Avg: 0.0, Max: 0.0, Diff: 0.0, Sum: 0.0]
         [Termination Attempts: Min: 1, Avg: 1.0, Max: 1, Diff: 0, Sum: 4]
      [GC Worker Other (ms): Min: 0.0, Avg: 0.1, Max: 0.1, Diff: 0.1, Sum: 0.3]
      [GC Worker Total (ms): Min: 6.8, Avg: 6.8, Max: 6.9, Diff: 0.1, Sum: 27.2]
      [GC Worker End (ms): Min: 77217371.8, Avg: 77217371.8, Max: 77217371.8, Diff: 0.0]
   [Code Root Fixup: 0.0 ms]
   [Code Root Purge: 0.0 ms]
   [Clear CT: 0.1 ms]
   [Other: 0.7 ms]
      [Choose CSet: 0.0 ms]
      [Ref Proc: 0.2 ms]
      [Ref Enq: 0.0 ms]
      [Redirty Cards: 0.1 ms]
      [Humongous Register: 0.1 ms]
      [Humongous Reclaim: 0.0 ms]
      [Free CSet: 0.1 ms]
   [Eden: 361.0M(361.0M)->0.0B(609.0M) Survivors: 5120.0K->5120.0K Heap: 515.1M(1024.0M)->154.5M(1024.0M)]
 [Times: user=0.02 sys=0.00, real=0.02 secs] 
2020-04-16T16:36:48.721+0800: 78080.634: [GC pause (G1 Evacuation Pause) (young), 0.0152854 secs]
   [Parallel Time: 13.0 ms, GC Workers: 4]
      [GC Worker Start (ms): Min: 78080635.0, Avg: 78080635.1, Max: 78080635.2, Diff: 0.2]
      [Ext Root Scanning (ms): Min: 2.2, Avg: 3.0, Max: 5.1, Diff: 2.9, Sum: 12.0]
      [Update RS (ms): Min: 0.0, Avg: 1.0, Max: 1.6, Diff: 1.6, Sum: 4.0]
         [Processed Buffers: Min: 0, Avg: 8.8, Max: 20, Diff: 20, Sum: 35]
      [Scan RS (ms): Min: 0.0, Avg: 0.1, Max: 0.2, Diff: 0.2, Sum: 0.4]
      [Code Root Scanning (ms): Min: 0.0, Avg: 0.1, Max: 0.2, Diff: 0.2, Sum: 0.5]
      [Object Copy (ms): Min: 7.8, Avg: 8.6, Max: 8.9, Diff: 1.1, Sum: 34.3]
      [Termination (ms): Min: 0.0, Avg: 0.0, Max: 0.0, Diff: 0.0, Sum: 0.0]
         [Termination Attempts: Min: 1, Avg: 1.0, Max: 1, Diff: 0, Sum: 4]
      [GC Worker Other (ms): Min: 0.0, Avg: 0.1, Max: 0.1, Diff: 0.0, Sum: 0.3]
      [GC Worker Total (ms): Min: 12.8, Avg: 12.8, Max: 12.9, Diff: 0.2, Sum: 51.4]
      [GC Worker End (ms): Min: 78080647.9, Avg: 78080648.0, Max: 78080648.0, Diff: 0.0]
   [Code Root Fixup: 0.0 ms]
   [Code Root Purge: 0.0 ms]
   [Clear CT: 0.1 ms]
   [Other: 2.2 ms]
      [Choose CSet: 0.0 ms]
      [Ref Proc: 0.2 ms]
      [Ref Enq: 0.0 ms]
      [Redirty Cards: 0.0 ms]
      [Humongous Register: 0.7 ms]
      [Humongous Reclaim: 0.0 ms]
      [Free CSet: 0.7 ms]
   [Eden: 609.0M(609.0M)->0.0B(609.0M) Survivors: 5120.0K->5120.0K Heap: 763.5M(1024.0M)->154.6M(1024.0M)]
 [Times: user=0.03 sys=0.03, real=0.02 secs] 
2020-04-16T16:54:39.127+0800: 79151.024: [GC pause (G1 Evacuation Pause) (young), 0.0185305 secs]
   [Parallel Time: 15.7 ms, GC Workers: 4]
      [GC Worker Start (ms): Min: 79151025.5, Avg: 79151025.6, Max: 79151025.7, Diff: 0.2]
      [Ext Root Scanning (ms): Min: 3.1, Avg: 4.3, Max: 7.6, Diff: 4.5, Sum: 17.1]
      [Update RS (ms): Min: 0.0, Avg: 1.3, Max: 1.8, Diff: 1.8, Sum: 5.2]
         [Processed Buffers: Min: 0, Avg: 9.0, Max: 27, Diff: 27, Sum: 36]
      [Scan RS (ms): Min: 0.0, Avg: 0.1, Max: 0.2, Diff: 0.1, Sum: 0.4]
      [Code Root Scanning (ms): Min: 0.0, Avg: 0.1, Max: 0.2, Diff: 0.2, Sum: 0.4]
      [Object Copy (ms): Min: 8.0, Avg: 9.7, Max: 10.4, Diff: 2.4, Sum: 38.9]
      [Termination (ms): Min: 0.0, Avg: 0.0, Max: 0.0, Diff: 0.0, Sum: 0.0]
         [Termination Attempts: Min: 1, Avg: 1.0, Max: 1, Diff: 0, Sum: 4]
      [GC Worker Other (ms): Min: 0.0, Avg: 0.1, Max: 0.1, Diff: 0.0, Sum: 0.2]
      [GC Worker Total (ms): Min: 15.5, Avg: 15.6, Max: 15.6, Diff: 0.2, Sum: 62.2]
      [GC Worker End (ms): Min: 79151041.1, Avg: 79151041.1, Max: 79151041.1, Diff: 0.0]
   [Code Root Fixup: 0.0 ms]
   [Code Root Purge: 0.0 ms]
   [Clear CT: 0.1 ms]
   [Other: 2.7 ms]
      [Choose CSet: 0.0 ms]
      [Ref Proc: 0.3 ms]
      [Ref Enq: 0.0 ms]
      [Redirty Cards: 0.0 ms]
      [Humongous Register: 1.0 ms]
      [Humongous Reclaim: 0.0 ms]
      [Free CSet: 0.7 ms]
   [Eden: 609.0M(609.0M)->0.0B(609.0M) Survivors: 5120.0K->5120.0K Heap: 763.6M(1024.0M)->154.1M(1024.0M)]
 [Times: user=0.03 sys=0.03, real=0.03 secs] 
2020-04-16T17:08:39.089+0800: 79990.974: [GC pause (G1 Evacuation Pause) (young), 0.0176144 secs]
   [Parallel Time: 14.5 ms, GC Workers: 4]
      [GC Worker Start (ms): Min: 79990975.8, Avg: 79990975.9, Max: 79990976.1, Diff: 0.3]
      [Ext Root Scanning (ms): Min: 3.5, Avg: 4.7, Max: 8.0, Diff: 4.4, Sum: 18.9]
      [Update RS (ms): Min: 0.0, Avg: 1.5, Max: 2.1, Diff: 2.1, Sum: 6.1]
         [Processed Buffers: Min: 0, Avg: 9.0, Max: 30, Diff: 30, Sum: 36]
      [Scan RS (ms): Min: 0.0, Avg: 0.1, Max: 0.2, Diff: 0.1, Sum: 0.4]
      [Code Root Scanning (ms): Min: 0.0, Avg: 0.1, Max: 0.4, Diff: 0.4, Sum: 0.5]
      [Object Copy (ms): Min: 6.4, Avg: 7.7, Max: 8.2, Diff: 1.8, Sum: 30.7]
      [Termination (ms): Min: 0.0, Avg: 0.0, Max: 0.0, Diff: 0.0, Sum: 0.0]
         [Termination Attempts: Min: 1, Avg: 1.8, Max: 2, Diff: 1, Sum: 7]
      [GC Worker Other (ms): Min: 0.0, Avg: 0.1, Max: 0.1, Diff: 0.0, Sum: 0.2]
      [GC Worker Total (ms): Min: 14.1, Avg: 14.2, Max: 14.4, Diff: 0.3, Sum: 56.9]
      [GC Worker End (ms): Min: 79990990.1, Avg: 79990990.1, Max: 79990990.1, Diff: 0.0]
   [Code Root Fixup: 0.0 ms]
   [Code Root Purge: 0.0 ms]
   [Clear CT: 0.2 ms]
   [Other: 3.0 ms]
      [Choose CSet: 0.0 ms]
      [Ref Proc: 0.3 ms]
      [Ref Enq: 0.0 ms]
      [Redirty Cards: 0.0 ms]
      [Humongous Register: 1.1 ms]
      [Humongous Reclaim: 0.0 ms]
      [Free CSet: 0.8 ms]
   [Eden: 609.0M(609.0M)->0.0B(609.0M) Survivors: 5120.0K->5120.0K Heap: 763.1M(1024.0M)->154.1M(1024.0M)]
 [Times: user=0.02 sys=0.03, real=0.03 secs] 
2020-04-16T17:22:42.195+0800: 80834.068: [GC pause (G1 Evacuation Pause) (young), 0.0121103 secs]
   [Parallel Time: 10.7 ms, GC Workers: 4]
      [GC Worker Start (ms): Min: 80834068.2, Avg: 80834068.3, Max: 80834068.4, Diff: 0.3]
      [Ext Root Scanning (ms): Min: 0.6, Avg: 0.7, Max: 0.9, Diff: 0.2, Sum: 2.8]
      [Update RS (ms): Min: 0.3, Avg: 0.4, Max: 0.6, Diff: 0.2, Sum: 1.7]
         [Processed Buffers: Min: 1, Avg: 9.2, Max: 24, Diff: 23, Sum: 37]
      [Scan RS (ms): Min: 0.0, Avg: 0.1, Max: 0.1, Diff: 0.1, Sum: 0.4]
      [Code Root Scanning (ms): Min: 0.0, Avg: 0.1, Max: 0.2, Diff: 0.2, Sum: 0.2]
      [Object Copy (ms): Min: 7.3, Avg: 8.2, Max: 9.0, Diff: 1.6, Sum: 32.7]
      [Termination (ms): Min: 0.0, Avg: 0.8, Max: 1.8, Diff: 1.8, Sum: 3.4]
         [Termination Attempts: Min: 1, Avg: 1.0, Max: 1, Diff: 0, Sum: 4]
      [GC Worker Other (ms): Min: 0.0, Avg: 0.1, Max: 0.1, Diff: 0.1, Sum: 0.2]
      [GC Worker Total (ms): Min: 10.2, Avg: 10.4, Max: 10.7, Diff: 0.4, Sum: 41.5]
      [GC Worker End (ms): Min: 80834078.6, Avg: 80834078.7, Max: 80834078.8, Diff: 0.2]
   [Code Root Fixup: 0.0 ms]
   [Code Root Purge: 0.0 ms]
   [Clear CT: 0.1 ms]
   [Other: 1.2 ms]
      [Choose CSet: 0.0 ms]
      [Ref Proc: 0.6 ms]
      [Ref Enq: 0.0 ms]
      [Redirty Cards: 0.0 ms]
      [Humongous Register: 0.1 ms]
      [Humongous Reclaim: 0.0 ms]
      [Free CSet: 0.2 ms]
   [Eden: 609.0M(609.0M)->0.0B(610.0M) Survivors: 5120.0K->4096.0K Heap: 763.1M(1024.0M)->153.6M(1024.0M)]
 [Times: user=0.03 sys=0.01, real=0.01 secs] 
2020-04-16T17:36:45.937+0800: 81677.798: [GC pause (G1 Evacuation Pause) (young), 0.0224655 secs]
   [Parallel Time: 19.5 ms, GC Workers: 4]
      [GC Worker Start (ms): Min: 81677799.1, Avg: 81677799.2, Max: 81677799.3, Diff: 0.2]
      [Ext Root Scanning (ms): Min: 3.7, Avg: 4.7, Max: 7.4, Diff: 3.7, Sum: 18.8]
      [Update RS (ms): Min: 0.0, Avg: 1.3, Max: 2.6, Diff: 2.6, Sum: 5.2]
         [Processed Buffers: Min: 0, Avg: 9.0, Max: 34, Diff: 34, Sum: 36]
      [Scan RS (ms): Min: 0.0, Avg: 0.1, Max: 0.2, Diff: 0.1, Sum: 0.4]
      [Code Root Scanning (ms): Min: 0.0, Avg: 0.1, Max: 0.2, Diff: 0.2, Sum: 0.4]
      [Object Copy (ms): Min: 11.8, Avg: 13.0, Max: 15.4, Diff: 3.6, Sum: 51.9]
      [Termination (ms): Min: 0.0, Avg: 0.0, Max: 0.0, Diff: 0.0, Sum: 0.1]
         [Termination Attempts: Min: 1, Avg: 1.0, Max: 1, Diff: 0, Sum: 4]
      [GC Worker Other (ms): Min: 0.1, Avg: 0.1, Max: 0.1, Diff: 0.1, Sum: 0.3]
      [GC Worker Total (ms): Min: 19.2, Avg: 19.3, Max: 19.4, Diff: 0.2, Sum: 77.1]
      [GC Worker End (ms): Min: 81677818.5, Avg: 81677818.5, Max: 81677818.5, Diff: 0.0]
   [Code Root Fixup: 0.0 ms]
   [Code Root Purge: 0.0 ms]
   [Clear CT: 0.3 ms]
   [Other: 2.7 ms]
      [Choose CSet: 0.0 ms]
      [Ref Proc: 0.2 ms]
      [Ref Enq: 0.0 ms]
      [Redirty Cards: 0.0 ms]
      [Humongous Register: 1.0 ms]
      [Humongous Reclaim: 0.0 ms]
      [Free CSet: 0.7 ms]
   [Eden: 610.0M(610.0M)->0.0B(610.0M) Survivors: 4096.0K->4096.0K Heap: 763.6M(1024.0M)->153.6M(1024.0M)]
 [Times: user=0.03 sys=0.05, real=0.03 secs] 
2020-04-16T17:50:49.273+0800: 82521.121: [GC pause (G1 Evacuation Pause) (young), 0.0205554 secs]
   [Parallel Time: 16.8 ms, GC Workers: 4]
      [GC Worker Start (ms): Min: 82521121.9, Avg: 82521122.0, Max: 82521122.1, Diff: 0.2]
      [Ext Root Scanning (ms): Min: 0.0, Avg: 2.8, Max: 5.1, Diff: 5.1, Sum: 11.1]
      [Update RS (ms): Min: 0.0, Avg: 1.2, Max: 2.3, Diff: 2.3, Sum: 4.9]
         [Processed Buffers: Min: 0, Avg: 13.5, Max: 21, Diff: 21, Sum: 54]
      [Scan RS (ms): Min: 0.0, Avg: 0.1, Max: 0.1, Diff: 0.1, Sum: 0.4]
      [Code Root Scanning (ms): Min: 0.0, Avg: 0.1, Max: 0.3, Diff: 0.3, Sum: 0.3]
      [Object Copy (ms): Min: 8.4, Avg: 10.2, Max: 11.0, Diff: 2.6, Sum: 40.8]
      [Termination (ms): Min: 0.0, Avg: 0.1, Max: 0.2, Diff: 0.2, Sum: 0.5]
         [Termination Attempts: Min: 1, Avg: 1.0, Max: 1, Diff: 0, Sum: 4]
      [GC Worker Other (ms): Min: 0.0, Avg: 2.0, Max: 8.0, Diff: 8.0, Sum: 8.2]
      [GC Worker Total (ms): Min: 16.4, Avg: 16.6, Max: 16.7, Diff: 0.3, Sum: 66.2]
      [GC Worker End (ms): Min: 82521138.5, Avg: 82521138.6, Max: 82521138.6, Diff: 0.1]
   [Code Root Fixup: 0.0 ms]
   [Code Root Purge: 0.0 ms]
   [Clear CT: 0.5 ms]
   [Other: 3.3 ms]
      [Choose CSet: 0.0 ms]
      [Ref Proc: 0.3 ms]
      [Ref Enq: 0.0 ms]
      [Redirty Cards: 0.1 ms]
      [Humongous Register: 0.5 ms]
      [Humongous Reclaim: 0.0 ms]
      [Free CSet: 1.2 ms]
   [Eden: 610.0M(610.0M)->0.0B(61.0M) Survivors: 4096.0K->4096.0K Heap: 765.9M(1024.0M)->153.6M(1024.0M)]
 [Times: user=0.02 sys=0.04, real=0.02 secs] 
2020-04-16T17:52:09.923+0800: 82601.770: [GC pause (G1 Evacuation Pause) (young), 0.0171097 secs]
   [Parallel Time: 16.6 ms, GC Workers: 4]
      [GC Worker Start (ms): Min: 82601769.8, Avg: 82601769.8, Max: 82601769.8, Diff: 0.0]
      [Ext Root Scanning (ms): Min: 1.5, Avg: 1.5, Max: 1.6, Diff: 0.1, Sum: 6.1]
      [Update RS (ms): Min: 1.9, Avg: 2.0, Max: 2.1, Diff: 0.2, Sum: 7.9]
         [Processed Buffers: Min: 10, Avg: 17.5, Max: 23, Diff: 13, Sum: 70]
      [Scan RS (ms): Min: 0.0, Avg: 0.0, Max: 0.0, Diff: 0.0, Sum: 0.0]
      [Code Root Scanning (ms): Min: 0.0, Avg: 0.0, Max: 0.2, Diff: 0.2, Sum: 0.2]
      [Object Copy (ms): Min: 12.3, Avg: 12.6, Max: 12.9, Diff: 0.6, Sum: 50.4]
      [Termination (ms): Min: 0.0, Avg: 0.3, Max: 0.6, Diff: 0.6, Sum: 1.2]
         [Termination Attempts: Min: 1, Avg: 1.0, Max: 1, Diff: 0, Sum: 4]
      [GC Worker Other (ms): Min: 0.0, Avg: 0.0, Max: 0.0, Diff: 0.0, Sum: 0.1]
      [GC Worker Total (ms): Min: 16.4, Avg: 16.5, Max: 16.5, Diff: 0.1, Sum: 65.9]
      [GC Worker End (ms): Min: 82601786.2, Avg: 82601786.2, Max: 82601786.3, Diff: 0.0]
   [Code Root Fixup: 0.0 ms]
   [Code Root Purge: 0.0 ms]
   [Clear CT: 0.0 ms]
   [Other: 0.5 ms]
      [Choose CSet: 0.0 ms]
      [Ref Proc: 0.2 ms]
      [Ref Enq: 0.0 ms]
      [Redirty Cards: 0.0 ms]
      [Humongous Register: 0.0 ms]
      [Humongous Reclaim: 0.0 ms]
      [Free CSet: 0.0 ms]
   [Eden: 61.0M(61.0M)->0.0B(46.0M) Survivors: 4096.0K->5120.0K Heap: 219.1M(1024.0M)->154.2M(1024.0M)]
 [Times: user=0.03 sys=0.01, real=0.02 secs] 
2020-04-16T17:53:13.387+0800: 82665.233: [GC pause (G1 Evacuation Pause) (young), 0.0064404 secs]
   [Parallel Time: 5.9 ms, GC Workers: 4]
      [GC Worker Start (ms): Min: 82665233.3, Avg: 82665233.3, Max: 82665233.3, Diff: 0.1]
      [Ext Root Scanning (ms): Min: 0.6, Avg: 0.7, Max: 1.1, Diff: 0.4, Sum: 3.0]
      [Update RS (ms): Min: 0.1, Avg: 0.5, Max: 0.6, Diff: 0.5, Sum: 1.8]
         [Processed Buffers: Min: 2, Avg: 8.2, Max: 17, Diff: 15, Sum: 33]
      [Scan RS (ms): Min: 0.0, Avg: 0.0, Max: 0.0, Diff: 0.0, Sum: 0.0]
      [Code Root Scanning (ms): Min: 0.0, Avg: 0.0, Max: 0.1, Diff: 0.1, Sum: 0.1]
      [Object Copy (ms): Min: 4.5, Avg: 4.5, Max: 4.5, Diff: 0.1, Sum: 18.0]
      [Termination (ms): Min: 0.0, Avg: 0.0, Max: 0.0, Diff: 0.0, Sum: 0.0]
         [Termination Attempts: Min: 1, Avg: 1.0, Max: 1, Diff: 0, Sum: 4]
      [GC Worker Other (ms): Min: 0.0, Avg: 0.0, Max: 0.0, Diff: 0.0, Sum: 0.1]
      [GC Worker Total (ms): Min: 5.7, Avg: 5.8, Max: 5.8, Diff: 0.0, Sum: 23.0]
      [GC Worker End (ms): Min: 82665239.1, Avg: 82665239.1, Max: 82665239.1, Diff: 0.0]
   [Code Root Fixup: 0.0 ms]
   [Code Root Purge: 0.0 ms]
   [Clear CT: 0.1 ms]
   [Other: 0.5 ms]
      [Choose CSet: 0.0 ms]
      [Ref Proc: 0.1 ms]
      [Ref Enq: 0.0 ms]
      [Redirty Cards: 0.1 ms]
      [Humongous Register: 0.0 ms]
      [Humongous Reclaim: 0.0 ms]
      [Free CSet: 0.0 ms]
   [Eden: 46.0M(46.0M)->0.0B(46.0M) Survivors: 5120.0K->5120.0K Heap: 200.2M(1024.0M)->154.2M(1024.0M)]
 [Times: user=0.02 sys=0.00, real=0.01 secs] 
2020-04-16T17:54:16.899+0800: 82728.744: [GC pause (G1 Evacuation Pause) (young), 0.0139350 secs]
   [Parallel Time: 12.5 ms, GC Workers: 4]
      [GC Worker Start (ms): Min: 82728743.9, Avg: 82728746.8, Max: 82728751.3, Diff: 7.4]
      [Ext Root Scanning (ms): Min: 0.0, Avg: 0.4, Max: 0.8, Diff: 0.8, Sum: 1.6]
      [Update RS (ms): Min: 0.0, Avg: 0.5, Max: 1.1, Diff: 1.1, Sum: 2.2]
         [Processed Buffers: Min: 0, Avg: 13.0, Max: 29, Diff: 29, Sum: 52]
      [Scan RS (ms): Min: 0.0, Avg: 0.0, Max: 0.0, Diff: 0.0, Sum: 0.0]
      [Code Root Scanning (ms): Min: 0.0, Avg: 0.0, Max: 0.1, Diff: 0.1, Sum: 0.1]
      [Object Copy (ms): Min: 0.1, Avg: 4.8, Max: 8.1, Diff: 8.0, Sum: 19.3]
      [Termination (ms): Min: 0.0, Avg: 3.6, Max: 4.9, Diff: 4.9, Sum: 14.5]
         [Termination Attempts: Min: 1, Avg: 1.2, Max: 2, Diff: 1, Sum: 5]
      [GC Worker Other (ms): Min: 0.0, Avg: 0.0, Max: 0.0, Diff: 0.0, Sum: 0.0]
      [GC Worker Total (ms): Min: 4.9, Avg: 9.4, Max: 12.4, Diff: 7.5, Sum: 37.8]
      [GC Worker End (ms): Min: 82728756.2, Avg: 82728756.2, Max: 82728756.3, Diff: 0.2]
   [Code Root Fixup: 0.0 ms]
   [Code Root Purge: 0.0 ms]
   [Clear CT: 0.3 ms]
   [Other: 1.1 ms]
      [Choose CSet: 0.0 ms]
      [Ref Proc: 0.6 ms]
      [Ref Enq: 0.0 ms]
      [Redirty Cards: 0.1 ms]
      [Humongous Register: 0.2 ms]
      [Humongous Reclaim: 0.0 ms]
      [Free CSet: 0.1 ms]
   [Eden: 46.0M(46.0M)->0.0B(46.0M) Survivors: 5120.0K->5120.0K Heap: 202.4M(1024.0M)->154.2M(1024.0M)]
 [Times: user=0.02 sys=0.00, real=0.02 secs] 
2020-04-16T17:55:20.118+0800: 82791.962: [GC pause (G1 Evacuation Pause) (young), 0.0094239 secs]
   [Parallel Time: 8.0 ms, GC Workers: 4]
      [GC Worker Start (ms): Min: 82791962.0, Avg: 82791962.2, Max: 82791962.5, Diff: 0.5]
      [Ext Root Scanning (ms): Min: 1.4, Avg: 1.6, Max: 1.8, Diff: 0.4, Sum: 6.5]
      [Update RS (ms): Min: 0.3, Avg: 0.5, Max: 0.7, Diff: 0.4, Sum: 2.0]
         [Processed Buffers: Min: 1, Avg: 8.5, Max: 28, Diff: 27, Sum: 34]
      [Scan RS (ms): Min: 0.0, Avg: 0.0, Max: 0.0, Diff: 0.0, Sum: 0.0]
      [Code Root Scanning (ms): Min: 0.0, Avg: 0.0, Max: 0.1, Diff: 0.1, Sum: 0.1]
      [Object Copy (ms): Min: 5.4, Avg: 5.6, Max: 5.7, Diff: 0.3, Sum: 22.3]
      [Termination (ms): Min: 0.0, Avg: 0.0, Max: 0.0, Diff: 0.0, Sum: 0.0]
         [Termination Attempts: Min: 1, Avg: 1.0, Max: 1, Diff: 0, Sum: 4]
      [GC Worker Other (ms): Min: 0.0, Avg: 0.0, Max: 0.0, Diff: 0.0, Sum: 0.1]
      [GC Worker Total (ms): Min: 7.5, Avg: 7.7, Max: 7.9, Diff: 0.5, Sum: 31.0]
      [GC Worker End (ms): Min: 82791970.0, Avg: 82791970.0, Max: 82791970.0, Diff: 0.0]
   [Code Root Fixup: 0.0 ms]
   [Code Root Purge: 0.0 ms]
   [Clear CT: 0.1 ms]
   [Other: 1.3 ms]
      [Choose CSet: 0.0 ms]
      [Ref Proc: 0.8 ms]
      [Ref Enq: 0.0 ms]
      [Redirty Cards: 0.0 ms]
      [Humongous Register: 0.1 ms]
      [Humongous Reclaim: 0.0 ms]
      [Free CSet: 0.1 ms]
   [Eden: 46.0M(46.0M)->0.0B(46.0M) Survivors: 5120.0K->5120.0K Heap: 200.2M(1024.0M)->154.6M(1024.0M)]
 [Times: user=0.03 sys=0.00, real=0.01 secs] 
2020-04-16T17:56:19.642+0800: 82851.485: [GC pause (G1 Evacuation Pause) (young), 0.0121902 secs]
   [Parallel Time: 8.3 ms, GC Workers: 4]
      [GC Worker Start (ms): Min: 82851485.4, Avg: 82851485.4, Max: 82851485.5, Diff: 0.1]
      [Ext Root Scanning (ms): Min: 0.5, Avg: 0.6, Max: 0.6, Diff: 0.1, Sum: 2.2]
      [Update RS (ms): Min: 0.3, Avg: 0.3, Max: 0.4, Diff: 0.1, Sum: 1.3]
         [Processed Buffers: Min: 1, Avg: 8.2, Max: 28, Diff: 27, Sum: 33]
      [Scan RS (ms): Min: 0.0, Avg: 0.0, Max: 0.0, Diff: 0.0, Sum: 0.0]
      [Code Root Scanning (ms): Min: 0.0, Avg: 0.0, Max: 0.0, Diff: 0.0, Sum: 0.0]
      [Object Copy (ms): Min: 6.6, Avg: 6.7, Max: 6.9, Diff: 0.4, Sum: 26.8]
      [Termination (ms): Min: 0.0, Avg: 0.4, Max: 0.7, Diff: 0.7, Sum: 1.8]
         [Termination Attempts: Min: 1, Avg: 1.0, Max: 1, Diff: 0, Sum: 4]
      [GC Worker Other (ms): Min: 0.0, Avg: 0.0, Max: 0.1, Diff: 0.1, Sum: 0.1]
      [GC Worker Total (ms): Min: 7.9, Avg: 8.1, Max: 8.3, Diff: 0.4, Sum: 32.3]
      [GC Worker End (ms): Min: 82851493.3, Avg: 82851493.5, Max: 82851493.7, Diff: 0.4]
   [Code Root Fixup: 0.1 ms]
   [Code Root Purge: 0.0 ms]
   [Clear CT: 0.1 ms]
   [Other: 3.7 ms]
      [Choose CSet: 0.0 ms]
      [Ref Proc: 2.7 ms]
      [Ref Enq: 0.0 ms]
      [Redirty Cards: 0.2 ms]
      [Humongous Register: 0.3 ms]
      [Humongous Reclaim: 0.0 ms]
      [Free CSet: 0.2 ms]
   [Eden: 46.0M(46.0M)->0.0B(46.0M) Survivors: 5120.0K->5120.0K Heap: 200.6M(1024.0M)->154.3M(1024.0M)]
 [Times: user=0.02 sys=0.00, real=0.01 secs] 
2020-04-16T17:57:23.944+0800: 82915.786: [GC pause (G1 Evacuation Pause) (young), 0.0064665 secs]
   [Parallel Time: 5.9 ms, GC Workers: 4]
      [GC Worker Start (ms): Min: 82915786.4, Avg: 82915786.4, Max: 82915786.4, Diff: 0.0]
      [Ext Root Scanning (ms): Min: 0.6, Avg: 0.7, Max: 0.7, Diff: 0.0, Sum: 2.7]
      [Update RS (ms): Min: 0.5, Avg: 0.8, Max: 1.5, Diff: 0.9, Sum: 3.3]
         [Processed Buffers: Min: 1, Avg: 8.5, Max: 27, Diff: 26, Sum: 34]
      [Scan RS (ms): Min: 0.0, Avg: 0.0, Max: 0.0, Diff: 0.0, Sum: 0.0]
      [Code Root Scanning (ms): Min: 0.0, Avg: 0.0, Max: 0.0, Diff: 0.0, Sum: 0.0]
      [Object Copy (ms): Min: 3.7, Avg: 4.3, Max: 4.6, Diff: 0.9, Sum: 17.3]
      [Termination (ms): Min: 0.0, Avg: 0.0, Max: 0.0, Diff: 0.0, Sum: 0.0]
         [Termination Attempts: Min: 1, Avg: 1.0, Max: 1, Diff: 0, Sum: 4]
      [GC Worker Other (ms): Min: 0.0, Avg: 0.0, Max: 0.0, Diff: 0.0, Sum: 0.1]
      [GC Worker Total (ms): Min: 5.8, Avg: 5.8, Max: 5.9, Diff: 0.0, Sum: 23.3]
      [GC Worker End (ms): Min: 82915792.3, Avg: 82915792.3, Max: 82915792.3, Diff: 0.0]
   [Code Root Fixup: 0.0 ms]
   [Code Root Purge: 0.0 ms]
   [Clear CT: 0.1 ms]
   [Other: 0.5 ms]
      [Choose CSet: 0.0 ms]
      [Ref Proc: 0.1 ms]
      [Ref Enq: 0.0 ms]
      [Redirty Cards: 0.1 ms]
      [Humongous Register: 0.0 ms]
      [Humongous Reclaim: 0.0 ms]
      [Free CSet: 0.0 ms]
   [Eden: 46.0M(46.0M)->0.0B(47.0M) Survivors: 5120.0K->4096.0K Heap: 200.3M(1024.0M)->153.8M(1024.0M)]
 [Times: user=0.02 sys=0.00, real=0.01 secs] 
2020-04-16T17:58:28.629+0800: 82980.470: [GC pause (G1 Evacuation Pause) (young), 0.0079743 secs]
   [Parallel Time: 7.3 ms, GC Workers: 4]
      [GC Worker Start (ms): Min: 82980469.8, Avg: 82980469.9, Max: 82980469.9, Diff: 0.1]
      [Ext Root Scanning (ms): Min: 0.8, Avg: 0.8, Max: 0.9, Diff: 0.1, Sum: 3.2]
      [Update RS (ms): Min: 0.4, Avg: 0.5, Max: 0.6, Diff: 0.2, Sum: 1.9]
         [Processed Buffers: Min: 1, Avg: 8.2, Max: 26, Diff: 25, Sum: 33]
      [Scan RS (ms): Min: 0.0, Avg: 0.0, Max: 0.0, Diff: 0.0, Sum: 0.0]
      [Code Root Scanning (ms): Min: 0.0, Avg: 0.0, Max: 0.0, Diff: 0.0, Sum: 0.0]
      [Object Copy (ms): Min: 5.1, Avg: 5.2, Max: 5.7, Diff: 0.6, Sum: 21.0]
      [Termination (ms): Min: 0.0, Avg: 0.6, Max: 0.8, Diff: 0.8, Sum: 2.4]
         [Termination Attempts: Min: 1, Avg: 1.0, Max: 1, Diff: 0, Sum: 4]
      [GC Worker Other (ms): Min: 0.0, Avg: 0.0, Max: 0.0, Diff: 0.0, Sum: 0.1]
      [GC Worker Total (ms): Min: 7.1, Avg: 7.2, Max: 7.2, Diff: 0.1, Sum: 28.6]
      [GC Worker End (ms): Min: 82980477.0, Avg: 82980477.0, Max: 82980477.1, Diff: 0.1]
   [Code Root Fixup: 0.0 ms]
   [Code Root Purge: 0.0 ms]
   [Clear CT: 0.1 ms]
   [Other: 0.6 ms]
      [Choose CSet: 0.0 ms]
      [Ref Proc: 0.2 ms]
      [Ref Enq: 0.0 ms]
      [Redirty Cards: 0.0 ms]
      [Humongous Register: 0.1 ms]
      [Humongous Reclaim: 0.0 ms]
      [Free CSet: 0.1 ms]
   [Eden: 47.0M(47.0M)->0.0B(46.0M) Survivors: 4096.0K->5120.0K Heap: 200.8M(1024.0M)->154.3M(1024.0M)]
 [Times: user=0.03 sys=0.01, real=0.02 secs] 
2020-04-16T17:59:32.323+0800: 83044.163: [GC pause (G1 Evacuation Pause) (young), 0.0128384 secs]
   [Parallel Time: 12.3 ms, GC Workers: 4]
      [GC Worker Start (ms): Min: 83044163.0, Avg: 83044163.0, Max: 83044163.1, Diff: 0.1]
      [Ext Root Scanning (ms): Min: 0.5, Avg: 0.6, Max: 0.7, Diff: 0.1, Sum: 2.4]
      [Update RS (ms): Min: 0.3, Avg: 0.4, Max: 0.4, Diff: 0.1, Sum: 1.5]
         [Processed Buffers: Min: 1, Avg: 8.5, Max: 24, Diff: 23, Sum: 34]
      [Scan RS (ms): Min: 0.0, Avg: 0.0, Max: 0.0, Diff: 0.0, Sum: 0.0]
      [Code Root Scanning (ms): Min: 0.0, Avg: 0.0, Max: 0.0, Diff: 0.0, Sum: 0.0]
      [Object Copy (ms): Min: 11.2, Avg: 11.2, Max: 11.3, Diff: 0.1, Sum: 44.9]
      [Termination (ms): Min: 0.0, Avg: 0.0, Max: 0.0, Diff: 0.0, Sum: 0.0]
         [Termination Attempts: Min: 1, Avg: 1.0, Max: 1, Diff: 0, Sum: 4]
      [GC Worker Other (ms): Min: 0.0, Avg: 0.0, Max: 0.0, Diff: 0.0, Sum: 0.1]
      [GC Worker Total (ms): Min: 12.2, Avg: 12.2, Max: 12.3, Diff: 0.0, Sum: 49.0]
      [GC Worker End (ms): Min: 83044175.3, Avg: 83044175.3, Max: 83044175.3, Diff: 0.0]
   [Code Root Fixup: 0.0 ms]
   [Code Root Purge: 0.0 ms]
   [Clear CT: 0.1 ms]
   [Other: 0.4 ms]
      [Choose CSet: 0.0 ms]
      [Ref Proc: 0.1 ms]
      [Ref Enq: 0.0 ms]
      [Redirty Cards: 0.0 ms]
      [Humongous Register: 0.0 ms]
      [Humongous Reclaim: 0.0 ms]
      [Free CSet: 0.0 ms]
   [Eden: 46.0M(46.0M)->0.0B(47.0M) Survivors: 5120.0K->4096.0K Heap: 200.3M(1024.0M)->154.2M(1024.0M)]
 [Times: user=0.02 sys=0.01, real=0.01 secs] 
2020-04-16T18:00:37.270+0800: 83109.110: [GC pause (G1 Evacuation Pause) (young), 0.0060828 secs]
   [Parallel Time: 4.9 ms, GC Workers: 4]
      [GC Worker Start (ms): Min: 83109109.6, Avg: 83109109.7, Max: 83109109.7, Diff: 0.0]
      [Ext Root Scanning (ms): Min: 0.4, Avg: 0.5, Max: 0.5, Diff: 0.1, Sum: 1.9]
      [Update RS (ms): Min: 0.7, Avg: 0.8, Max: 0.9, Diff: 0.2, Sum: 3.1]
         [Processed Buffers: Min: 3, Avg: 9.0, Max: 15, Diff: 12, Sum: 36]
      [Scan RS (ms): Min: 0.0, Avg: 0.0, Max: 0.0, Diff: 0.0, Sum: 0.0]
      [Code Root Scanning (ms): Min: 0.0, Avg: 0.0, Max: 0.0, Diff: 0.0, Sum: 0.0]
      [Object Copy (ms): Min: 3.3, Avg: 3.4, Max: 3.5, Diff: 0.2, Sum: 13.6]
      [Termination (ms): Min: 0.0, Avg: 0.2, Max: 0.2, Diff: 0.2, Sum: 0.6]
         [Termination Attempts: Min: 1, Avg: 1.0, Max: 1, Diff: 0, Sum: 4]
      [GC Worker Other (ms): Min: 0.0, Avg: 0.0, Max: 0.0, Diff: 0.0, Sum: 0.0]
      [GC Worker Total (ms): Min: 4.8, Avg: 4.8, Max: 4.9, Diff: 0.1, Sum: 19.4]
      [GC Worker End (ms): Min: 83109114.5, Avg: 83109114.5, Max: 83109114.5, Diff: 0.0]
   [Code Root Fixup: 0.0 ms]
   [Code Root Purge: 0.0 ms]
   [Clear CT: 0.1 ms]
   [Other: 1.1 ms]
      [Choose CSet: 0.0 ms]
      [Ref Proc: 0.8 ms]
      [Ref Enq: 0.0 ms]
      [Redirty Cards: 0.1 ms]
      [Humongous Register: 0.0 ms]
      [Humongous Reclaim: 0.0 ms]
      [Free CSet: 0.1 ms]
   [Eden: 47.0M(47.0M)->0.0B(46.0M) Survivors: 4096.0K->5120.0K Heap: 201.2M(1024.0M)->155.0M(1024.0M)]
 [Times: user=0.02 sys=0.00, real=0.01 secs] 
2020-04-16T18:01:40.658+0800: 83172.496: [GC pause (G1 Evacuation Pause) (young), 0.0060826 secs]
   [Parallel Time: 5.3 ms, GC Workers: 4]
      [GC Worker Start (ms): Min: 83172496.4, Avg: 83172496.4, Max: 83172496.4, Diff: 0.0]
      [Ext Root Scanning (ms): Min: 0.4, Avg: 0.4, Max: 0.5, Diff: 0.1, Sum: 1.8]
      [Update RS (ms): Min: 0.3, Avg: 0.3, Max: 0.5, Diff: 0.2, Sum: 1.4]
         [Processed Buffers: Min: 1, Avg: 9.0, Max: 22, Diff: 21, Sum: 36]
      [Scan RS (ms): Min: 0.0, Avg: 0.0, Max: 0.0, Diff: 0.0, Sum: 0.0]
      [Code Root Scanning (ms): Min: 0.0, Avg: 0.0, Max: 0.0, Diff: 0.0, Sum: 0.0]
      [Object Copy (ms): Min: 4.4, Avg: 4.5, Max: 4.5, Diff: 0.2, Sum: 17.8]
      [Termination (ms): Min: 0.0, Avg: 0.0, Max: 0.0, Diff: 0.0, Sum: 0.0]
         [Termination Attempts: Min: 1, Avg: 1.0, Max: 1, Diff: 0, Sum: 4]
      [GC Worker Other (ms): Min: 0.0, Avg: 0.0, Max: 0.0, Diff: 0.0, Sum: 0.1]
      [GC Worker Total (ms): Min: 5.3, Avg: 5.3, Max: 5.3, Diff: 0.0, Sum: 21.1]
      [GC Worker End (ms): Min: 83172501.7, Avg: 83172501.7, Max: 83172501.7, Diff: 0.0]
   [Code Root Fixup: 0.0 ms]
   [Code Root Purge: 0.0 ms]
   [Clear CT: 0.1 ms]
   [Other: 0.7 ms]
      [Choose CSet: 0.0 ms]
      [Ref Proc: 0.4 ms]
      [Ref Enq: 0.0 ms]
      [Redirty Cards: 0.0 ms]
      [Humongous Register: 0.0 ms]
      [Humongous Reclaim: 0.0 ms]
      [Free CSet: 0.0 ms]
   [Eden: 46.0M(46.0M)->0.0B(45.0M) Survivors: 5120.0K->6144.0K Heap: 201.0M(1024.0M)->156.3M(1024.0M)]
 [Times: user=0.02 sys=0.00, real=0.01 secs] 
2020-04-16T18:02:43.089+0800: 83234.927: [GC pause (G1 Evacuation Pause) (young), 0.0053921 secs]
   [Parallel Time: 4.8 ms, GC Workers: 4]
      [GC Worker Start (ms): Min: 83234926.8, Avg: 83234926.8, Max: 83234926.9, Diff: 0.1]
      [Ext Root Scanning (ms): Min: 0.5, Avg: 0.6, Max: 0.6, Diff: 0.1, Sum: 2.2]
      [Update RS (ms): Min: 0.3, Avg: 0.4, Max: 0.4, Diff: 0.1, Sum: 1.5]
         [Processed Buffers: Min: 1, Avg: 8.5, Max: 27, Diff: 26, Sum: 34]
      [Scan RS (ms): Min: 0.0, Avg: 0.0, Max: 0.0, Diff: 0.0, Sum: 0.0]
      [Code Root Scanning (ms): Min: 0.0, Avg: 0.0, Max: 0.0, Diff: 0.0, Sum: 0.0]
      [Object Copy (ms): Min: 3.7, Avg: 3.8, Max: 3.8, Diff: 0.1, Sum: 15.0]
      [Termination (ms): Min: 0.0, Avg: 0.0, Max: 0.0, Diff: 0.0, Sum: 0.0]
         [Termination Attempts: Min: 1, Avg: 1.0, Max: 1, Diff: 0, Sum: 4]
      [GC Worker Other (ms): Min: 0.0, Avg: 0.0, Max: 0.0, Diff: 0.0, Sum: 0.1]
      [GC Worker Total (ms): Min: 4.7, Avg: 4.7, Max: 4.7, Diff: 0.1, Sum: 18.8]
      [GC Worker End (ms): Min: 83234931.5, Avg: 83234931.5, Max: 83234931.5, Diff: 0.0]
   [Code Root Fixup: 0.0 ms]
   [Code Root Purge: 0.0 ms]
   [Clear CT: 0.1 ms]
   [Other: 0.5 ms]
      [Choose CSet: 0.0 ms]
      [Ref Proc: 0.1 ms]
      [Ref Enq: 0.0 ms]
      [Redirty Cards: 0.1 ms]
      [Humongous Register: 0.0 ms]
      [Humongous Reclaim: 0.0 ms]
      [Free CSet: 0.1 ms]
   [Eden: 45.0M(45.0M)->0.0B(46.0M) Survivors: 6144.0K->5120.0K Heap: 201.3M(1024.0M)->155.1M(1024.0M)]
 [Times: user=0.02 sys=0.00, real=0.01 secs] 
2020-04-16T18:03:46.627+0800: 83298.464: [GC pause (G1 Evacuation Pause) (young), 0.0064809 secs]
   [Parallel Time: 4.8 ms, GC Workers: 4]
      [GC Worker Start (ms): Min: 83298464.1, Avg: 83298464.1, Max: 83298464.2, Diff: 0.1]
      [Ext Root Scanning (ms): Min: 0.6, Avg: 0.6, Max: 0.7, Diff: 0.1, Sum: 2.5]
      [Update RS (ms): Min: 0.3, Avg: 0.4, Max: 0.5, Diff: 0.2, Sum: 1.7]
         [Processed Buffers: Min: 1, Avg: 9.0, Max: 31, Diff: 30, Sum: 36]
      [Scan RS (ms): Min: 0.0, Avg: 0.0, Max: 0.0, Diff: 0.0, Sum: 0.0]
      [Code Root Scanning (ms): Min: 0.0, Avg: 0.0, Max: 0.0, Diff: 0.0, Sum: 0.0]
      [Object Copy (ms): Min: 3.6, Avg: 3.7, Max: 3.8, Diff: 0.2, Sum: 14.6]
      [Termination (ms): Min: 0.0, Avg: 0.0, Max: 0.0, Diff: 0.0, Sum: 0.0]
         [Termination Attempts: Min: 1, Avg: 1.0, Max: 1, Diff: 0, Sum: 4]
      [GC Worker Other (ms): Min: 0.0, Avg: 0.0, Max: 0.0, Diff: 0.0, Sum: 0.0]
      [GC Worker Total (ms): Min: 4.7, Avg: 4.7, Max: 4.8, Diff: 0.1, Sum: 18.9]
      [GC Worker End (ms): Min: 83298468.9, Avg: 83298468.9, Max: 83298468.9, Diff: 0.0]
   [Code Root Fixup: 0.0 ms]
   [Code Root Purge: 0.0 ms]
   [Clear CT: 0.0 ms]
   [Other: 1.6 ms]
      [Choose CSet: 0.0 ms]
      [Ref Proc: 1.0 ms]
      [Ref Enq: 0.0 ms]
      [Redirty Cards: 0.0 ms]
      [Humongous Register: 0.2 ms]
      [Humongous Reclaim: 0.0 ms]
      [Free CSet: 0.1 ms]
   [Eden: 46.0M(46.0M)->0.0B(46.0M) Survivors: 5120.0K->5120.0K Heap: 201.1M(1024.0M)->155.1M(1024.0M)]
 [Times: user=0.02 sys=0.00, real=0.01 secs] 
2020-04-16T18:04:50.126+0800: 83361.961: [GC pause (G1 Evacuation Pause) (young), 0.0063506 secs]
   [Parallel Time: 5.7 ms, GC Workers: 4]
      [GC Worker Start (ms): Min: 83361961.5, Avg: 83361961.6, Max: 83361961.6, Diff: 0.0]
      [Ext Root Scanning (ms): Min: 0.6, Avg: 0.6, Max: 0.6, Diff: 0.1, Sum: 2.3]
      [Update RS (ms): Min: 0.3, Avg: 0.3, Max: 0.4, Diff: 0.2, Sum: 1.3]
         [Processed Buffers: Min: 1, Avg: 8.8, Max: 21, Diff: 20, Sum: 35]
      [Scan RS (ms): Min: 0.0, Avg: 0.0, Max: 0.0, Diff: 0.0, Sum: 0.0]
      [Code Root Scanning (ms): Min: 0.0, Avg: 0.0, Max: 0.0, Diff: 0.0, Sum: 0.0]
      [Object Copy (ms): Min: 4.6, Avg: 4.7, Max: 4.7, Diff: 0.1, Sum: 18.8]
      [Termination (ms): Min: 0.0, Avg: 0.0, Max: 0.0, Diff: 0.0, Sum: 0.0]
         [Termination Attempts: Min: 1, Avg: 1.0, Max: 1, Diff: 0, Sum: 4]
      [GC Worker Other (ms): Min: 0.0, Avg: 0.0, Max: 0.0, Diff: 0.0, Sum: 0.1]
      [GC Worker Total (ms): Min: 5.6, Avg: 5.6, Max: 5.7, Diff: 0.0, Sum: 22.5]
      [GC Worker End (ms): Min: 83361967.2, Avg: 83361967.2, Max: 83361967.2, Diff: 0.0]
   [Code Root Fixup: 0.0 ms]
   [Code Root Purge: 0.0 ms]
   [Clear CT: 0.1 ms]
   [Other: 0.6 ms]
      [Choose CSet: 0.0 ms]
      [Ref Proc: 0.1 ms]
      [Ref Enq: 0.0 ms]
      [Redirty Cards: 0.1 ms]
      [Humongous Register: 0.0 ms]
      [Humongous Reclaim: 0.0 ms]
      [Free CSet: 0.0 ms]
   [Eden: 46.0M(46.0M)->0.0B(47.0M) Survivors: 5120.0K->4096.0K Heap: 201.1M(1024.0M)->154.8M(1024.0M)]
 [Times: user=0.02 sys=0.00, real=0.01 secs] 
2020-04-16T18:05:55.074+0800: 83426.908: [GC pause (G1 Evacuation Pause) (young), 0.0095440 secs]
   [Parallel Time: 7.4 ms, GC Workers: 4]
      [GC Worker Start (ms): Min: 83426909.2, Avg: 83426909.2, Max: 83426909.2, Diff: 0.1]
      [Ext Root Scanning (ms): Min: 0.7, Avg: 0.7, Max: 0.7, Diff: 0.1, Sum: 2.7]
      [Update RS (ms): Min: 0.6, Avg: 0.8, Max: 1.1, Diff: 0.5, Sum: 3.1]
         [Processed Buffers: Min: 1, Avg: 9.5, Max: 23, Diff: 22, Sum: 38]
      [Scan RS (ms): Min: 0.0, Avg: 0.0, Max: 0.0, Diff: 0.0, Sum: 0.0]
      [Code Root Scanning (ms): Min: 0.0, Avg: 0.0, Max: 0.0, Diff: 0.0, Sum: 0.0]
      [Object Copy (ms): Min: 5.5, Avg: 5.8, Max: 5.9, Diff: 0.4, Sum: 23.1]
      [Termination (ms): Min: 0.0, Avg: 0.0, Max: 0.0, Diff: 0.0, Sum: 0.1]
         [Termination Attempts: Min: 1, Avg: 1.0, Max: 1, Diff: 0, Sum: 4]
      [GC Worker Other (ms): Min: 0.0, Avg: 0.0, Max: 0.0, Diff: 0.0, Sum: 0.1]
      [GC Worker Total (ms): Min: 7.3, Avg: 7.3, Max: 7.3, Diff: 0.0, Sum: 29.1]
      [GC Worker End (ms): Min: 83426916.5, Avg: 83426916.5, Max: 83426916.5, Diff: 0.0]
   [Code Root Fixup: 0.0 ms]
   [Code Root Purge: 0.0 ms]
   [Clear CT: 0.1 ms]
   [Other: 2.1 ms]
      [Choose CSet: 0.0 ms]
      [Ref Proc: 0.9 ms]
      [Ref Enq: 0.0 ms]
      [Redirty Cards: 0.0 ms]
      [Humongous Register: 0.8 ms]
      [Humongous Reclaim: 0.0 ms]
      [Free CSet: 0.1 ms]
   [Eden: 47.0M(47.0M)->0.0B(46.0M) Survivors: 4096.0K->5120.0K Heap: 201.8M(1024.0M)->155.6M(1024.0M)]
 [Times: user=0.03 sys=0.00, real=0.01 secs] 
2020-04-16T18:06:58.475+0800: 83490.309: [GC pause (G1 Evacuation Pause) (young), 0.0050203 secs]
   [Parallel Time: 4.5 ms, GC Workers: 4]
      [GC Worker Start (ms): Min: 83490309.0, Avg: 83490309.1, Max: 83490309.1, Diff: 0.1]
      [Ext Root Scanning (ms): Min: 0.6, Avg: 0.7, Max: 0.7, Diff: 0.1, Sum: 2.6]
      [Update RS (ms): Min: 0.2, Avg: 0.3, Max: 0.6, Diff: 0.3, Sum: 1.4]
         [Processed Buffers: Min: 2, Avg: 9.0, Max: 22, Diff: 20, Sum: 36]
      [Scan RS (ms): Min: 0.0, Avg: 0.0, Max: 0.0, Diff: 0.0, Sum: 0.0]
      [Code Root Scanning (ms): Min: 0.0, Avg: 0.0, Max: 0.0, Diff: 0.0, Sum: 0.0]
      [Object Copy (ms): Min: 3.2, Avg: 3.4, Max: 3.5, Diff: 0.3, Sum: 13.6]
      [Termination (ms): Min: 0.0, Avg: 0.0, Max: 0.0, Diff: 0.0, Sum: 0.0]
         [Termination Attempts: Min: 1, Avg: 1.0, Max: 1, Diff: 0, Sum: 4]
      [GC Worker Other (ms): Min: 0.0, Avg: 0.0, Max: 0.0, Diff: 0.0, Sum: 0.1]
      [GC Worker Total (ms): Min: 4.4, Avg: 4.4, Max: 4.5, Diff: 0.1, Sum: 17.7]
      [GC Worker End (ms): Min: 83490313.5, Avg: 83490313.5, Max: 83490313.5, Diff: 0.0]
   [Code Root Fixup: 0.0 ms]
   [Code Root Purge: 0.0 ms]
   [Clear CT: 0.1 ms]
   [Other: 0.4 ms]
      [Choose CSet: 0.0 ms]
      [Ref Proc: 0.1 ms]
      [Ref Enq: 0.0 ms]
      [Redirty Cards: 0.1 ms]
      [Humongous Register: 0.0 ms]
      [Humongous Reclaim: 0.0 ms]
      [Free CSet: 0.0 ms]
   [Eden: 46.0M(46.0M)->0.0B(103.0M) Survivors: 5120.0K->5120.0K Heap: 201.6M(1024.0M)->155.5M(1024.0M)]
 [Times: user=0.02 sys=0.00, real=0.01 secs] 
2020-04-16T18:09:20.251+0800: 83632.083: [GC pause (G1 Evacuation Pause) (young), 0.0078611 secs]
   [Parallel Time: 7.0 ms, GC Workers: 4]
      [GC Worker Start (ms): Min: 83632083.1, Avg: 83632083.2, Max: 83632083.3, Diff: 0.2]
      [Ext Root Scanning (ms): Min: 0.6, Avg: 0.6, Max: 0.7, Diff: 0.2, Sum: 2.6]
      [Update RS (ms): Min: 0.1, Avg: 0.4, Max: 0.9, Diff: 0.7, Sum: 1.6]
         [Processed Buffers: Min: 1, Avg: 8.8, Max: 24, Diff: 23, Sum: 35]
      [Scan RS (ms): Min: 0.0, Avg: 0.0, Max: 0.0, Diff: 0.0, Sum: 0.1]
      [Code Root Scanning (ms): Min: 0.0, Avg: 0.0, Max: 0.0, Diff: 0.0, Sum: 0.0]
      [Object Copy (ms): Min: 5.4, Avg: 5.8, Max: 5.9, Diff: 0.5, Sum: 23.1]
      [Termination (ms): Min: 0.0, Avg: 0.0, Max: 0.0, Diff: 0.0, Sum: 0.0]
         [Termination Attempts: Min: 1, Avg: 1.0, Max: 1, Diff: 0, Sum: 4]
      [GC Worker Other (ms): Min: 0.0, Avg: 0.0, Max: 0.0, Diff: 0.0, Sum: 0.1]
      [GC Worker Total (ms): Min: 6.8, Avg: 6.9, Max: 7.0, Diff: 0.2, Sum: 27.5]
      [GC Worker End (ms): Min: 83632090.1, Avg: 83632090.1, Max: 83632090.1, Diff: 0.0]
   [Code Root Fixup: 0.0 ms]
   [Code Root Purge: 0.0 ms]
   [Clear CT: 0.1 ms]
   [Other: 0.8 ms]
      [Choose CSet: 0.0 ms]
      [Ref Proc: 0.1 ms]
      [Ref Enq: 0.0 ms]
      [Redirty Cards: 0.0 ms]
      [Humongous Register: 0.1 ms]
      [Humongous Reclaim: 0.0 ms]
      [Free CSet: 0.1 ms]
   [Eden: 103.0M(103.0M)->0.0B(181.0M) Survivors: 5120.0K->5120.0K Heap: 258.5M(1024.0M)->155.7M(1024.0M)]
 [Times: user=0.02 sys=0.01, real=0.01 secs] 
2020-04-16T18:13:29.642+0800: 83881.470: [GC pause (G1 Evacuation Pause) (young), 0.0145764 secs]
   [Parallel Time: 13.4 ms, GC Workers: 4]
      [GC Worker Start (ms): Min: 83881470.5, Avg: 83881470.5, Max: 83881470.6, Diff: 0.1]
      [Ext Root Scanning (ms): Min: 0.8, Avg: 0.9, Max: 0.9, Diff: 0.1, Sum: 3.4]
      [Update RS (ms): Min: 0.5, Avg: 0.8, Max: 1.3, Diff: 0.8, Sum: 3.4]
         [Processed Buffers: Min: 2, Avg: 9.5, Max: 17, Diff: 15, Sum: 38]
      [Scan RS (ms): Min: 0.0, Avg: 0.0, Max: 0.1, Diff: 0.1, Sum: 0.1]
      [Code Root Scanning (ms): Min: 0.0, Avg: 0.0, Max: 0.0, Diff: 0.0, Sum: 0.0]
      [Object Copy (ms): Min: 10.8, Avg: 11.3, Max: 11.6, Diff: 0.8, Sum: 45.2]
      [Termination (ms): Min: 0.0, Avg: 0.1, Max: 0.2, Diff: 0.2, Sum: 0.6]
         [Termination Attempts: Min: 1, Avg: 1.0, Max: 1, Diff: 0, Sum: 4]
      [GC Worker Other (ms): Min: 0.0, Avg: 0.0, Max: 0.0, Diff: 0.0, Sum: 0.1]
      [GC Worker Total (ms): Min: 13.2, Avg: 13.2, Max: 13.2, Diff: 0.1, Sum: 52.9]
      [GC Worker End (ms): Min: 83881483.7, Avg: 83881483.8, Max: 83881483.8, Diff: 0.1]
   [Code Root Fixup: 0.0 ms]
   [Code Root Purge: 0.0 ms]
   [Clear CT: 0.1 ms]
   [Other: 1.2 ms]
      [Choose CSet: 0.0 ms]
      [Ref Proc: 0.3 ms]
      [Ref Enq: 0.0 ms]
      [Redirty Cards: 0.0 ms]
      [Humongous Register: 0.4 ms]
      [Humongous Reclaim: 0.0 ms]
      [Free CSet: 0.2 ms]
   [Eden: 181.0M(181.0M)->0.0B(219.0M) Survivors: 5120.0K->5120.0K Heap: 336.7M(1024.0M)->155.5M(1024.0M)]
 [Times: user=0.02 sys=0.01, real=0.01 secs] 
2020-04-16T18:18:32.089+0800: 84183.912: [GC pause (G1 Evacuation Pause) (young), 0.0156123 secs]
   [Parallel Time: 14.1 ms, GC Workers: 4]
      [GC Worker Start (ms): Min: 84183912.9, Avg: 84183913.1, Max: 84183913.3, Diff: 0.4]
      [Ext Root Scanning (ms): Min: 2.9, Avg: 3.3, Max: 3.6, Diff: 0.7, Sum: 13.3]
      [Update RS (ms): Min: 0.3, Avg: 0.8, Max: 1.2, Diff: 1.0, Sum: 3.0]
         [Processed Buffers: Min: 4, Avg: 9.5, Max: 23, Diff: 19, Sum: 38]
      [Scan RS (ms): Min: 0.0, Avg: 0.1, Max: 0.1, Diff: 0.1, Sum: 0.2]
      [Code Root Scanning (ms): Min: 0.0, Avg: 0.0, Max: 0.0, Diff: 0.0, Sum: 0.0]
      [Object Copy (ms): Min: 8.7, Avg: 9.0, Max: 9.3, Diff: 0.7, Sum: 36.0]
      [Termination (ms): Min: 0.0, Avg: 0.5, Max: 0.6, Diff: 0.6, Sum: 1.8]
         [Termination Attempts: Min: 1, Avg: 1.2, Max: 2, Diff: 1, Sum: 5]
      [GC Worker Other (ms): Min: 0.0, Avg: 0.0, Max: 0.1, Diff: 0.1, Sum: 0.1]
      [GC Worker Total (ms): Min: 13.4, Avg: 13.6, Max: 13.8, Diff: 0.4, Sum: 54.5]
      [GC Worker End (ms): Min: 84183926.7, Avg: 84183926.7, Max: 84183926.7, Diff: 0.0]
   [Code Root Fixup: 0.0 ms]
   [Code Root Purge: 0.0 ms]
   [Clear CT: 0.2 ms]
   [Other: 1.3 ms]
      [Choose CSet: 0.0 ms]
      [Ref Proc: 0.2 ms]
      [Ref Enq: 0.0 ms]
      [Redirty Cards: 0.1 ms]
      [Humongous Register: 0.4 ms]
      [Humongous Reclaim: 0.0 ms]
      [Free CSet: 0.3 ms]
   [Eden: 219.0M(219.0M)->0.0B(241.0M) Survivors: 5120.0K->5120.0K Heap: 374.5M(1024.0M)->155.7M(1024.0M)]
 [Times: user=0.02 sys=0.01, real=0.03 secs] 
2020-04-16T18:23:59.888+0800: 84511.707: [GC pause (G1 Evacuation Pause) (young), 0.0142860 secs]
   [Parallel Time: 13.6 ms, GC Workers: 4]
      [GC Worker Start (ms): Min: 84511707.1, Avg: 84511707.1, Max: 84511707.1, Diff: 0.0]
      [Ext Root Scanning (ms): Min: 1.1, Avg: 1.3, Max: 1.7, Diff: 0.6, Sum: 5.2]
      [Update RS (ms): Min: 0.2, Avg: 1.2, Max: 2.2, Diff: 2.0, Sum: 4.7]
         [Processed Buffers: Min: 1, Avg: 9.8, Max: 22, Diff: 21, Sum: 39]
      [Scan RS (ms): Min: 0.0, Avg: 0.0, Max: 0.1, Diff: 0.1, Sum: 0.2]
      [Code Root Scanning (ms): Min: 0.0, Avg: 0.2, Max: 0.9, Diff: 0.9, Sum: 0.9]
      [Object Copy (ms): Min: 10.2, Avg: 10.7, Max: 11.5, Diff: 1.4, Sum: 43.0]
      [Termination (ms): Min: 0.0, Avg: 0.0, Max: 0.0, Diff: 0.0, Sum: 0.0]
         [Termination Attempts: Min: 1, Avg: 1.0, Max: 1, Diff: 0, Sum: 4]
      [GC Worker Other (ms): Min: 0.0, Avg: 0.0, Max: 0.0, Diff: 0.0, Sum: 0.1]
      [GC Worker Total (ms): Min: 13.5, Avg: 13.5, Max: 13.6, Diff: 0.0, Sum: 54.1]
      [GC Worker End (ms): Min: 84511720.6, Avg: 84511720.6, Max: 84511720.7, Diff: 0.0]
   [Code Root Fixup: 0.0 ms]
   [Code Root Purge: 0.0 ms]
   [Clear CT: 0.1 ms]
   [Other: 0.6 ms]
      [Choose CSet: 0.0 ms]
      [Ref Proc: 0.2 ms]
      [Ref Enq: 0.0 ms]
      [Redirty Cards: 0.0 ms]
      [Humongous Register: 0.1 ms]
      [Humongous Reclaim: 0.0 ms]
      [Free CSet: 0.1 ms]
   [Eden: 241.0M(241.0M)->0.0B(304.0M) Survivors: 5120.0K->5120.0K Heap: 396.7M(1024.0M)->155.7M(1024.0M)]
 [Times: user=0.02 sys=0.01, real=0.02 secs] 
2020-04-16T18:30:57.692+0800: 84929.504: [GC pause (G1 Evacuation Pause) (young), 0.0111707 secs]
   [Parallel Time: 10.5 ms, GC Workers: 4]
      [GC Worker Start (ms): Min: 84929504.5, Avg: 84929504.5, Max: 84929504.5, Diff: 0.0]
      [Ext Root Scanning (ms): Min: 0.6, Avg: 0.6, Max: 0.6, Diff: 0.1, Sum: 2.4]
      [Update RS (ms): Min: 0.5, Avg: 0.6, Max: 0.8, Diff: 0.3, Sum: 2.6]
         [Processed Buffers: Min: 1, Avg: 9.0, Max: 19, Diff: 18, Sum: 36]
      [Scan RS (ms): Min: 0.0, Avg: 0.1, Max: 0.1, Diff: 0.1, Sum: 0.2]
      [Code Root Scanning (ms): Min: 0.0, Avg: 0.0, Max: 0.0, Diff: 0.0, Sum: 0.0]
      [Object Copy (ms): Min: 9.0, Avg: 9.1, Max: 9.2, Diff: 0.2, Sum: 36.4]
      [Termination (ms): Min: 0.0, Avg: 0.0, Max: 0.0, Diff: 0.0, Sum: 0.0]
         [Termination Attempts: Min: 1, Avg: 1.0, Max: 1, Diff: 0, Sum: 4]
      [GC Worker Other (ms): Min: 0.0, Avg: 0.0, Max: 0.1, Diff: 0.0, Sum: 0.1]
      [GC Worker Total (ms): Min: 10.4, Avg: 10.4, Max: 10.5, Diff: 0.0, Sum: 41.8]
      [GC Worker End (ms): Min: 84929514.9, Avg: 84929514.9, Max: 84929514.9, Diff: 0.0]
   [Code Root Fixup: 0.0 ms]
   [Code Root Purge: 0.0 ms]
   [Clear CT: 0.1 ms]
   [Other: 0.5 ms]
      [Choose CSet: 0.0 ms]
      [Ref Proc: 0.1 ms]
      [Ref Enq: 0.0 ms]
      [Redirty Cards: 0.0 ms]
      [Humongous Register: 0.0 ms]
      [Humongous Reclaim: 0.0 ms]
      [Free CSet: 0.1 ms]
   [Eden: 304.0M(304.0M)->0.0B(430.0M) Survivors: 5120.0K->5120.0K Heap: 459.7M(1024.0M)->155.7M(1024.0M)]
 [Times: user=0.02 sys=0.01, real=0.01 secs] 
2020-04-16T18:40:52.745+0800: 85524.548: [GC pause (G1 Evacuation Pause) (young), 0.0118885 secs]
   [Parallel Time: 10.1 ms, GC Workers: 4]
      [GC Worker Start (ms): Min: 85524548.5, Avg: 85524548.6, Max: 85524548.6, Diff: 0.1]
      [Ext Root Scanning (ms): Min: 0.5, Avg: 0.7, Max: 0.8, Diff: 0.3, Sum: 2.7]
      [Update RS (ms): Min: 0.7, Avg: 0.8, Max: 1.0, Diff: 0.3, Sum: 3.2]
         [Processed Buffers: Min: 2, Avg: 10.0, Max: 32, Diff: 30, Sum: 40]
      [Scan RS (ms): Min: 0.0, Avg: 0.1, Max: 0.1, Diff: 0.1, Sum: 0.3]
      [Code Root Scanning (ms): Min: 0.0, Avg: 0.0, Max: 0.0, Diff: 0.0, Sum: 0.0]
      [Object Copy (ms): Min: 8.0, Avg: 8.1, Max: 8.3, Diff: 0.4, Sum: 32.4]
      [Termination (ms): Min: 0.0, Avg: 0.2, Max: 0.2, Diff: 0.2, Sum: 0.6]
         [Termination Attempts: Min: 1, Avg: 1.0, Max: 1, Diff: 0, Sum: 4]
      [GC Worker Other (ms): Min: 0.0, Avg: 0.1, Max: 0.2, Diff: 0.2, Sum: 0.2]
      [GC Worker Total (ms): Min: 9.8, Avg: 9.9, Max: 9.9, Diff: 0.2, Sum: 39.5]
      [GC Worker End (ms): Min: 85524558.4, Avg: 85524558.4, Max: 85524558.5, Diff: 0.1]
   [Code Root Fixup: 0.0 ms]
   [Code Root Purge: 0.0 ms]
   [Clear CT: 0.3 ms]
   [Other: 1.5 ms]
      [Choose CSet: 0.0 ms]
      [Ref Proc: 0.6 ms]
      [Ref Enq: 0.0 ms]
      [Redirty Cards: 0.1 ms]
      [Humongous Register: 0.1 ms]
      [Humongous Reclaim: 0.0 ms]
      [Free CSet: 0.5 ms]
   [Eden: 430.0M(430.0M)->0.0B(609.0M) Survivors: 5120.0K->5120.0K Heap: 585.7M(1024.0M)->155.7M(1024.0M)]
 [Times: user=0.02 sys=0.01, real=0.02 secs] 
2020-04-16T18:54:55.355+0800: 86367.147: [GC pause (G1 Evacuation Pause) (young), 0.0096375 secs]
   [Parallel Time: 8.6 ms, GC Workers: 4]
      [GC Worker Start (ms): Min: 86367146.8, Avg: 86367146.8, Max: 86367146.8, Diff: 0.1]
      [Ext Root Scanning (ms): Min: 0.5, Avg: 0.5, Max: 0.6, Diff: 0.1, Sum: 2.1]
      [Update RS (ms): Min: 0.7, Avg: 0.8, Max: 1.0, Diff: 0.3, Sum: 3.2]
         [Processed Buffers: Min: 2, Avg: 10.2, Max: 19, Diff: 17, Sum: 41]
      [Scan RS (ms): Min: 0.0, Avg: 0.1, Max: 0.2, Diff: 0.2, Sum: 0.4]
      [Code Root Scanning (ms): Min: 0.0, Avg: 0.0, Max: 0.0, Diff: 0.0, Sum: 0.1]
      [Object Copy (ms): Min: 7.0, Avg: 7.1, Max: 7.1, Diff: 0.1, Sum: 28.3]
      [Termination (ms): Min: 0.0, Avg: 0.0, Max: 0.0, Diff: 0.0, Sum: 0.0]
         [Termination Attempts: Min: 1, Avg: 1.0, Max: 1, Diff: 0, Sum: 4]
      [GC Worker Other (ms): Min: 0.0, Avg: 0.0, Max: 0.0, Diff: 0.0, Sum: 0.1]
      [GC Worker Total (ms): Min: 8.5, Avg: 8.5, Max: 8.6, Diff: 0.0, Sum: 34.1]
      [GC Worker End (ms): Min: 86367155.4, Avg: 86367155.4, Max: 86367155.4, Diff: 0.0]
   [Code Root Fixup: 0.0 ms]
   [Code Root Purge: 0.0 ms]
   [Clear CT: 0.1 ms]
   [Other: 0.9 ms]
      [Choose CSet: 0.0 ms]
      [Ref Proc: 0.2 ms]
      [Ref Enq: 0.0 ms]
      [Redirty Cards: 0.0 ms]
      [Humongous Register: 0.0 ms]
      [Humongous Reclaim: 0.0 ms]
      [Free CSet: 0.4 ms]
   [Eden: 609.0M(609.0M)->0.0B(609.0M) Survivors: 5120.0K->5120.0K Heap: 764.7M(1024.0M)->155.7M(1024.0M)]
 [Times: user=0.03 sys=0.01, real=0.02 secs] 
2020-04-16T19:08:50.944+0800: 87202.723: [GC pause (G1 Evacuation Pause) (young), 0.0177764 secs]
   [Parallel Time: 14.4 ms, GC Workers: 4]
      [GC Worker Start (ms): Min: 87202724.9, Avg: 87202725.0, Max: 87202725.1, Diff: 0.3]
      [Ext Root Scanning (ms): Min: 3.4, Avg: 4.4, Max: 7.3, Diff: 4.0, Sum: 17.7]
      [Update RS (ms): Min: 0.0, Avg: 1.9, Max: 2.6, Diff: 2.6, Sum: 7.6]
         [Processed Buffers: Min: 0, Avg: 9.8, Max: 26, Diff: 26, Sum: 39]
      [Scan RS (ms): Min: 0.0, Avg: 0.1, Max: 0.2, Diff: 0.2, Sum: 0.4]
      [Code Root Scanning (ms): Min: 0.0, Avg: 0.0, Max: 0.0, Diff: 0.0, Sum: 0.1]
      [Object Copy (ms): Min: 6.2, Avg: 7.1, Max: 7.8, Diff: 1.6, Sum: 28.4]
      [Termination (ms): Min: 0.0, Avg: 0.5, Max: 1.0, Diff: 1.0, Sum: 2.2]
         [Termination Attempts: Min: 1, Avg: 1.0, Max: 1, Diff: 0, Sum: 4]
      [GC Worker Other (ms): Min: 0.0, Avg: 0.0, Max: 0.1, Diff: 0.0, Sum: 0.2]
      [GC Worker Total (ms): Min: 14.0, Avg: 14.1, Max: 14.3, Diff: 0.3, Sum: 56.5]
      [GC Worker End (ms): Min: 87202739.1, Avg: 87202739.2, Max: 87202739.2, Diff: 0.1]
   [Code Root Fixup: 0.0 ms]
   [Code Root Purge: 0.0 ms]
   [Clear CT: 0.2 ms]
   [Other: 3.2 ms]
      [Choose CSet: 0.0 ms]
      [Ref Proc: 1.1 ms]
      [Ref Enq: 0.0 ms]
      [Redirty Cards: 0.0 ms]
      [Humongous Register: 1.0 ms]
      [Humongous Reclaim: 0.0 ms]
      [Free CSet: 0.5 ms]
   [Eden: 609.0M(609.0M)->0.0B(609.0M) Survivors: 5120.0K->5120.0K Heap: 764.7M(1024.0M)->156.2M(1024.0M)]
 [Times: user=0.04 sys=0.02, real=0.02 secs] 
2020-04-16T19:22:50.112+0800: 88041.879: [GC pause (G1 Evacuation Pause) (young), 0.0225332 secs]
   [Parallel Time: 19.7 ms, GC Workers: 4]
      [GC Worker Start (ms): Min: 88041880.6, Avg: 88041880.7, Max: 88041880.8, Diff: 0.2]
      [Ext Root Scanning (ms): Min: 4.2, Avg: 5.2, Max: 7.9, Diff: 3.8, Sum: 20.6]
      [Update RS (ms): Min: 0.0, Avg: 1.9, Max: 2.5, Diff: 2.5, Sum: 7.4]
         [Processed Buffers: Min: 0, Avg: 10.2, Max: 31, Diff: 31, Sum: 41]
      [Scan RS (ms): Min: 0.0, Avg: 0.1, Max: 0.2, Diff: 0.1, Sum: 0.5]
      [Code Root Scanning (ms): Min: 0.0, Avg: 0.0, Max: 0.0, Diff: 0.0, Sum: 0.1]
      [Object Copy (ms): Min: 10.4, Avg: 10.7, Max: 11.4, Diff: 1.1, Sum: 42.7]
      [Termination (ms): Min: 0.0, Avg: 1.5, Max: 2.1, Diff: 2.1, Sum: 6.2]
         [Termination Attempts: Min: 1, Avg: 1.0, Max: 1, Diff: 0, Sum: 4]
      [GC Worker Other (ms): Min: 0.0, Avg: 0.1, Max: 0.1, Diff: 0.1, Sum: 0.3]
      [GC Worker Total (ms): Min: 19.3, Avg: 19.4, Max: 19.5, Diff: 0.2, Sum: 77.7]
      [GC Worker End (ms): Min: 88041900.1, Avg: 88041900.2, Max: 88041900.2, Diff: 0.1]
   [Code Root Fixup: 0.0 ms]
   [Code Root Purge: 0.0 ms]
   [Clear CT: 0.2 ms]
   [Other: 2.7 ms]
      [Choose CSet: 0.0 ms]
      [Ref Proc: 0.2 ms]
      [Ref Enq: 0.0 ms]
      [Redirty Cards: 0.0 ms]
      [Humongous Register: 1.0 ms]
      [Humongous Reclaim: 0.0 ms]
      [Free CSet: 0.7 ms]
   [Eden: 609.0M(609.0M)->0.0B(609.0M) Survivors: 5120.0K->5120.0K Heap: 765.2M(1024.0M)->156.2M(1024.0M)]
 [Times: user=0.04 sys=0.04, real=0.02 secs] 
